BL51 BANKED LINKER/LOCATER V6.22                                                        11/13/2013  12:59:55  PAGE 1


BL51 BANKED LINKER/LOCATER V6.22, INVOKED BY:
C:\KEIL\C51\BIN\BL51.EXE scs_210_tpg262.obj, .\mscbmain.obj, .\mscbutil.obj TO scs_210_tpg262 RAMSIZE (256) DISABLEWARNI
>> NG (16) CODE (?PR?UPGRADE?MSCBMAIN (0X7000))


MEMORY MODEL: SMALL WITH FLOATING POINT ARITHMETIC


INPUT MODULES INCLUDED:
  scs_210_tpg262.obj (SCS_210_TPG262)
  .\mscbmain.obj (MSCBMAIN)
  .\mscbutil.obj (MSCBUTIL)
  C:\KEIL\C51\LIB\C51FPS.LIB (PRINTF)
  C:\KEIL\C51\LIB\C51FPS.LIB (ATOF)
  C:\KEIL\C51\LIB\C51FPS.LIB (?C?FPROUND)
  C:\KEIL\C51\LIB\C51FPS.LIB (?C?FPCONVERT)
  C:\KEIL\C51\LIB\C51FPS.LIB (?C?ATOF)
  C:\KEIL\C51\LIB\C51FPS.LIB (?C?FPGETOPN)
  C:\KEIL\C51\LIB\C51FPS.LIB (?C?FPADD)
  C:\KEIL\C51\LIB\C51FPS.LIB (?C?FPMUL)
  C:\KEIL\C51\LIB\C51FPS.LIB (?C?FPDIV)
  C:\KEIL\C51\LIB\C51FPS.LIB (?C?FPNEG)
  C:\KEIL\C51\LIB\C51FPS.LIB (?C?FCAST)
  C:\KEIL\C51\LIB\C51FPS.LIB (?C?FTNPWR)
  C:\KEIL\C51\LIB\C51S.LIB (?C_STARTUP)
  C:\KEIL\C51\LIB\C51S.LIB (?C?CLDPTR)
  C:\KEIL\C51\LIB\C51S.LIB (?C?CLDOPTR)
  C:\KEIL\C51\LIB\C51S.LIB (?C?CSTPTR)
  C:\KEIL\C51\LIB\C51S.LIB (?C?CSTOPTR)
  C:\KEIL\C51\LIB\C51S.LIB (?C?IMUL)
  C:\KEIL\C51\LIB\C51S.LIB (?C?SIDIV)
  C:\KEIL\C51\LIB\C51S.LIB (?C?ILDIX)
  C:\KEIL\C51\LIB\C51S.LIB (?C?ILDPTR)
  C:\KEIL\C51\LIB\C51S.LIB (?C?IILDPTR)
  C:\KEIL\C51\LIB\C51S.LIB (?C?LNEG)
  C:\KEIL\C51\LIB\C51S.LIB (?C?ULCMP)
  C:\KEIL\C51\LIB\C51S.LIB (?C?LLDIDATA0)
  C:\KEIL\C51\LIB\C51S.LIB (?C?LSTIDATA)
  C:\KEIL\C51\LIB\C51S.LIB (?C?LSTXDATA)
  C:\KEIL\C51\LIB\C51S.LIB (?C?LSTKXDATA)
  C:\KEIL\C51\LIB\C51S.LIB (?C?PLDIIDATA)
  C:\KEIL\C51\LIB\C51S.LIB (?C?PLDOPTR)
  C:\KEIL\C51\LIB\C51S.LIB (?C?CCASE)
  C:\KEIL\C51\LIB\C51S.LIB (?C_IBP)
  C:\KEIL\C51\LIB\C51S.LIB (ISSPACE)
  C:\KEIL\C51\LIB\C51S.LIB (STRNCPY)
  C:\KEIL\C51\LIB\C51S.LIB (?C?MEMSET)
  C:\KEIL\C51\LIB\C51S.LIB (?C_INIT)
  C:\KEIL\C51\LIB\C51S.LIB (?C?UIDIV)
  C:\KEIL\C51\LIB\C51S.LIB (?C?IILDX)
  C:\KEIL\C51\LIB\C51S.LIB (?C?PLDIDATA)
  C:\KEIL\C51\LIB\C51S.LIB (?C?PLDXDATA)
  C:\KEIL\C51\LIB\C51S.LIB (?C?PLDPDATA)
  C:\KEIL\C51\LIB\C51S.LIB (?C?PLDCODE)


LINK MAP OF MODULE:  scs_210_tpg262 (SCS_210_TPG262)

BL51 BANKED LINKER/LOCATER V6.22                                                      11/13/2013  12:59:55  PAGE 2



            TYPE    BASE      LENGTH    RELOCATION   SEGMENT NAME
            -----------------------------------------------------

            * * * * * * *   D A T A   M E M O R Y   * * * * * * *
            REG     0000H     0008H     ABSOLUTE     "REG BANK 0"
            DATA    0008H     0007H     UNIT         ?DT?SCS_210_TPG262
            DATA    000FH     0004H     UNIT         ?DT?NAN?MSCBUTIL
            DATA    0013H     0004H     UNIT         ?DT?_DELAY_MS?MSCBUTIL
            DATA    0017H     0004H     UNIT         ?DT?_DELAY_US?MSCBUTIL
            DATA    001BH     0001H     UNIT         ?C?LIB_DATA
            IDATA   001CH     0003H     UNIT         ?ID?MSCBUTIL
            IDATA   001FH     0001H     UNIT         ?ID?GETCHAR?MSCBUTIL
            DATA    0020H     0001H     BIT_ADDR     ?BA?MSCBMAIN
            BIT     0021H.0   0001H.1   UNIT         _BIT_GROUP_
            BIT     0022H.1   0000H.7   UNIT         ?BI?MSCBMAIN
            BIT     0023H.0   0000H.2   UNIT         ?BI?MSCBUTIL
            BIT     0023H.2   0000H.1   UNIT         ?BI?SCS_210_TPG262
                    0023H.3   0000H.5                *** GAP ***
            DATA    0024H     0035H     UNIT         _DATA_GROUP_
            IDATA   0059H     0020H     UNIT         ?ID?MSCBMAIN
                    0079H     0007H                  *** GAP ***
            IDATA   0080H     0001H     ABSOLUTE     
            IDATA   0081H     0001H     ABSOLUTE     
            IDATA   0082H     0035H     UNIT         _IDATA_GROUP_
            IDATA   00B7H     000AH     UNIT         ?ID?SCS_210_TPG262
            IDATA   00C1H     0001H     UNIT         ?STACK

            * * * * * * *  X D A T A   M E M O R Y  * * * * * * *
            XDATA   0000H     0C19H     UNIT         ?XD?MSCBUTIL
            XDATA   0C19H     0140H     UNIT         ?XD?MSCBMAIN

            * * * * * * *   C O D E   M E M O R Y   * * * * * * *
            CODE    0000H     0003H     ABSOLUTE     
            CODE    0003H     0006H     UNIT         ?CO?MSCBMAIN
                    0009H     0002H                  *** GAP ***
            CODE    000BH     0003H     ABSOLUTE     
            CODE    000EH     0013H     UNIT         ?PR?NAN?MSCBUTIL
                    0021H     0002H                  *** GAP ***
            CODE    0023H     0003H     ABSOLUTE     
            CODE    0026H     007CH     UNIT         ?PR?USER_LOOP?SCS_210_TPG262
                    00A2H     0001H                  *** GAP ***
            CODE    00A3H     0003H     ABSOLUTE     
            CODE    00A6H     0B3CH     UNIT         ?PR?INTERPRETE?MSCBMAIN
            CODE    0BE2H     07ADH     UNIT         ?C?LIB_CODE
            CODE    138FH     046FH     UNIT         ?PR?PRINTF?PRINTF
            CODE    17FEH     0300H     UNIT         ?PR?SETUP?MSCBMAIN
            CODE    1AFEH     0152H     UNIT         ?PR?SERIAL_INT?MSCBMAIN
            CODE    1C50H     011AH     UNIT         ?PR?_EEPROM_RETRIEVE?MSCBUTIL
            CODE    1D6AH     0114H     UNIT         ?CO?MSCBUTIL
            CODE    1E7EH     0100H     UNIT         ?PR?_?LED_INT?MSCBUTIL
            CODE    1F7EH     00E6H     UNIT         ?PR??C?ATOF??C?ATOF
            CODE    2064H     00E1H     UNIT         ?PR?EEPROM_FLASH?MSCBUTIL
            CODE    2145H     00A5H     UNIT         ?PR?TIMER0_INT?MSCBUTIL
            CODE    21EAH     009EH     UNIT         ?PR?_EEPROM_WRITE?MSCBUTIL
            CODE    2288H     009CH     UNIT         ?PR?_GETS_WAIT?MSCBUTIL
            CODE    2324H     0096H     UNIT         ?PR?_?CRC8?MSCBUTIL
BL51 BANKED LINKER/LOCATER V6.22                                                      11/13/2013  12:59:55  PAGE 3


            CODE    23BAH     0090H     UNIT         ?PR?_?LED_BLINK?MSCBUTIL
            CODE    244AH     008CH     UNIT         ?C_C51STARTUP
            CODE    24D6H     0082H     UNIT         ?PR?SERIAL_INT1?MSCBUTIL
            CODE    2558H     0072H     UNIT         ?PR?_?LED_SET?MSCBUTIL
            CODE    25CAH     0070H     UNIT         ?PR?_ADDR_NODE16?MSCBMAIN
            CODE    263AH     006EH     UNIT         ?PR?YIELD?MSCBMAIN
            CODE    26A8H     006AH     UNIT         ?PR?SYSCLOCK_RESET?MSCBUTIL
            CODE    2712H     0064H     UNIT         ?PR?_?USER_WRITE?SCS_210_TPG262
            CODE    2776H     0060H     UNIT         ?PR?_DELAY_US?MSCBUTIL
            CODE    27D6H     005FH     UNIT         ?CO?SCS_210_TPG262
            CODE    2835H     005BH     UNIT         ?PR?_SEND_BYTE?MSCBMAIN
            CODE    2890H     0058H     UNIT         ?PR?_EEPROM_READ?MSCBUTIL
            CODE    28E8H     0053H     UNIT         ?PR?GETCHAR?MSCBUTIL
            CODE    293BH     0052H     UNIT         ?PR?_STRNCPY?STRNCPY
            CODE    298DH     0051H     UNIT         ?PR?_ADDR_NODE8?MSCBMAIN
            CODE    29DEH     0051H     UNIT         ?PR?_UART_INIT?MSCBUTIL
            CODE    2A2FH     0051H     UNIT         ?PR?EEPROM_ERASE?MSCBUTIL
            CODE    2A80H     004CH     UNIT         ?PR?_?GETCHAR_NOWAIT?MSCBUTIL
            CODE    2ACCH     0049H     UNIT         ?PR?UART1_INIT_BUFFER?MSCBUTIL
            CODE    2B15H     0048H     UNIT         ?PR?ATOF?ATOF
            CODE    2B5DH     0047H     UNIT         ?PR?RS232_OUTPUT?MSCBUTIL
            CODE    2BA4H     0045H     UNIT         ?PR?_PUTCHAR?MSCBUTIL
            CODE    2BE9H     0042H     UNIT         ?PR?_USER_READ?SCS_210_TPG262
            CODE    2C2BH     0038H     UNIT         ?PR?_?LED_MODE?MSCBUTIL
            CODE    2C63H     002EH     UNIT         ?PR?_SEND_OBUF?MSCBMAIN
            CODE    2C91H     002DH     UNIT         ?PR?_USER_FUNC?SCS_210_TPG262
            CODE    2CBEH     002CH     UNIT         ?PR?_?WATCHDOG_REFRESH?MSCBUTIL
            CODE    2CEAH     002BH     UNIT         ?PR?_DELAY_MS?MSCBUTIL
            CODE    2D15H     0028H     UNIT         ?C_INITSEG
            CODE    2D3DH     0022H     UNIT         ?PR?_?WATCHDOG_INT?MSCBUTIL
            CODE    2D5FH     0021H     UNIT         ?PR?_WATCHDOG_ENABLE?MSCBUTIL
            CODE    2D80H     0020H     UNIT         ?PR?SYSCLOCK_INIT?MSCBUTIL
            CODE    2DA0H     001FH     UNIT         ?PR?FLUSH?MSCBUTIL
            CODE    2DBFH     0013H     UNIT         ?PR?TIME?MSCBUTIL
            CODE    2DD2H     0013H     UNIT         ?PR?UPTIME?MSCBUTIL
            CODE    2DE5H     0013H     UNIT         ?PR?WATCHDOG_DISABLE?MSCBUTIL
            CODE    2DF8H     0013H     UNIT         ?PR?_ISSPACE?ISSPACE
            CODE    2E0BH     0011H     UNIT         ?PR?_USER_INIT?SCS_210_TPG262
            CODE    2E1CH     000CH     UNIT         ?PR?_CRC8_ADD?MSCBUTIL
            CODE    2E28H     000BH     UNIT         ?PR?MAIN?MSCBMAIN
            CODE    2E33H     0005H     UNIT         ?PR?CUR_SUB_ADDR?MSCBMAIN
                    2E38H     41C8H                  *** GAP ***
            CODE    7000H     067CH     UNIT         ?PR?UPGRADE?MSCBMAIN
                    767CH     6984H                  *** GAP ***
            CODE    E000H     1000H     ABSOLUTE     
                    F000H     0853H                  *** GAP ***
            CODE    F853H     07ACH     ABSOLUTE     



OVERLAY MAP OF MODULE:   scs_210_tpg262 (SCS_210_TPG262)


SEGMENT                                    BIT_GROUP          DATA_GROUP          IDATA_GROUP
  +--> CALLED SEGMENT                   START    LENGTH     START    LENGTH     START    LENGTH
-----------------------------------------------------------------------------------------------
?PR?SERIAL_INT?MSCBMAIN                 -----    -----      0024H    0002H      -----    -----
BL51 BANKED LINKER/LOCATER V6.22                                                      11/13/2013  12:59:55  PAGE 4


  +--> ?PR?_?CRC8?MSCBUTIL
  +--> ?PR?INTERPRETE?MSCBMAIN

?PR?_?CRC8?MSCBUTIL                     -----    -----      -----    -----      -----    -----
  +--> ?CO?MSCBUTIL

?PR?INTERPRETE?MSCBMAIN                 -----    -----      0026H    0010H      0082H    0004H
  +--> ?PR?_ADDR_NODE8?MSCBMAIN
  +--> ?PR?_ADDR_NODE16?MSCBMAIN
  +--> ?PR?_SEND_OBUF?MSCBMAIN
  +--> ?PR?_SEND_BYTE?MSCBMAIN
  +--> ?PR?UPTIME?MSCBUTIL
  +--> ?PR?_?CRC8?MSCBUTIL
  +--> ?PR?_?LED_BLINK?MSCBUTIL
  +--> ?PR?_UART_INIT?MSCBUTIL
  +--> ?PR?_USER_READ?SCS_210_TPG262
  +--> ?PR?_USER_FUNC?SCS_210_TPG262
  +--> ?PR?_?USER_WRITE?SCS_210_TPG262

?PR?_SEND_OBUF?MSCBMAIN                 -----    -----      0036H    0002H      -----    -----

?PR?_SEND_BYTE?MSCBMAIN                 -----    -----      0036H    0006H      -----    -----
  +--> ?PR?_CRC8_ADD?MSCBUTIL
  +--> ?PR?_?WATCHDOG_REFRESH?MSCBUTIL

?PR?_CRC8_ADD?MSCBUTIL                  -----    -----      -----    -----      0086H    0001H
  +--> ?CO?MSCBUTIL

?PR?_UART_INIT?MSCBUTIL                 -----    -----      -----    -----      -----    -----
  +--> ?CO?MSCBUTIL
  +--> ?PR?UART1_INIT_BUFFER?MSCBUTIL

?PR?_USER_READ?SCS_210_TPG262           -----    -----      0036H    0002H      -----    -----
  +--> ?PR?TIME?MSCBUTIL
  +--> ?PR?_?GETCHAR_NOWAIT?MSCBUTIL

?PR?_USER_FUNC?SCS_210_TPG262           -----    -----      0036H    0006H      -----    -----

?PR?_?USER_WRITE?SCS_210_TPG262         -----    -----      -----    -----      -----    -----
  +--> ?PR?TIME?MSCBUTIL
  +--> ?PR?_PUTCHAR?MSCBUTIL
  +--> ?PR?_UART_INIT?MSCBUTIL

*** NEW ROOT ***************************************************

?PR?TIMER0_INT?MSCBUTIL                 -----    -----      -----    -----      -----    -----
  +--> ?PR?_?LED_INT?MSCBUTIL
  +--> ?PR?_?WATCHDOG_INT?MSCBUTIL

?PR?_?LED_INT?MSCBUTIL                  -----    -----      -----    -----      -----    -----
  +--> ?PR?_?LED_SET?MSCBUTIL

*** NEW ROOT ***************************************************

?C_C51STARTUP                           -----    -----      -----    -----      -----    -----
  +--> ?PR?MAIN?MSCBMAIN
  +--> ?C_INITSEG
BL51 BANKED LINKER/LOCATER V6.22                                                      11/13/2013  12:59:55  PAGE 5



?PR?MAIN?MSCBMAIN                       -----    -----      -----    -----      -----    -----
  +--> ?PR?SETUP?MSCBMAIN
  +--> ?PR?YIELD?MSCBMAIN
  +--> ?PR?USER_LOOP?SCS_210_TPG262

?PR?SETUP?MSCBMAIN                      -----    -----      003CH    0004H      -----    -----
  +--> ?PR?WATCHDOG_DISABLE?MSCBUTIL
  +--> ?PR?SYSCLOCK_INIT?MSCBUTIL
  +--> ?PR?_WATCHDOG_ENABLE?MSCBUTIL
  +--> ?PR?_?LED_MODE?MSCBUTIL
  +--> ?PR?_UART_INIT?MSCBUTIL
  +--> ?PR?_EEPROM_RETRIEVE?MSCBUTIL
  +--> ?CO?SCS_210_TPG262
  +--> ?PR?_STRNCPY?STRNCPY
  +--> ?CO?MSCBMAIN
  +--> ?PR?_USER_INIT?SCS_210_TPG262
  +--> ?PR?_?LED_BLINK?MSCBUTIL

?PR?SYSCLOCK_INIT?MSCBUTIL              -----    -----      -----    -----      -----    -----
  +--> ?PR?SYSCLOCK_RESET?MSCBUTIL

?PR?SYSCLOCK_RESET?MSCBUTIL             -----    -----      -----    -----      0087H    0001H

?PR?_?LED_MODE?MSCBUTIL                 -----    -----      -----    -----      -----    -----
  +--> ?PR?_?LED_SET?MSCBUTIL

?PR?_EEPROM_RETRIEVE?MSCBUTIL           -----    -----      0040H    0008H      -----    -----
  +--> ?PR?_EEPROM_READ?MSCBUTIL

?PR?_EEPROM_READ?MSCBUTIL               -----    -----      0048H    000AH      -----    -----
  +--> ?PR?_?WATCHDOG_REFRESH?MSCBUTIL

?PR?_STRNCPY?STRNCPY                    -----    -----      0040H    000AH      -----    -----

?PR?_USER_INIT?SCS_210_TPG262           -----    -----      -----    -----      -----    -----
  +--> ?PR?_UART_INIT?MSCBUTIL

?PR?YIELD?MSCBMAIN                      -----    -----      -----    -----      -----    -----
  +--> ?PR?_?WATCHDOG_REFRESH?MSCBUTIL
  +--> ?PR?RS232_OUTPUT?MSCBUTIL
  +--> ?PR?_?LED_BLINK?MSCBUTIL
  +--> ?PR?EEPROM_FLASH?MSCBUTIL
  +--> ?PR?UPGRADE?MSCBMAIN
  +--> ?PR?TIME?MSCBUTIL

?PR?EEPROM_FLASH?MSCBUTIL               -----    -----      0042H    0006H      -----    -----
  +--> ?PR?EEPROM_ERASE?MSCBUTIL
  +--> ?PR?_EEPROM_WRITE?MSCBUTIL

?PR?EEPROM_ERASE?MSCBUTIL               -----    -----      -----    -----      00ACH    0003H
  +--> ?PR?WATCHDOG_DISABLE?MSCBUTIL
  +--> ?PR?_?WATCHDOG_REFRESH?MSCBUTIL
  +--> ?PR?_WATCHDOG_ENABLE?MSCBUTIL

?PR?_EEPROM_WRITE?MSCBUTIL              -----    -----      0048H    0007H      00ACH    0007H
  +--> ?PR?WATCHDOG_DISABLE?MSCBUTIL
BL51 BANKED LINKER/LOCATER V6.22                                                      11/13/2013  12:59:55  PAGE 6


  +--> ?PR?_WATCHDOG_ENABLE?MSCBUTIL

?PR?UPGRADE?MSCBMAIN                    -----    -----      0042H    0002H      00ACH    000BH

?PR?USER_LOOP?SCS_210_TPG262            -----    -----      003CH    0001H      0087H    0020H
  +--> ?PR?FLUSH?MSCBUTIL
  +--> ?PR?TIME?MSCBUTIL
  +--> ?PR?_GETS_WAIT?MSCBUTIL
  +--> ?CO?SCS_210_TPG262
  +--> ?PR?PRINTF?PRINTF
  +--> ?PR?ATOF?ATOF

?PR?FLUSH?MSCBUTIL                      -----    -----      -----    -----      -----    -----
  +--> ?PR?_?WATCHDOG_REFRESH?MSCBUTIL
  +--> ?PR?RS232_OUTPUT?MSCBUTIL

?PR?_GETS_WAIT?MSCBUTIL                 -----    -----      003DH    0005H      00A7H    0005H
  +--> ?PR?TIME?MSCBUTIL
  +--> ?PR?_?GETCHAR_NOWAIT?MSCBUTIL
  +--> ?PR?YIELD?MSCBMAIN

?PR?PRINTF?PRINTF                       0021H.0  0001H.1    003DH    001CH      -----    -----
  +--> ?PR?_PUTCHAR?MSCBUTIL

?PR?ATOF?ATOF                           -----    -----      003DH    0003H      -----    -----
  +--> ?PR?_ISSPACE?ISSPACE
  +--> ?PR??C?ATOF??C?ATOF

?PR??C?ATOF??C?ATOF                     0021H.0  0000H.5    0040H    0002H      -----    -----

?C_INITSEG                              -----    -----      -----    -----      -----    -----
  +--> ?CO?SCS_210_TPG262



SYMBOL TABLE OF MODULE:  scs_210_tpg262 (SCS_210_TPG262)

  VALUE           TYPE          NAME
  ----------------------------------

  -------         MODULE        SCS_210_TPG262
  C:0000H         SYMBOL        _ICE_DUMMY_
  D:00E8H         PUBLIC        ADC0CN
  D:00E8H         PUBLIC        ADC2CN
  D:00A8H         PUBLIC        IE
  D:00D8H         PUBLIC        PCA0CN
  D:00B8H         PUBLIC        IP
  B:0023H.2       PUBLIC        flush_flag
  D:00C0H         PUBLIC        SMB0CN
  D:0088H         PUBLIC        CPT0CN
  D:0088H         PUBLIC        CPT1CN
  C:27DEH         PUBLIC        node_name
  D:00F8H         PUBLIC        SPI0CN
  D:0008H         SYMBOL        last_read
  D:0088H         PUBLIC        TCON
  D:00C8H         PUBLIC        TMR2CN
  D:00C8H         PUBLIC        TMR3CN
BL51 BANKED LINKER/LOCATER V6.22                                                      11/13/2013  12:59:55  PAGE 7


  D:00C8H         PUBLIC        TMR4CN
  C:27E5H         PUBLIC        vars
  I:00B7H         PUBLIC        user_data
  D:000CH         PUBLIC        variables
  C:2BE9H         PUBLIC        _user_read
  C:2712H         PUBLIC        _?user_write
  C:2C91H         PUBLIC        _user_func
  D:0088H         PUBLIC        FLSTAT
  C:2E0BH         PUBLIC        _user_init
  C:0026H         PUBLIC        user_loop
  D:0098H         PUBLIC        SCON0
  D:0098H         PUBLIC        SCON1
  I:00C0H         PUBLIC        _n_sub_addr
  D:00D0H         PUBLIC        PSW
  -------         PROC          _USER_INIT
  D:0007H         SYMBOL        init
  C:2E0BH         LINE#         64
  C:2E0BH         LINE#         65
  C:2E0BH         LINE#         67
  C:2E0EH         LINE#         68
  C:2E12H         LINE#         70
  C:2E1BH         LINE#         71
  -------         ENDPROC       _USER_INIT
  -------         PROC          _?USER_WRITE
  i:0002H         SYMBOL        index
  -------         DO            
  i:0000H         SYMBOL        i
  i:0001H         SYMBOL        n
  -------         ENDDO         
  C:2712H         LINE#         80
  C:271CH         LINE#         84
  C:2723H         LINE#         86
  C:272EH         LINE#         89
  C:2737H         LINE#         90
  C:2748H         LINE#         91
  C:275CH         LINE#         92
  C:275EH         LINE#         93
  C:275EH         LINE#         95
  C:2766H         LINE#         96
  C:276FH         LINE#         97
  -------         ENDPROC       _?USER_WRITE
  -------         PROC          _USER_READ
  D:0007H         SYMBOL        index
  -------         DO            
  D:0036H         SYMBOL        c
  D:0037H         SYMBOL        n
  -------         ENDDO         
  C:2BE9H         LINE#         101
  C:2BE9H         LINE#         102
  C:2BE9H         LINE#         105
  C:2BECH         LINE#         108
  C:2BF7H         LINE#         110
  C:2C03H         LINE#         111
  C:2C08H         LINE#         112
  C:2C0DH         LINE#         113
  C:2C0DH         LINE#         116
  C:2C21H         LINE#         117
BL51 BANKED LINKER/LOCATER V6.22                                                      11/13/2013  12:59:55  PAGE 8


  C:2C25H         LINE#         118
  C:2C28H         LINE#         119
  C:2C28H         LINE#         121
  C:2C2AH         LINE#         122
  -------         ENDPROC       _USER_READ
  -------         PROC          _USER_FUNC
  D:0036H         SYMBOL        data_in
  D:0039H         SYMBOL        data_out
  C:2C91H         LINE#         126
  C:2C97H         LINE#         127
  C:2C97H         LINE#         129
  C:2CA3H         LINE#         130
  C:2CBBH         LINE#         132
  C:2CBDH         LINE#         133
  -------         ENDPROC       _USER_FUNC
  -------         PROC          USER_LOOP
  -------         DO            
  I:0087H         SYMBOL        str
  D:003CH         SYMBOL        i
  -------         ENDDO         
  C:0026H         LINE#         137
  C:0026H         LINE#         138
  C:0026H         LINE#         142
  C:0029H         LINE#         143
  C:002BH         LINE#         144
  C:002EH         LINE#         145
  C:002EH         LINE#         148
  C:0054H         LINE#         149
  C:005FH         LINE#         151
  C:006FH         LINE#         153
  C:0073H         LINE#         155
  C:007CH         LINE#         156
  C:007FH         LINE#         157
  C:0085H         LINE#         158
  C:0093H         LINE#         159
  C:00A1H         LINE#         160
  C:00A1H         LINE#         161
  C:00A1H         LINE#         162
  -------         ENDPROC       USER_LOOP
  -------         ENDMOD        SCS_210_TPG262

  -------         MODULE        MSCBMAIN
  C:0000H         SYMBOL        _ICE_DUMMY_
  B:0020H.3       PUBLIC        WD_RESET
  D:00FFH         PUBLIC        WDTCN
  D:00B0H         PUBLIC        P3
  B:0022H.1       PUBLIC        flash_param
  B:00A8H.7       PUBLIC        EA
  D:008FH         PUBLIC        PSCTL
  D:00E8H         PUBLIC        ADC0CN
  D:0084H         PUBLIC        SFRPAGE
  D:00E8H         PUBLIC        ADC2CN
  C:25CAH         PUBLIC        _addr_node16
  I:0059H         PUBLIC        n_variables
  D:00A8H         PUBLIC        IE
  I:005AH         PUBLIC        final_i_in
  C:0003H         PUBLIC        svn_rev_main
BL51 BANKED LINKER/LOCATER V6.22                                                      11/13/2013  12:59:55  PAGE 9


  D:00D8H         PUBLIC        PCA0CN
  D:00B8H         PUBLIC        IP
  C:263AH         PUBLIC        yield
  D:00E1H         PUBLIC        XBR0
  D:00E2H         PUBLIC        XBR1
  D:00E3H         PUBLIC        XBR2
  C:F853H         PUBLIC        BLOCK_F000_REMAINDER
  I:005BH         PUBLIC        i_in
  I:005CH         PUBLIC        i_out
  I:005DH         PUBLIC        addr_mode
  D:00C0H         PUBLIC        SMB0CN
  C:2E28H         PUBLIC        main
  I:0081H         PUBLIC        n_out
  D:0088H         PUBLIC        CPT0CN
  B:0022H.2       PUBLIC        configured_addr
  D:0088H         PUBLIC        CPT1CN
  D:00F8H         PUBLIC        SPI0CN
  C:1AFEH         PUBLIC        serial_int
  C:17FEH         PUBLIC        setup
  B:0022H.3       PUBLIC        addressed
  D:0088H         PUBLIC        TCON
  I:005EH         PUBLIC        crc_code
  I:005FH         PUBLIC        last_i_in
  D:00C8H         PUBLIC        TMR2CN
  D:00C8H         PUBLIC        TMR3CN
  D:00C8H         PUBLIC        TMR4CN
  C:2C63H         SYMBOL        _send_obuf
  D:0097H         PUBLIC        CLKSEL
  D:008AH         PUBLIC        OSCICN
  C:2835H         SYMBOL        _send_byte
  B:0020H.1       PUBLIC        SYNC_MODE
  B:00B0H.4       PUBLIC        led_0
  I:0060H         PUBLIC        _var_size
  B:00A8H.4       PUBLIC        ES0
  C:00A6H         PUBLIC        interprete
  B:0020H.2       PUBLIC        FREEZE_MODE
  B:0098H.0       PUBLIC        RI0
  B:0022H.4       PUBLIC        configured_vars
  B:0098H.1       PUBLIC        TI0
  D:0088H         PUBLIC        FLSTAT
  B:00B0H.5       PUBLIC        RS485_ENABLE
  I:0061H         PUBLIC        _cur_sub_addr
  I:0062H         PUBLIC        cmd_len
  B:0022H.5       PUBLIC        wrong_cpu
  C:298DH         PUBLIC        _addr_node8
  B:0022H.6       PUBLIC        flash_allowed
  D:0099H         PUBLIC        SBUF0
  D:00EFH         PUBLIC        RSTSRC
  D:0098H         PUBLIC        SCON0
  D:0098H         PUBLIC        SCON1
  D:0020H         PUBLIC        CSR
  C:7000H         PUBLIC        upgrade
  B:0022H.7       PUBLIC        flash_program
  B:0020H.0       PUBLIC        DEBUG_MODE
  I:0063H         PUBLIC        sys_info
  C:2E33H         PUBLIC        cur_sub_addr
  D:00B7H         PUBLIC        FLSCL
BL51 BANKED LINKER/LOCATER V6.22                                                      11/13/2013  12:59:55  PAGE 10


  X:0C19H         PUBLIC        in_buf
  X:0D19H         PUBLIC        out_buf
  D:00D0H         PUBLIC        PSW
  B:0098H.2       PUBLIC        RB80
  I:0080H         PUBLIC        _flkey
  -------         PROC          SETUP
  -------         DO            
  D:003CH         SYMBOL        adr
  D:003DH         SYMBOL        flags
  D:0007H         SYMBOL        d
  D:003EH         SYMBOL        i
  D:0001H         SYMBOL        p
  -------         ENDDO         
  C:17FEH         LINE#         127
  C:17FEH         LINE#         128
  C:17FEH         LINE#         133
  C:1802H         LINE#         136
  C:1805H         LINE#         139
  C:1807H         LINE#         145
  C:180AH         LINE#         147
  C:180DH         LINE#         148
  C:1810H         LINE#         149
  C:1813H         LINE#         153
  C:1815H         LINE#         154
  C:1817H         LINE#         156
  C:181AH         LINE#         157
  C:181DH         LINE#         158
  C:181FH         LINE#         230
  C:1822H         LINE#         233
  C:1827H         LINE#         236
  C:182AH         LINE#         239
  C:183AH         LINE#         240
  C:184BH         LINE#         243
  C:184EH         LINE#         244
  C:1850H         LINE#         245
  C:1852H         LINE#         246
  C:1854H         LINE#         247
  C:1856H         LINE#         248
  C:1858H         LINE#         249
  C:185BH         LINE#         255
  C:1862H         LINE#         256
  C:1865H         LINE#         257
  C:1870H         LINE#         258
  C:1887H         LINE#         259
  C:1897H         LINE#         260
  C:18AEH         LINE#         264
  C:18B1H         LINE#         266
  C:18C5H         LINE#         269
  C:18CCH         LINE#         280
  C:18D3H         LINE#         281
  C:18ECH         LINE#         282
  C:1903H         LINE#         283
  C:1903H         LINE#         284
  C:1908H         LINE#         287
  C:1910H         LINE#         288
  C:191CH         LINE#         289
  C:1920H         LINE#         290
BL51 BANKED LINKER/LOCATER V6.22                                                      11/13/2013  12:59:55  PAGE 11


  C:1925H         LINE#         291
  C:192CH         LINE#         292
  C:192EH         LINE#         293
  C:1933H         LINE#         294
  C:193AH         LINE#         295
  C:193CH         LINE#         296
  C:1940H         LINE#         297
  C:1940H         LINE#         301
  C:1943H         LINE#         303
  C:194CH         LINE#         304
  C:1955H         LINE#         306
  C:195CH         LINE#         308
  C:1961H         LINE#         309
  C:1963H         LINE#         312
  C:196AH         LINE#         313
  C:196EH         LINE#         314
  C:197DH         LINE#         315
  C:1995H         LINE#         316
  C:1997H         LINE#         317
  C:1999H         LINE#         320
  C:1A0CH         LINE#         325
  C:1A14H         LINE#         328
  C:1A3AH         LINE#         329
  C:1A59H         LINE#         331
  C:1A64H         LINE#         332
  C:1AB9H         LINE#         333
  C:1ABDH         LINE#         334
  C:1AC8H         LINE#         337
  C:1ACDH         LINE#         340
  C:1ACFH         LINE#         341
  C:1AD1H         LINE#         343
  C:1AD6H         LINE#         344
  C:1AD8H         LINE#         345
  C:1AD8H         LINE#         348
  C:1AE8H         LINE#         349
  C:1AFDH         LINE#         351
  -------         ENDPROC       SETUP
  -------         PROC          CUR_SUB_ADDR
  C:2E33H         LINE#         355
  C:2E33H         LINE#         356
  C:2E33H         LINE#         357
  C:2E37H         LINE#         358
  -------         ENDPROC       CUR_SUB_ADDR
  -------         PROC          SERIAL_INT
  -------         DO            
  D:0024H         SYMBOL        _i
  D:0025H         SYMBOL        _j
  D:0024H         SYMBOL        _i
  D:0025H         SYMBOL        _j
  -------         ENDDO         
  -------         DO            
  D:0024H         SYMBOL        _i
  D:0025H         SYMBOL        _j
  -------         ENDDO         
  -------         DO            
  D:0024H         SYMBOL        _i
  D:0025H         SYMBOL        _j
BL51 BANKED LINKER/LOCATER V6.22                                                      11/13/2013  12:59:55  PAGE 12


  -------         ENDDO         
  C:1AFEH         LINE#         368
  C:1B1BH         LINE#         370
  C:1B1EH         LINE#         373
  C:1B20H         LINE#         375
  C:1B23H         LINE#         376
  C:1B2BH         LINE#         377
  C:1B2FH         LINE#         378
  C:1B4DH         LINE#         379
  C:1B4FH         LINE#         380
  C:1B51H         LINE#         381
  C:1B6FH         LINE#         382
  C:1B7EH         LINE#         383
  C:1B7EH         LINE#         384
  C:1B7EH         LINE#         386
  C:1B84H         LINE#         389
  C:1B8AH         LINE#         390
  C:1B8CH         LINE#         391
  C:1B93H         LINE#         393
  C:1B93H         LINE#         395
  C:1B95H         LINE#         396
  C:1BA5H         LINE#         397
  C:1BA7H         LINE#         399
  C:1BABH         LINE#         401
  C:1BB1H         LINE#         402
  C:1BB5H         LINE#         404
  C:1BB5H         LINE#         407
  C:1BC0H         LINE#         408
  C:1BC0H         LINE#         410
  C:1BCCH         LINE#         412
  C:1BD3H         LINE#         413
  C:1BD3H         LINE#         415
  C:1BDDH         LINE#         416
  C:1BE0H         LINE#         418
  C:1BE0H         LINE#         420
  C:1BE9H         LINE#         423
  C:1C0CH         LINE#         424
  C:1C10H         LINE#         426
  C:1C10H         LINE#         428
  C:1C2EH         LINE#         430
  C:1C31H         LINE#         431
  C:1C35H         LINE#         432
  C:1C35H         LINE#         433
  -------         ENDPROC       SERIAL_INT
  -------         PROC          _SEND_BYTE
  D:0036H         SYMBOL        d
  D:0037H         SYMBOL        crc
  -------         DO            
  D:003AH         SYMBOL        _i
  D:003BH         SYMBOL        _j
  -------         ENDDO         
  C:2835H         LINE#         445
  C:283DH         LINE#         446
  C:283DH         LINE#         448
  C:2840H         LINE#         451
  C:2848H         LINE#         452
  C:2864H         LINE#         453
BL51 BANKED LINKER/LOCATER V6.22                                                      11/13/2013  12:59:55  PAGE 13


  C:2882H         LINE#         454
  C:2885H         LINE#         455
  C:288AH         LINE#         456
  C:288DH         LINE#         457
  C:288FH         LINE#         458
  -------         ENDPROC       _SEND_BYTE
  -------         PROC          _SEND_OBUF
  D:0007H         SYMBOL        n
  -------         DO            
  D:0036H         SYMBOL        _i
  D:0037H         SYMBOL        _j
  -------         ENDDO         
  C:2C63H         LINE#         460
  C:2C63H         LINE#         461
  C:2C63H         LINE#         463
  C:2C66H         LINE#         466
  C:2C6AH         LINE#         467
  C:2C6CH         LINE#         468
  C:2C8AH         LINE#         469
  C:2C90H         LINE#         470
  -------         ENDPROC       _SEND_OBUF
  -------         PROC          _ADDR_NODE8
  D:0001H         SYMBOL        mode
  D:0005H         SYMBOL        adr
  D:0004H         SYMBOL        node_addr
  C:298DH         LINE#         472
  C:2993H         LINE#         473
  C:2993H         LINE#         474
  C:2998H         LINE#         475
  C:29B1H         LINE#         476
  C:29B1H         LINE#         478
  C:29B3H         LINE#         479
  C:29B9H         LINE#         480
  C:29BDH         LINE#         481
  C:29BEH         LINE#         482
  C:29C0H         LINE#         483
  C:29C4H         LINE#         484
  C:29C4H         LINE#         485
  C:29C9H         LINE#         486
  C:29CDH         LINE#         487
  C:29CFH         LINE#         488
  C:29D2H         LINE#         489
  C:29D6H         LINE#         490
  C:29D7H         LINE#         491
  C:29D9H         LINE#         492
  C:29DDH         LINE#         493
  C:29DDH         LINE#         494
  C:29DDH         LINE#         495
  -------         ENDPROC       _ADDR_NODE8
  -------         PROC          _ADDR_NODE16
  D:0001H         SYMBOL        mode
  D:0004H         SYMBOL        adr
  D:0002H         SYMBOL        node_addr
  C:25CAH         LINE#         497
  C:25CDH         LINE#         498
  C:25CDH         LINE#         499
  C:25D5H         LINE#         500
BL51 BANKED LINKER/LOCATER V6.22                                                      11/13/2013  12:59:55  PAGE 14


  C:25DDH         LINE#         501
  C:25DFH         LINE#         502
  C:25E2H         LINE#         503
  C:25E6H         LINE#         504
  C:25E7H         LINE#         505
  C:25E9H         LINE#         506
  C:25EDH         LINE#         507
  C:25EDH         LINE#         508
  C:25EEH         LINE#         509
  C:25F3H         LINE#         510
  C:2609H         LINE#         511
  C:2609H         LINE#         513
  C:260BH         LINE#         514
  C:2611H         LINE#         515
  C:2615H         LINE#         516
  C:2616H         LINE#         517
  C:2618H         LINE#         518
  C:261CH         LINE#         519
  C:261CH         LINE#         520
  C:2621H         LINE#         521
  C:2629H         LINE#         522
  C:262BH         LINE#         523
  C:262EH         LINE#         524
  C:2632H         LINE#         525
  C:2633H         LINE#         526
  C:2635H         LINE#         527
  C:2639H         LINE#         528
  C:2639H         LINE#         529
  C:2639H         LINE#         530
  C:2639H         LINE#         531
  -------         ENDPROC       _ADDR_NODE16
  -------         PROC          INTERPRETE
  -------         DO            
  D:0026H         SYMBOL        crc
  D:0027H         SYMBOL        cmd
  D:0028H         SYMBOL        i
  D:0029H         SYMBOL        j
  D:002AH         SYMBOL        n
  D:002BH         SYMBOL        ch
  D:0007H         SYMBOL        ch1
  D:002CH         SYMBOL        ch2
  D:002DH         SYMBOL        a1
  D:002EH         SYMBOL        a2
  D:002FH         SYMBOL        size
  D:0031H         SYMBOL        pvar
  I:0082H         SYMBOL        u
  -------         DO            
  D:0034H         SYMBOL        _i
  D:0035H         SYMBOL        _j
  -------         ENDDO         
  -------         DO            
  D:0034H         SYMBOL        _i
  D:0035H         SYMBOL        _j
  -------         ENDDO         
  -------         DO            
  D:0034H         SYMBOL        _i
  D:0035H         SYMBOL        _j
BL51 BANKED LINKER/LOCATER V6.22                                                      11/13/2013  12:59:55  PAGE 15


  -------         ENDDO         
  -------         DO            
  D:0034H         SYMBOL        _i
  D:0035H         SYMBOL        _j
  -------         ENDDO         
  -------         ENDDO         
  C:00A6H         LINE#         533
  C:00A6H         LINE#         534
  C:00A6H         LINE#         540
  C:00AEH         LINE#         543
  C:00B1H         LINE#         546
  C:00F2H         LINE#         547
  C:00F2H         LINE#         548
  C:0100H         LINE#         549
  C:0103H         LINE#         551
  C:0103H         LINE#         552
  C:0117H         LINE#         553
  C:011AH         LINE#         555
  C:011AH         LINE#         556
  C:011CH         LINE#         557
  C:0120H         LINE#         558
  C:0123H         LINE#         560
  C:0123H         LINE#         561
  C:0131H         LINE#         562
  C:0134H         LINE#         564
  C:0134H         LINE#         565
  C:0148H         LINE#         566
  C:014BH         LINE#         568
  C:014BH         LINE#         569
  C:0159H         LINE#         570
  C:015FH         LINE#         571
  C:0165H         LINE#         572
  C:016AH         LINE#         573
  C:016AH         LINE#         574
  C:016DH         LINE#         576
  C:016DH         LINE#         577
  C:0181H         LINE#         578
  C:0187H         LINE#         579
  C:018DH         LINE#         580
  C:0192H         LINE#         581
  C:0192H         LINE#         582
  C:0195H         LINE#         584
  C:0195H         LINE#         586
  C:0198H         LINE#         589
  C:019BH         LINE#         590
  C:019EH         LINE#         592
  C:019EH         LINE#         595
  C:01A0H         LINE#         596
  C:01A3H         LINE#         597
  C:01A5H         LINE#         599
  C:01AFH         LINE#         603
  C:01BAH         LINE#         605
  C:01C5H         LINE#         607
  C:01D2H         LINE#         609
  C:01DFH         LINE#         610
  C:01ECH         LINE#         612
  C:01F9H         LINE#         613
BL51 BANKED LINKER/LOCATER V6.22                                                      11/13/2013  12:59:55  PAGE 16


  C:0206H         LINE#         615
  C:0213H         LINE#         616
  C:0220H         LINE#         618
  C:022AH         LINE#         619
  C:023EH         LINE#         626
  C:0249H         LINE#         628
  C:0267H         LINE#         629
  C:0269H         LINE#         630
  C:026BH         LINE#         631
  C:026EH         LINE#         633
  C:026EH         LINE#         636
  C:027BH         LINE#         637
  C:028EH         LINE#         639
  C:0290H         LINE#         640
  C:0293H         LINE#         641
  C:0295H         LINE#         643
  C:029FH         LINE#         644
  C:02AAH         LINE#         645
  C:02BDH         LINE#         646
  C:02D3H         LINE#         647
  C:02E9H         LINE#         648
  C:02FFH         LINE#         649
  C:0315H         LINE#         651
  C:031FH         LINE#         652
  C:0344H         LINE#         654
  C:034FH         LINE#         656
  C:036DH         LINE#         657
  C:036FH         LINE#         658
  C:0371H         LINE#         659
  C:0374H         LINE#         661
  C:037AH         LINE#         662
  C:037DH         LINE#         663
  C:0382H         LINE#         664
  C:0382H         LINE#         666
  C:0385H         LINE#         668
  C:0385H         LINE#         671
  C:038DH         LINE#         673
  C:0393H         LINE#         674
  C:0398H         LINE#         675
  C:039CH         LINE#         676
  C:03A0H         LINE#         677
  C:03A4H         LINE#         678
  C:03B6H         LINE#         679
  C:03BBH         LINE#         680
  C:03BEH         LINE#         682
  C:03BEH         LINE#         684
  C:03C5H         LINE#         686
  C:03D3H         LINE#         687
  C:03DAH         LINE#         689
  C:03E1H         LINE#         690
  C:03E8H         LINE#         692
  C:03F4H         LINE#         695
  C:03F6H         LINE#         696
  C:03FAH         LINE#         698
  C:03FDH         LINE#         700
  C:03FDH         LINE#         702
  C:0412H         LINE#         703
BL51 BANKED LINKER/LOCATER V6.22                                                      11/13/2013  12:59:55  PAGE 17


  C:042AH         LINE#         704
  C:042EH         LINE#         707
  C:0430H         LINE#         708
  C:0434H         LINE#         710
  C:0437H         LINE#         712
  C:0437H         LINE#         713
  C:0444H         LINE#         714
  C:044EH         LINE#         715
  C:0451H         LINE#         717
  C:0451H         LINE#         718
  C:0459H         LINE#         719
  C:045CH         LINE#         721
  C:045CH         LINE#         722
  C:0464H         LINE#         723
  C:0466H         LINE#         725
  C:0466H         LINE#         732
  C:0466H         LINE#         734
  C:0466H         LINE#         735
  C:046BH         LINE#         736
  C:0470H         LINE#         737
  C:0473H         LINE#         738
  C:0478H         LINE#         740
  C:047BH         LINE#         742
  C:0481H         LINE#         743
  C:0485H         LINE#         744
  C:0497H         LINE#         745
  C:049CH         LINE#         747
  C:04A2H         LINE#         748
  C:04A4H         LINE#         749
  C:04A8H         LINE#         750
  C:04A8H         LINE#         751
  C:04AAH         LINE#         753
  C:04AAH         LINE#         754
  C:04ACH         LINE#         755
  C:04B0H         LINE#         756
  C:04B2H         LINE#         758
  C:04B2H         LINE#         759
  C:04BDH         LINE#         760
  C:04C3H         LINE#         761
  C:04CBH         LINE#         762
  C:04DDH         LINE#         763
  C:04E2H         LINE#         764
  C:04E2H         LINE#         766
  C:04E2H         LINE#         768
  C:04EBH         LINE#         769
  C:04F6H         LINE#         770
  C:0501H         LINE#         771
  C:0516H         LINE#         773
  C:052DH         LINE#         774
  C:0537H         LINE#         775
  C:053DH         LINE#         776
  C:0541H         LINE#         778
  C:055DH         LINE#         781
  C:0565H         LINE#         783
  C:0568H         LINE#         785
  C:0570H         LINE#         787
  C:0572H         LINE#         788
BL51 BANKED LINKER/LOCATER V6.22                                                      11/13/2013  12:59:55  PAGE 18


  C:0575H         LINE#         789
  C:0577H         LINE#         791
  C:057EH         LINE#         793
  C:0589H         LINE#         794
  C:0594H         LINE#         796
  C:059EH         LINE#         797
  C:05DCH         LINE#         798
  C:05DEH         LINE#         799
  C:05E0H         LINE#         801
  C:05EEH         LINE#         803
  C:05F8H         LINE#         804
  C:0636H         LINE#         805
  C:0636H         LINE#         807
  C:0641H         LINE#         809
  C:065FH         LINE#         810
  C:0661H         LINE#         811
  C:0663H         LINE#         812
  C:0663H         LINE#         813
  C:0666H         LINE#         815
  C:066CH         LINE#         816
  C:0671H         LINE#         817
  C:0671H         LINE#         819
  C:067FH         LINE#         821
  C:069FH         LINE#         823
  C:06B2H         LINE#         824
  C:06B7H         LINE#         825
  C:06D4H         LINE#         826
  C:06D8H         LINE#         828
  C:06DAH         LINE#         829
  C:06DDH         LINE#         830
  C:06DFH         LINE#         832
  C:06E9H         LINE#         833
  C:06F4H         LINE#         834
  C:0701H         LINE#         835
  C:0701H         LINE#         836
  C:070FH         LINE#         837
  C:071CH         LINE#         838
  C:071CH         LINE#         841
  C:072DH         LINE#         842
  C:074BH         LINE#         843
  C:0783H         LINE#         844
  C:0787H         LINE#         846
  C:0792H         LINE#         848
  C:07B0H         LINE#         849
  C:07B2H         LINE#         850
  C:07B4H         LINE#         851
  C:07B6H         LINE#         853
  C:07BCH         LINE#         854
  C:07C1H         LINE#         855
  C:07C1H         LINE#         856
  C:07C1H         LINE#         857
  C:07C1H         LINE#         859
  C:07C7H         LINE#         860
  C:07D3H         LINE#         861
  C:07ECH         LINE#         862
  C:07F4H         LINE#         863
  C:0811H         LINE#         864
BL51 BANKED LINKER/LOCATER V6.22                                                      11/13/2013  12:59:55  PAGE 19


  C:0819H         LINE#         865
  C:0819H         LINE#         867
  C:0828H         LINE#         870
  C:082EH         LINE#         871
  C:083DH         LINE#         873
  C:0848H         LINE#         874
  C:0857H         LINE#         876
  C:085FH         LINE#         878
  C:0862H         LINE#         879
  C:0865H         LINE#         880
  C:0869H         LINE#         881
  C:086DH         LINE#         882
  C:086FH         LINE#         883
  C:0872H         LINE#         884
  C:0878H         LINE#         885
  C:0878H         LINE#         887
  C:087AH         LINE#         889
  C:0885H         LINE#         892
  C:08A0H         LINE#         893
  C:08B0H         LINE#         895
  C:08B6H         LINE#         896
  C:08BFH         LINE#         897
  C:08BFH         LINE#         898
  C:08C2H         LINE#         899
  C:08C8H         LINE#         900
  C:08C8H         LINE#         902
  C:08D7H         LINE#         903
  C:08E4H         LINE#         904
  C:0900H         LINE#         905
  C:091BH         LINE#         906
  C:0922H         LINE#         908
  C:0965H         LINE#         912
  C:09AFH         LINE#         914
  C:09B1H         LINE#         916
  C:0A19H         LINE#         918
  C:0A1EH         LINE#         920
  C:0A23H         LINE#         921
  C:0A29H         LINE#         922
  C:0A2DH         LINE#         930
  C:0A33H         LINE#         931
  C:0A39H         LINE#         932
  C:0A4AH         LINE#         933
  C:0A4FH         LINE#         934
  C:0A4FH         LINE#         935
  C:0A56H         LINE#         936
  C:0A5CH         LINE#         938
  C:0A61H         LINE#         939
  C:0A67H         LINE#         940
  C:0A78H         LINE#         941
  C:0A7DH         LINE#         942
  C:0A7DH         LINE#         943
  C:0A7DH         LINE#         944
  C:0A7DH         LINE#         947
  C:0A86H         LINE#         950
  C:0A8CH         LINE#         951
  C:0A9BH         LINE#         953
  C:0AA6H         LINE#         954
BL51 BANKED LINKER/LOCATER V6.22                                                      11/13/2013  12:59:55  PAGE 20


  C:0AB5H         LINE#         956
  C:0ABCH         LINE#         957
  C:0AC8H         LINE#         958
  C:0ACBH         LINE#         959
  C:0ACDH         LINE#         960
  C:0AD6H         LINE#         961
  C:0AD9H         LINE#         962
  C:0AD9H         LINE#         964
  C:0AE6H         LINE#         965
  C:0AF4H         LINE#         966
  C:0B00H         LINE#         967
  C:0B0BH         LINE#         969
  C:0B21H         LINE#         971
  C:0B27H         LINE#         972
  C:0B30H         LINE#         973
  C:0B30H         LINE#         974
  C:0B33H         LINE#         975
  C:0B39H         LINE#         976
  C:0B39H         LINE#         978
  C:0B45H         LINE#         979
  C:0B4FH         LINE#         980
  C:0B68H         LINE#         981
  C:0BA8H         LINE#         983
  C:0BACH         LINE#         985
  C:0BB1H         LINE#         986
  C:0BB6H         LINE#         987
  C:0BBAH         LINE#         988
  C:0BC0H         LINE#         989
  C:0BC0H         LINE#         990
  C:0BC5H         LINE#         991
  C:0BCBH         LINE#         992
  C:0BDCH         LINE#         993
  C:0BE1H         LINE#         994
  C:0BE1H         LINE#         996
  -------         ENDPROC       INTERPRETE
  -------         PROC          UPGRADE
  -------         DO            
  I:00ACH         SYMBOL        cmd
  I:00ADH         SYMBOL        page
  I:00AEH         SYMBOL        crc
  I:00AFH         SYMBOL        j
  I:00B0H         SYMBOL        k
  I:00B1H         SYMBOL        i
  I:00B3H         SYMBOL        pw
  I:00B5H         SYMBOL        pr
  C:7048H         SYMBOL        receive_cmd
  C:72CBH         SYMBOL        erase_ok
  -------         DO            
  D:0042H         SYMBOL        _i
  D:0043H         SYMBOL        _j
  -------         ENDDO         
  -------         DO            
  D:0042H         SYMBOL        _i
  D:0043H         SYMBOL        _j
  D:0042H         SYMBOL        _i
  D:0043H         SYMBOL        _j
  D:0042H         SYMBOL        _i
BL51 BANKED LINKER/LOCATER V6.22                                                      11/13/2013  12:59:55  PAGE 21


  D:0043H         SYMBOL        _j
  D:0042H         SYMBOL        _i
  D:0043H         SYMBOL        _j
  D:0042H         SYMBOL        _i
  D:0043H         SYMBOL        _j
  D:0042H         SYMBOL        _i
  D:0043H         SYMBOL        _j
  D:0042H         SYMBOL        _i
  D:0043H         SYMBOL        _j
  D:0042H         SYMBOL        _i
  D:0043H         SYMBOL        _j
  D:0042H         SYMBOL        _i
  D:0043H         SYMBOL        _j
  D:0042H         SYMBOL        _i
  D:0043H         SYMBOL        _j
  D:0042H         SYMBOL        _i
  D:0043H         SYMBOL        _j
  D:0042H         SYMBOL        _i
  D:0043H         SYMBOL        _j
  D:0042H         SYMBOL        _i
  D:0043H         SYMBOL        _j
  D:0042H         SYMBOL        _i
  D:0043H         SYMBOL        _j
  D:0042H         SYMBOL        _i
  D:0043H         SYMBOL        _j
  D:0042H         SYMBOL        _i
  D:0043H         SYMBOL        _j
  D:0042H         SYMBOL        _i
  D:0043H         SYMBOL        _j
  D:0042H         SYMBOL        _i
  D:0043H         SYMBOL        _j
  D:0042H         SYMBOL        _i
  D:0043H         SYMBOL        _j
  D:0042H         SYMBOL        _i
  D:0043H         SYMBOL        _j
  -------         ENDDO         
  -------         DO            
  D:0042H         SYMBOL        _i
  D:0043H         SYMBOL        _j
  D:0042H         SYMBOL        _i
  D:0043H         SYMBOL        _j
  D:0042H         SYMBOL        _i
  D:0043H         SYMBOL        _j
  D:0042H         SYMBOL        _i
  D:0043H         SYMBOL        _j
  D:0042H         SYMBOL        _i
  D:0043H         SYMBOL        _j
  D:0042H         SYMBOL        _i
  D:0043H         SYMBOL        _j
  D:0042H         SYMBOL        _i
  D:0043H         SYMBOL        _j
  D:0042H         SYMBOL        _i
  D:0043H         SYMBOL        _j
  D:0042H         SYMBOL        _i
  D:0043H         SYMBOL        _j
  D:0042H         SYMBOL        _i
  D:0043H         SYMBOL        _j
BL51 BANKED LINKER/LOCATER V6.22                                                      11/13/2013  12:59:55  PAGE 22


  D:0042H         SYMBOL        _i
  D:0043H         SYMBOL        _j
  D:0042H         SYMBOL        _i
  D:0043H         SYMBOL        _j
  D:0042H         SYMBOL        _i
  D:0043H         SYMBOL        _j
  D:0042H         SYMBOL        _i
  D:0043H         SYMBOL        _j
  D:0042H         SYMBOL        _i
  D:0043H         SYMBOL        _j
  D:0042H         SYMBOL        _i
  D:0043H         SYMBOL        _j
  D:0042H         SYMBOL        _i
  D:0043H         SYMBOL        _j
  D:0042H         SYMBOL        _i
  D:0043H         SYMBOL        _j
  D:0042H         SYMBOL        _i
  D:0043H         SYMBOL        _j
  -------         ENDDO         
  -------         DO            
  D:0042H         SYMBOL        _i
  D:0043H         SYMBOL        _j
  D:0042H         SYMBOL        _i
  D:0043H         SYMBOL        _j
  D:0042H         SYMBOL        _i
  D:0043H         SYMBOL        _j
  D:0042H         SYMBOL        _i
  D:0043H         SYMBOL        _j
  D:0042H         SYMBOL        _i
  D:0043H         SYMBOL        _j
  D:0042H         SYMBOL        _i
  D:0043H         SYMBOL        _j
  D:0042H         SYMBOL        _i
  D:0043H         SYMBOL        _j
  D:0042H         SYMBOL        _i
  D:0043H         SYMBOL        _j
  D:0042H         SYMBOL        _i
  D:0043H         SYMBOL        _j
  D:0042H         SYMBOL        _i
  D:0043H         SYMBOL        _j
  D:0042H         SYMBOL        _i
  D:0043H         SYMBOL        _j
  D:0042H         SYMBOL        _i
  D:0043H         SYMBOL        _j
  D:0042H         SYMBOL        _i
  D:0043H         SYMBOL        _j
  D:0042H         SYMBOL        _i
  D:0043H         SYMBOL        _j
  D:0042H         SYMBOL        _i
  D:0043H         SYMBOL        _j
  D:0042H         SYMBOL        _i
  D:0043H         SYMBOL        _j
  D:0042H         SYMBOL        _i
  D:0043H         SYMBOL        _j
  D:0042H         SYMBOL        _i
  D:0043H         SYMBOL        _j
  -------         ENDDO         
BL51 BANKED LINKER/LOCATER V6.22                                                      11/13/2013  12:59:55  PAGE 23


  -------         DO            
  D:0042H         SYMBOL        _i
  D:0043H         SYMBOL        _j
  D:0042H         SYMBOL        _i
  D:0043H         SYMBOL        _j
  D:0042H         SYMBOL        _i
  D:0043H         SYMBOL        _j
  D:0042H         SYMBOL        _i
  D:0043H         SYMBOL        _j
  D:0042H         SYMBOL        _i
  D:0043H         SYMBOL        _j
  D:0042H         SYMBOL        _i
  D:0043H         SYMBOL        _j
  D:0042H         SYMBOL        _i
  D:0043H         SYMBOL        _j
  D:0042H         SYMBOL        _i
  D:0043H         SYMBOL        _j
  D:0042H         SYMBOL        _i
  D:0043H         SYMBOL        _j
  D:0042H         SYMBOL        _i
  D:0043H         SYMBOL        _j
  D:0042H         SYMBOL        _i
  D:0043H         SYMBOL        _j
  D:0042H         SYMBOL        _i
  D:0043H         SYMBOL        _j
  D:0042H         SYMBOL        _i
  D:0043H         SYMBOL        _j
  D:0042H         SYMBOL        _i
  D:0043H         SYMBOL        _j
  D:0042H         SYMBOL        _i
  D:0043H         SYMBOL        _j
  D:0042H         SYMBOL        _i
  D:0043H         SYMBOL        _j
  D:0042H         SYMBOL        _i
  D:0043H         SYMBOL        _j
  -------         ENDDO         
  -------         DO            
  D:0042H         SYMBOL        _i
  D:0043H         SYMBOL        _j
  D:0042H         SYMBOL        _i
  D:0043H         SYMBOL        _j
  D:0042H         SYMBOL        _i
  D:0043H         SYMBOL        _j
  D:0042H         SYMBOL        _i
  D:0043H         SYMBOL        _j
  D:0042H         SYMBOL        _i
  D:0043H         SYMBOL        _j
  D:0042H         SYMBOL        _i
  D:0043H         SYMBOL        _j
  D:0042H         SYMBOL        _i
  D:0043H         SYMBOL        _j
  D:0042H         SYMBOL        _i
  D:0043H         SYMBOL        _j
  D:0042H         SYMBOL        _i
  D:0043H         SYMBOL        _j
  D:0042H         SYMBOL        _i
  D:0043H         SYMBOL        _j
BL51 BANKED LINKER/LOCATER V6.22                                                      11/13/2013  12:59:55  PAGE 24


  D:0042H         SYMBOL        _i
  D:0043H         SYMBOL        _j
  D:0042H         SYMBOL        _i
  D:0043H         SYMBOL        _j
  D:0042H         SYMBOL        _i
  D:0043H         SYMBOL        _j
  D:0042H         SYMBOL        _i
  D:0043H         SYMBOL        _j
  D:0042H         SYMBOL        _i
  D:0043H         SYMBOL        _j
  D:0042H         SYMBOL        _i
  D:0043H         SYMBOL        _j
  -------         ENDDO         
  -------         DO            
  D:0042H         SYMBOL        _i
  D:0043H         SYMBOL        _j
  D:0042H         SYMBOL        _i
  D:0043H         SYMBOL        _j
  D:0042H         SYMBOL        _i
  D:0043H         SYMBOL        _j
  D:0042H         SYMBOL        _i
  D:0043H         SYMBOL        _j
  D:0042H         SYMBOL        _i
  D:0043H         SYMBOL        _j
  D:0042H         SYMBOL        _i
  D:0043H         SYMBOL        _j
  D:0042H         SYMBOL        _i
  D:0043H         SYMBOL        _j
  D:0042H         SYMBOL        _i
  D:0043H         SYMBOL        _j
  D:0042H         SYMBOL        _i
  D:0043H         SYMBOL        _j
  D:0042H         SYMBOL        _i
  D:0043H         SYMBOL        _j
  D:0042H         SYMBOL        _i
  D:0043H         SYMBOL        _j
  D:0042H         SYMBOL        _i
  D:0043H         SYMBOL        _j
  D:0042H         SYMBOL        _i
  D:0043H         SYMBOL        _j
  D:0042H         SYMBOL        _i
  D:0043H         SYMBOL        _j
  D:0042H         SYMBOL        _i
  D:0043H         SYMBOL        _j
  -------         ENDDO         
  -------         DO            
  D:0042H         SYMBOL        _i
  D:0043H         SYMBOL        _j
  D:0042H         SYMBOL        _i
  D:0043H         SYMBOL        _j
  D:0042H         SYMBOL        _i
  D:0043H         SYMBOL        _j
  D:0042H         SYMBOL        _i
  D:0043H         SYMBOL        _j
  D:0042H         SYMBOL        _i
  D:0043H         SYMBOL        _j
  D:0042H         SYMBOL        _i
BL51 BANKED LINKER/LOCATER V6.22                                                      11/13/2013  12:59:55  PAGE 25


  D:0043H         SYMBOL        _j
  D:0042H         SYMBOL        _i
  D:0043H         SYMBOL        _j
  D:0042H         SYMBOL        _i
  D:0043H         SYMBOL        _j
  D:0042H         SYMBOL        _i
  D:0043H         SYMBOL        _j
  D:0042H         SYMBOL        _i
  D:0043H         SYMBOL        _j
  D:0042H         SYMBOL        _i
  D:0043H         SYMBOL        _j
  D:0042H         SYMBOL        _i
  D:0043H         SYMBOL        _j
  D:0042H         SYMBOL        _i
  D:0043H         SYMBOL        _j
  D:0042H         SYMBOL        _i
  D:0043H         SYMBOL        _j
  -------         ENDDO         
  -------         DO            
  D:0042H         SYMBOL        _i
  D:0043H         SYMBOL        _j
  D:0042H         SYMBOL        _i
  D:0043H         SYMBOL        _j
  D:0042H         SYMBOL        _i
  D:0043H         SYMBOL        _j
  D:0042H         SYMBOL        _i
  D:0043H         SYMBOL        _j
  D:0042H         SYMBOL        _i
  D:0043H         SYMBOL        _j
  D:0042H         SYMBOL        _i
  D:0043H         SYMBOL        _j
  D:0042H         SYMBOL        _i
  D:0043H         SYMBOL        _j
  D:0042H         SYMBOL        _i
  D:0043H         SYMBOL        _j
  D:0042H         SYMBOL        _i
  D:0043H         SYMBOL        _j
  D:0042H         SYMBOL        _i
  D:0043H         SYMBOL        _j
  D:0042H         SYMBOL        _i
  D:0043H         SYMBOL        _j
  D:0042H         SYMBOL        _i
  D:0043H         SYMBOL        _j
  D:0042H         SYMBOL        _i
  D:0043H         SYMBOL        _j
  -------         ENDDO         
  -------         DO            
  D:0042H         SYMBOL        _i
  D:0043H         SYMBOL        _j
  D:0042H         SYMBOL        _i
  D:0043H         SYMBOL        _j
  D:0042H         SYMBOL        _i
  D:0043H         SYMBOL        _j
  D:0042H         SYMBOL        _i
  D:0043H         SYMBOL        _j
  D:0042H         SYMBOL        _i
  D:0043H         SYMBOL        _j
BL51 BANKED LINKER/LOCATER V6.22                                                      11/13/2013  12:59:55  PAGE 26


  D:0042H         SYMBOL        _i
  D:0043H         SYMBOL        _j
  D:0042H         SYMBOL        _i
  D:0043H         SYMBOL        _j
  D:0042H         SYMBOL        _i
  D:0043H         SYMBOL        _j
  D:0042H         SYMBOL        _i
  D:0043H         SYMBOL        _j
  D:0042H         SYMBOL        _i
  D:0043H         SYMBOL        _j
  D:0042H         SYMBOL        _i
  D:0043H         SYMBOL        _j
  D:0042H         SYMBOL        _i
  D:0043H         SYMBOL        _j
  -------         ENDDO         
  -------         DO            
  D:0042H         SYMBOL        _i
  D:0043H         SYMBOL        _j
  D:0042H         SYMBOL        _i
  D:0043H         SYMBOL        _j
  D:0042H         SYMBOL        _i
  D:0043H         SYMBOL        _j
  D:0042H         SYMBOL        _i
  D:0043H         SYMBOL        _j
  D:0042H         SYMBOL        _i
  D:0043H         SYMBOL        _j
  D:0042H         SYMBOL        _i
  D:0043H         SYMBOL        _j
  D:0042H         SYMBOL        _i
  D:0043H         SYMBOL        _j
  D:0042H         SYMBOL        _i
  D:0043H         SYMBOL        _j
  D:0042H         SYMBOL        _i
  D:0043H         SYMBOL        _j
  D:0042H         SYMBOL        _i
  D:0043H         SYMBOL        _j
  D:0042H         SYMBOL        _i
  D:0043H         SYMBOL        _j
  -------         ENDDO         
  -------         DO            
  D:0042H         SYMBOL        _i
  D:0043H         SYMBOL        _j
  D:0042H         SYMBOL        _i
  D:0043H         SYMBOL        _j
  D:0042H         SYMBOL        _i
  D:0043H         SYMBOL        _j
  D:0042H         SYMBOL        _i
  D:0043H         SYMBOL        _j
  D:0042H         SYMBOL        _i
  D:0043H         SYMBOL        _j
  D:0042H         SYMBOL        _i
  D:0043H         SYMBOL        _j
  D:0042H         SYMBOL        _i
  D:0043H         SYMBOL        _j
  D:0042H         SYMBOL        _i
  D:0043H         SYMBOL        _j
  D:0042H         SYMBOL        _i
BL51 BANKED LINKER/LOCATER V6.22                                                      11/13/2013  12:59:55  PAGE 27


  D:0043H         SYMBOL        _j
  D:0042H         SYMBOL        _i
  D:0043H         SYMBOL        _j
  -------         ENDDO         
  -------         DO            
  D:0042H         SYMBOL        _i
  D:0043H         SYMBOL        _j
  D:0042H         SYMBOL        _i
  D:0043H         SYMBOL        _j
  D:0042H         SYMBOL        _i
  D:0043H         SYMBOL        _j
  D:0042H         SYMBOL        _i
  D:0043H         SYMBOL        _j
  D:0042H         SYMBOL        _i
  D:0043H         SYMBOL        _j
  D:0042H         SYMBOL        _i
  D:0043H         SYMBOL        _j
  D:0042H         SYMBOL        _i
  D:0043H         SYMBOL        _j
  D:0042H         SYMBOL        _i
  D:0043H         SYMBOL        _j
  D:0042H         SYMBOL        _i
  D:0043H         SYMBOL        _j
  -------         ENDDO         
  -------         DO            
  D:0042H         SYMBOL        _i
  D:0043H         SYMBOL        _j
  D:0042H         SYMBOL        _i
  D:0043H         SYMBOL        _j
  D:0042H         SYMBOL        _i
  D:0043H         SYMBOL        _j
  D:0042H         SYMBOL        _i
  D:0043H         SYMBOL        _j
  D:0042H         SYMBOL        _i
  D:0043H         SYMBOL        _j
  D:0042H         SYMBOL        _i
  D:0043H         SYMBOL        _j
  D:0042H         SYMBOL        _i
  D:0043H         SYMBOL        _j
  D:0042H         SYMBOL        _i
  D:0043H         SYMBOL        _j
  -------         ENDDO         
  -------         DO            
  D:0042H         SYMBOL        _i
  D:0043H         SYMBOL        _j
  D:0042H         SYMBOL        _i
  D:0043H         SYMBOL        _j
  D:0042H         SYMBOL        _i
  D:0043H         SYMBOL        _j
  D:0042H         SYMBOL        _i
  D:0043H         SYMBOL        _j
  D:0042H         SYMBOL        _i
  D:0043H         SYMBOL        _j
  D:0042H         SYMBOL        _i
  D:0043H         SYMBOL        _j
  D:0042H         SYMBOL        _i
  D:0043H         SYMBOL        _j
BL51 BANKED LINKER/LOCATER V6.22                                                      11/13/2013  12:59:55  PAGE 28


  -------         ENDDO         
  -------         DO            
  D:0042H         SYMBOL        _i
  D:0043H         SYMBOL        _j
  D:0042H         SYMBOL        _i
  D:0043H         SYMBOL        _j
  D:0042H         SYMBOL        _i
  D:0043H         SYMBOL        _j
  D:0042H         SYMBOL        _i
  D:0043H         SYMBOL        _j
  D:0042H         SYMBOL        _i
  D:0043H         SYMBOL        _j
  D:0042H         SYMBOL        _i
  D:0043H         SYMBOL        _j
  -------         ENDDO         
  -------         DO            
  D:0042H         SYMBOL        _i
  D:0043H         SYMBOL        _j
  D:0042H         SYMBOL        _i
  D:0043H         SYMBOL        _j
  D:0042H         SYMBOL        _i
  D:0043H         SYMBOL        _j
  D:0042H         SYMBOL        _i
  D:0043H         SYMBOL        _j
  D:0042H         SYMBOL        _i
  D:0043H         SYMBOL        _j
  -------         ENDDO         
  -------         DO            
  D:0042H         SYMBOL        _i
  D:0043H         SYMBOL        _j
  D:0042H         SYMBOL        _i
  D:0043H         SYMBOL        _j
  D:0042H         SYMBOL        _i
  D:0043H         SYMBOL        _j
  D:0042H         SYMBOL        _i
  D:0043H         SYMBOL        _j
  -------         ENDDO         
  -------         DO            
  D:0042H         SYMBOL        _i
  D:0043H         SYMBOL        _j
  D:0042H         SYMBOL        _i
  D:0043H         SYMBOL        _j
  D:0042H         SYMBOL        _i
  D:0043H         SYMBOL        _j
  -------         ENDDO         
  -------         DO            
  D:0042H         SYMBOL        _i
  D:0043H         SYMBOL        _j
  D:0042H         SYMBOL        _i
  D:0043H         SYMBOL        _j
  -------         ENDDO         
  -------         DO            
  D:0042H         SYMBOL        _i
  D:0043H         SYMBOL        _j
  -------         ENDDO         
  -------         DO            
  D:0042H         SYMBOL        _i
BL51 BANKED LINKER/LOCATER V6.22                                                      11/13/2013  12:59:55  PAGE 29


  D:0043H         SYMBOL        _j
  -------         ENDDO         
  -------         DO            
  D:0042H         SYMBOL        _i
  D:0043H         SYMBOL        _j
  D:0042H         SYMBOL        _i
  D:0043H         SYMBOL        _j
  D:0042H         SYMBOL        _i
  D:0043H         SYMBOL        _j
  D:0042H         SYMBOL        _i
  D:0043H         SYMBOL        _j
  D:0042H         SYMBOL        _i
  D:0043H         SYMBOL        _j
  D:0042H         SYMBOL        _i
  D:0043H         SYMBOL        _j
  D:0042H         SYMBOL        _i
  D:0043H         SYMBOL        _j
  D:0042H         SYMBOL        _i
  D:0043H         SYMBOL        _j
  D:0042H         SYMBOL        _i
  D:0043H         SYMBOL        _j
  D:0042H         SYMBOL        _i
  D:0043H         SYMBOL        _j
  D:0042H         SYMBOL        _i
  D:0043H         SYMBOL        _j
  -------         ENDDO         
  -------         DO            
  D:0042H         SYMBOL        _i
  D:0043H         SYMBOL        _j
  D:0042H         SYMBOL        _i
  D:0043H         SYMBOL        _j
  D:0042H         SYMBOL        _i
  D:0043H         SYMBOL        _j
  D:0042H         SYMBOL        _i
  D:0043H         SYMBOL        _j
  D:0042H         SYMBOL        _i
  D:0043H         SYMBOL        _j
  D:0042H         SYMBOL        _i
  D:0043H         SYMBOL        _j
  D:0042H         SYMBOL        _i
  D:0043H         SYMBOL        _j
  D:0042H         SYMBOL        _i
  D:0043H         SYMBOL        _j
  D:0042H         SYMBOL        _i
  D:0043H         SYMBOL        _j
  D:0042H         SYMBOL        _i
  D:0043H         SYMBOL        _j
  -------         ENDDO         
  -------         DO            
  D:0042H         SYMBOL        _i
  D:0043H         SYMBOL        _j
  D:0042H         SYMBOL        _i
  D:0043H         SYMBOL        _j
  D:0042H         SYMBOL        _i
  D:0043H         SYMBOL        _j
  D:0042H         SYMBOL        _i
  D:0043H         SYMBOL        _j
BL51 BANKED LINKER/LOCATER V6.22                                                      11/13/2013  12:59:55  PAGE 30


  D:0042H         SYMBOL        _i
  D:0043H         SYMBOL        _j
  D:0042H         SYMBOL        _i
  D:0043H         SYMBOL        _j
  D:0042H         SYMBOL        _i
  D:0043H         SYMBOL        _j
  D:0042H         SYMBOL        _i
  D:0043H         SYMBOL        _j
  D:0042H         SYMBOL        _i
  D:0043H         SYMBOL        _j
  -------         ENDDO         
  -------         DO            
  D:0042H         SYMBOL        _i
  D:0043H         SYMBOL        _j
  D:0042H         SYMBOL        _i
  D:0043H         SYMBOL        _j
  D:0042H         SYMBOL        _i
  D:0043H         SYMBOL        _j
  D:0042H         SYMBOL        _i
  D:0043H         SYMBOL        _j
  D:0042H         SYMBOL        _i
  D:0043H         SYMBOL        _j
  D:0042H         SYMBOL        _i
  D:0043H         SYMBOL        _j
  D:0042H         SYMBOL        _i
  D:0043H         SYMBOL        _j
  D:0042H         SYMBOL        _i
  D:0043H         SYMBOL        _j
  -------         ENDDO         
  -------         DO            
  D:0042H         SYMBOL        _i
  D:0043H         SYMBOL        _j
  D:0042H         SYMBOL        _i
  D:0043H         SYMBOL        _j
  D:0042H         SYMBOL        _i
  D:0043H         SYMBOL        _j
  D:0042H         SYMBOL        _i
  D:0043H         SYMBOL        _j
  D:0042H         SYMBOL        _i
  D:0043H         SYMBOL        _j
  D:0042H         SYMBOL        _i
  D:0043H         SYMBOL        _j
  D:0042H         SYMBOL        _i
  D:0043H         SYMBOL        _j
  -------         ENDDO         
  -------         DO            
  D:0042H         SYMBOL        _i
  D:0043H         SYMBOL        _j
  D:0042H         SYMBOL        _i
  D:0043H         SYMBOL        _j
  D:0042H         SYMBOL        _i
  D:0043H         SYMBOL        _j
  D:0042H         SYMBOL        _i
  D:0043H         SYMBOL        _j
  D:0042H         SYMBOL        _i
  D:0043H         SYMBOL        _j
  D:0042H         SYMBOL        _i
BL51 BANKED LINKER/LOCATER V6.22                                                      11/13/2013  12:59:55  PAGE 31


  D:0043H         SYMBOL        _j
  -------         ENDDO         
  -------         DO            
  D:0042H         SYMBOL        _i
  D:0043H         SYMBOL        _j
  D:0042H         SYMBOL        _i
  D:0043H         SYMBOL        _j
  D:0042H         SYMBOL        _i
  D:0043H         SYMBOL        _j
  D:0042H         SYMBOL        _i
  D:0043H         SYMBOL        _j
  D:0042H         SYMBOL        _i
  D:0043H         SYMBOL        _j
  -------         ENDDO         
  -------         DO            
  D:0042H         SYMBOL        _i
  D:0043H         SYMBOL        _j
  D:0042H         SYMBOL        _i
  D:0043H         SYMBOL        _j
  D:0042H         SYMBOL        _i
  D:0043H         SYMBOL        _j
  D:0042H         SYMBOL        _i
  D:0043H         SYMBOL        _j
  -------         ENDDO         
  -------         DO            
  D:0042H         SYMBOL        _i
  D:0043H         SYMBOL        _j
  D:0042H         SYMBOL        _i
  D:0043H         SYMBOL        _j
  D:0042H         SYMBOL        _i
  D:0043H         SYMBOL        _j
  -------         ENDDO         
  -------         DO            
  D:0042H         SYMBOL        _i
  D:0043H         SYMBOL        _j
  D:0042H         SYMBOL        _i
  D:0043H         SYMBOL        _j
  -------         ENDDO         
  -------         DO            
  D:0042H         SYMBOL        _i
  D:0043H         SYMBOL        _j
  -------         ENDDO         
  -------         DO            
  D:0042H         SYMBOL        _i
  D:0043H         SYMBOL        _j
  -------         ENDDO         
  -------         DO            
  D:0042H         SYMBOL        _i
  D:0043H         SYMBOL        _j
  D:0042H         SYMBOL        _i
  D:0043H         SYMBOL        _j
  -------         ENDDO         
  -------         DO            
  D:0042H         SYMBOL        _i
  D:0043H         SYMBOL        _j
  -------         ENDDO         
  -------         ENDDO         
BL51 BANKED LINKER/LOCATER V6.22                                                      11/13/2013  12:59:55  PAGE 32


  C:7000H         LINE#         1152
  C:7000H         LINE#         1153
  C:7000H         LINE#         1159
  C:700AH         LINE#         1163
  C:7010H         LINE#         1164
  C:7015H         LINE#         1165
  C:7015H         LINE#         1166
  C:7023H         LINE#         1167
  C:7034H         LINE#         1170
  C:7036H         LINE#         1172
  C:7039H         LINE#         1173
  C:703CH         LINE#         1180
  C:703FH         LINE#         1181
  C:7042H         LINE#         1184
  C:7048H         LINE#         1186
  C:7048H         LINE#         1188
  C:7048H         LINE#         1191
  C:704BH         LINE#         1195
  C:704EH         LINE#         1196
  C:7063H         LINE#         1197
  C:707BH         LINE#         1198
  C:707DH         LINE#         1202
  C:707FH         LINE#         1204
  C:7083H         LINE#         1205
  C:7085H         LINE#         1213
  C:708EH         LINE#         1215
  C:70A2H         LINE#         1216
  C:70BAH         LINE#         1217
  C:70BDH         LINE#         1218
  C:70BDH         LINE#         1219
  C:70C1H         LINE#         1220
  C:70C3H         LINE#         1221
  C:70D8H         LINE#         1222
  C:70F0H         LINE#         1223
  C:70F6H         LINE#         1224
  C:70F6H         LINE#         1225
  C:70FAH         LINE#         1226
  C:70FCH         LINE#         1227
  C:7111H         LINE#         1228
  C:7129H         LINE#         1229
  C:712FH         LINE#         1230
  C:712FH         LINE#         1231
  C:7133H         LINE#         1232
  C:7135H         LINE#         1235
  C:7137H         LINE#         1236
  C:714DH         LINE#         1237
  C:715BH         LINE#         1238
  C:715DH         LINE#         1240
  C:7168H         LINE#         1242
  C:717CH         LINE#         1243
  C:7194H         LINE#         1244
  C:719AH         LINE#         1245
  C:719AH         LINE#         1246
  C:719EH         LINE#         1247
  C:71A0H         LINE#         1250
  C:71A2H         LINE#         1251
  C:71B8H         LINE#         1252
BL51 BANKED LINKER/LOCATER V6.22                                                      11/13/2013  12:59:55  PAGE 33


  C:71CEH         LINE#         1253
  C:71E4H         LINE#         1254
  C:71F2H         LINE#         1255
  C:71F4H         LINE#         1257
  C:71FFH         LINE#         1259
  C:7201H         LINE#         1260
  C:7217H         LINE#         1261
  C:722DH         LINE#         1262
  C:723BH         LINE#         1263
  C:723DH         LINE#         1265
  C:7248H         LINE#         1268
  C:725CH         LINE#         1269
  C:7274H         LINE#         1270
  C:727AH         LINE#         1271
  C:727AH         LINE#         1273
  C:727EH         LINE#         1274
  C:7280H         LINE#         1275
  C:7283H         LINE#         1277
  C:728AH         LINE#         1280
  C:72A3H         LINE#         1284
  C:72A7H         LINE#         1285
  C:72A7H         LINE#         1287
  C:72AAH         LINE#         1293
  C:72ADH         LINE#         1295
  C:72B0H         LINE#         1297
  C:72B7H         LINE#         1304
  C:72BDH         LINE#         1307
  C:72C0H         LINE#         1309
  C:72C2H         LINE#         1311
  C:72C4H         LINE#         1312
  C:72C8H         LINE#         1313
  C:72C8H         LINE#         1316
  C:72CBH         LINE#         1320
  C:72CBH         LINE#         1323
  C:72CDH         LINE#         1324
  C:72E3H         LINE#         1325
  C:72FBH         LINE#         1326
  C:7309H         LINE#         1327
  C:730BH         LINE#         1329
  C:7318H         LINE#         1332
  C:732CH         LINE#         1333
  C:7344H         LINE#         1334
  C:734AH         LINE#         1335
  C:734AH         LINE#         1336
  C:734EH         LINE#         1337
  C:7350H         LINE#         1340
  C:7365H         LINE#         1341
  C:737DH         LINE#         1342
  C:7383H         LINE#         1343
  C:7383H         LINE#         1344
  C:7387H         LINE#         1345
  C:7389H         LINE#         1347
  C:7390H         LINE#         1350
  C:73AEH         LINE#         1351
  C:73AEH         LINE#         1354
  C:73B1H         LINE#         1361
  C:73B4H         LINE#         1363
BL51 BANKED LINKER/LOCATER V6.22                                                      11/13/2013  12:59:55  PAGE 34


  C:73B7H         LINE#         1365
  C:73C9H         LINE#         1368
  C:73CCH         LINE#         1372
  C:73D7H         LINE#         1373
  C:73EBH         LINE#         1374
  C:7403H         LINE#         1375
  C:7409H         LINE#         1376
  C:7409H         LINE#         1383
  C:741DH         LINE#         1384
  C:741FH         LINE#         1385
  C:7424H         LINE#         1388
  C:7427H         LINE#         1393
  C:742AH         LINE#         1395
  C:742CH         LINE#         1398
  C:742EH         LINE#         1401
  C:7430H         LINE#         1402
  C:7446H         LINE#         1403
  C:745CH         LINE#         1404
  C:746AH         LINE#         1405
  C:746CH         LINE#         1407
  C:747AH         LINE#         1410
  C:748EH         LINE#         1411
  C:74A6H         LINE#         1412
  C:74ACH         LINE#         1413
  C:74ACH         LINE#         1415
  C:74B0H         LINE#         1416
  C:74B2H         LINE#         1418
  C:74BBH         LINE#         1421
  C:74C3H         LINE#         1422
  C:74EDH         LINE#         1425
  C:74EFH         LINE#         1426
  C:7505H         LINE#         1427
  C:751DH         LINE#         1428
  C:752BH         LINE#         1429
  C:752DH         LINE#         1431
  C:7538H         LINE#         1434
  C:754CH         LINE#         1435
  C:7564H         LINE#         1436
  C:756AH         LINE#         1437
  C:756AH         LINE#         1438
  C:756EH         LINE#         1439
  C:7570H         LINE#         1442
  C:7585H         LINE#         1443
  C:759DH         LINE#         1444
  C:75A3H         LINE#         1445
  C:75A3H         LINE#         1446
  C:75A7H         LINE#         1447
  C:75A9H         LINE#         1449
  C:75ABH         LINE#         1451
  C:75C1H         LINE#         1452
  C:75D7H         LINE#         1454
  C:75F0H         LINE#         1457
  C:75F7H         LINE#         1458
  C:7618H         LINE#         1459
  C:762FH         LINE#         1460
  C:7636H         LINE#         1462
  C:764EH         LINE#         1463
BL51 BANKED LINKER/LOCATER V6.22                                                      11/13/2013  12:59:55  PAGE 35


  C:765CH         LINE#         1464
  C:765EH         LINE#         1466
  C:7666H         LINE#         1469
  C:7669H         LINE#         1471
  C:766CH         LINE#         1472
  C:766CH         LINE#         1474
  C:7676H         LINE#         1477
  C:7679H         LINE#         1478
  C:767BH         LINE#         1479
  -------         ENDPROC       UPGRADE
  -------         PROC          YIELD
  C:263AH         LINE#         1496
  C:263AH         LINE#         1497
  C:263AH         LINE#         1498
  C:263FH         LINE#         1502
  C:2642H         LINE#         1506
  C:2645H         LINE#         1507
  C:2650H         LINE#         1510
  C:2653H         LINE#         1511
  C:265EH         LINE#         1515
  C:2664H         LINE#         1516
  C:2671H         LINE#         1518
  C:2673H         LINE#         1520
  C:2676H         LINE#         1521
  C:2678H         LINE#         1522
  C:2678H         LINE#         1525
  C:267EH         LINE#         1526
  C:2682H         LINE#         1527
  C:2685H         LINE#         1528
  C:2687H         LINE#         1529
  C:2687H         LINE#         1531
  C:268DH         LINE#         1532
  C:268FH         LINE#         1543
  C:2692H         LINE#         1544
  C:2692H         LINE#         1559
  C:26A5H         LINE#         1560
  C:26A7H         LINE#         1562
  -------         ENDPROC       YIELD
  -------         PROC          MAIN
  C:2E28H         LINE#         1570
  C:2E28H         LINE#         1571
  C:2E28H         LINE#         1572
  C:2E2BH         LINE#         1574
  C:2E2BH         LINE#         1575
  C:2E2EH         LINE#         1581
  C:2E31H         LINE#         1583
  -------         ENDPROC       MAIN
  -------         ENDMOD        MSCBMAIN

  -------         MODULE        MSCBUTIL
  C:0000H         SYMBOL        _ICE_DUMMY_
  C:2A2FH         PUBLIC        eeprom_erase
  C:2145H         PUBLIC        timer0_int
  D:00FFH         PUBLIC        WDTCN
  D:00B0H         PUBLIC        P3
  C:2D3DH         PUBLIC        _?watchdog_int
  B:00A8H.7       PUBLIC        EA
BL51 BANKED LINKER/LOCATER V6.22                                                      11/13/2013  12:59:55  PAGE 36


  D:00E7H         PUBLIC        EIE2
  C:2D80H         PUBLIC        sysclock_init
  D:008FH         PUBLIC        PSCTL
  C:2890H         PUBLIC        _eeprom_read
[...]
  C:29F0H         LINE#         616
  C:29F3H         LINE#         617
  C:29FAH         LINE#         619
  C:29FDH         LINE#         620
  C:2A00H         LINE#         638
  C:2A02H         LINE#         639
  C:2A04H         LINE#         644
  C:2A06H         LINE#         658
  C:2A09H         LINE#         659
  C:2A0CH         LINE#         661
  C:2A0FH         LINE#         662
  C:2A17H         LINE#         663
  C:2A1AH         LINE#         665
  C:2A21H         LINE#         666
  C:2A23H         LINE#         668
  C:2A26H         LINE#         669
  C:2A29H         LINE#         690
  C:2A2CH         LINE#         692
  C:2A2CH         LINE#         694
  C:2A2EH         LINE#         695
  -------         ENDPROC       _UART_INIT
  -------         PROC          SYSCLOCK_RESET
BL51 BANKED LINKER/LOCATER V6.22                                                      11/13/2013  12:59:55  PAGE 41


  -------         DO            
  I:0087H         SYMBOL        i
  -------         ENDDO         
  C:26A8H         LINE#         780
  C:26A8H         LINE#         788
  C:26A8H         LINE#         791
  C:26B2H         LINE#         792
  C:26BCH         LINE#         793
  C:26C2H         LINE#         795
  C:26CEH         LINE#         796
  C:26DEH         LINE#         797
  C:26EEH         LINE#         798
  C:26FEH         LINE#         799
  C:270EH         LINE#         800
  C:2711H         LINE#         801
  -------         ENDPROC       SYSCLOCK_RESET
  -------         PROC          SYSCLOCK_INIT
  C:2D80H         LINE#         806
  C:2D80H         LINE#         814
  C:2D80H         LINE#         815
  C:2D82H         LINE#         816
  C:2D84H         LINE#         817
  C:2D86H         LINE#         820
  C:2D89H         LINE#         823
  C:2D91H         LINE#         825
  C:2D94H         LINE#         826
  C:2D97H         LINE#         838
  C:2D9AH         LINE#         839
  C:2D9CH         LINE#         841
  C:2D9FH         LINE#         842
  -------         ENDPROC       SYSCLOCK_INIT
  -------         PROC          _?LED_INT
  -------         DO            
  i:0000H         SYMBOL        led_i
  -------         ENDDO         
  C:1E7EH         LINE#         846
  C:1E80H         LINE#         851
  C:1E8FH         LINE#         852
  C:1EBAH         LINE#         853
  C:1EE0H         LINE#         854
  C:1EE9H         LINE#         856
  C:1EF2H         LINE#         858
  C:1F06H         LINE#         859
  C:1F0DH         LINE#         861
  C:1F20H         LINE#         862
  C:1F31H         LINE#         863
  C:1F51H         LINE#         864
  C:1F51H         LINE#         866
  C:1F64H         LINE#         867
  C:1F75H         LINE#         868
  C:1F7BH         LINE#         869
  -------         ENDPROC       _?LED_INT
  -------         PROC          TIMER0_INT
  C:2145H         LINE#         876
  C:2167H         LINE#         892
  C:216AH         LINE#         902
  C:218FH         LINE#         903
BL51 BANKED LINKER/LOCATER V6.22                                                      11/13/2013  12:59:55  PAGE 42


  C:2195H         LINE#         904
  C:2198H         LINE#         905
  C:21BBH         LINE#         906
  C:21C1H         LINE#         907
  C:21C1H         LINE#         909
  C:21C4H         LINE#         910
  C:21C7H         LINE#         911
  -------         ENDPROC       TIMER0_INT
  -------         PROC          _?LED_MODE
  i:0000H         SYMBOL        led
  i:0001H         SYMBOL        flag
  C:2C2BH         LINE#         916
  C:2C37H         LINE#         929
  C:2C3FH         LINE#         930
  C:2C54H         LINE#         931
  C:2C5EH         LINE#         932
  C:2C5EH         LINE#         933
  -------         ENDPROC       _?LED_MODE
  -------         PROC          _?LED_BLINK
  i:0000H         SYMBOL        led
  i:0001H         SYMBOL        n
  i:0002H         SYMBOL        interval
  C:23BAH         LINE#         937
  C:23D1H         LINE#         951
  C:23D9H         LINE#         952
  C:23FBH         LINE#         953
  C:2413H         LINE#         954
  C:2433H         LINE#         955
  C:2443H         LINE#         956
  C:2443H         LINE#         957
  C:2443H         LINE#         958
  -------         ENDPROC       _?LED_BLINK
  -------         PROC          _?LED_SET
  i:0001H         SYMBOL        led
  i:0002H         SYMBOL        flag
  -------         DO            
  i:0000H         SYMBOL        old_page
  -------         ENDDO         
  C:2558H         LINE#         962
  C:2566H         LINE#         969
  C:2583H         LINE#         970
  C:2596H         LINE#         973
  C:259AH         LINE#         974
  C:259DH         LINE#         978
  C:25A3H         LINE#         979
  C:25AEH         LINE#         982
  C:25B5H         LINE#         983
  C:25BEH         LINE#         1043
  C:25C3H         LINE#         1045
  -------         ENDPROC       _?LED_SET
  -------         PROC          TIME
  -------         DO            
  D:0004H         SYMBOL        t
  -------         ENDDO         
  C:2DBFH         LINE#         1049
  C:2DBFH         LINE#         1057
  C:2DBFH         LINE#         1058
BL51 BANKED LINKER/LOCATER V6.22                                                      11/13/2013  12:59:55  PAGE 43


  C:2DBFH         LINE#         1060
  C:2DC1H         LINE#         1061
  C:2DCFH         LINE#         1062
  C:2DD1H         LINE#         1063
  C:2DD1H         LINE#         1064
  -------         ENDPROC       TIME
  -------         PROC          UPTIME
  -------         DO            
  D:0004H         SYMBOL        t
  -------         ENDDO         
  C:2DD2H         LINE#         1068
  C:2DD2H         LINE#         1076
  C:2DD2H         LINE#         1077
  C:2DD2H         LINE#         1079
  C:2DD4H         LINE#         1080
  C:2DE2H         LINE#         1081
  C:2DE4H         LINE#         1082
  C:2DE4H         LINE#         1083
  -------         ENDPROC       UPTIME
  -------         PROC          _?WATCHDOG_REFRESH
  i:0000H         SYMBOL        from_interrupt
  C:2CBEH         LINE#         1094
  C:2CC4H         LINE#         1113
  C:2CC4H         LINE#         1116
  C:2CC9H         LINE#         1117
  C:2CCEH         LINE#         1119
  C:2CE4H         LINE#         1125
  C:2CE7H         LINE#         1129
  C:2CE7H         LINE#         1153
  -------         ENDPROC       _?WATCHDOG_REFRESH
  -------         PROC          _WATCHDOG_ENABLE
  D:0007H         SYMBOL        timeout
  C:2D5FH         LINE#         1157
  C:2D5FH         LINE#         1168
  C:2D5FH         LINE#         1169
  C:2D5FH         LINE#         1172
  C:2D61H         LINE#         1173
  C:2D67H         LINE#         1174
  C:2D6AH         LINE#         1175
  C:2D6FH         LINE#         1177
  C:2D73H         LINE#         1190
  C:2D76H         LINE#         1191
  C:2D79H         LINE#         1194
  C:2D7CH         LINE#         1195
  C:2D7FH         LINE#         1204
  -------         ENDPROC       _WATCHDOG_ENABLE
  -------         PROC          WATCHDOG_DISABLE
  C:2DE5H         LINE#         1208
  C:2DE5H         LINE#         1216
  C:2DE5H         LINE#         1218
  C:2DE7H         LINE#         1219
  C:2DEDH         LINE#         1220
  C:2DF1H         LINE#         1226
  C:2DF4H         LINE#         1227
  C:2DF7H         LINE#         1229
  -------         ENDPROC       WATCHDOG_DISABLE
  -------         PROC          _?WATCHDOG_INT
BL51 BANKED LINKER/LOCATER V6.22                                                      11/13/2013  12:59:55  PAGE 44


  C:2D3DH         LINE#         1233
  C:2D3DH         LINE#         1245
  C:2D45H         LINE#         1246
  C:2D5BH         LINE#         1252
  C:2D5EH         LINE#         1256
  C:2D5EH         LINE#         1279
  -------         ENDPROC       _?WATCHDOG_INT
  -------         PROC          _DELAY_MS
  D:0013H         SYMBOL        ms
  -------         DO            
  D:0015H         SYMBOL        i
  -------         ENDDO         
  C:2CEAH         LINE#         1292
  C:2CEEH         LINE#         1293
  C:2CEEH         LINE#         1296
  C:2CFEH         LINE#         1297
  C:2D05H         LINE#         1298
  C:2D0AH         LINE#         1299
  C:2D14H         LINE#         1300
  -------         ENDPROC       _DELAY_MS
  -------         PROC          _DELAY_US
  D:0017H         SYMBOL        us
  -------         DO            
  D:0007H         SYMBOL        i
  D:0006H         SYMBOL        j
  D:0019H         SYMBOL        remaining_us
  -------         ENDDO         
  C:2776H         LINE#         1302
  C:277AH         LINE#         1303
  C:277AH         LINE#         1307
  C:277AH         LINE#         1308
  C:2785H         LINE#         1309
  C:278DH         LINE#         1311
  C:278EH         LINE#         1312
  C:2796H         LINE#         1313
  C:279AH         LINE#         1328
  C:279DH         LINE#         1329
  C:279DH         LINE#         1330
  C:27A3H         LINE#         1331
  C:27AEH         LINE#         1332
  C:27B5H         LINE#         1333
  C:27C1H         LINE#         1334
  C:27C3H         LINE#         1335
  C:27CEH         LINE#         1336
  C:27D5H         LINE#         1337
  C:27D5H         LINE#         1338
  -------         ENDPROC       _DELAY_US
  -------         PROC          _EEPROM_READ
  D:0048H         SYMBOL        dst
  D:004BH         SYMBOL        len
  D:004CH         SYMBOL        offset
  -------         DO            
  D:0005H         SYMBOL        i
  D:0006H         SYMBOL        p
  D:004FH         SYMBOL        d
  -------         ENDDO         
  C:2890H         LINE#         1346
BL51 BANKED LINKER/LOCATER V6.22                                                      11/13/2013  12:59:55  PAGE 45


  C:2898H         LINE#         1360
  C:2898H         LINE#         1365
  C:289DH         LINE#         1367
  C:28AEH         LINE#         1368
  C:28B7H         LINE#         1370
  C:28BFH         LINE#         1371
  C:28DAH         LINE#         1373
  C:28E7H         LINE#         1374
  -------         ENDPROC       _EEPROM_READ
  -------         PROC          _EEPROM_WRITE
  D:0048H         SYMBOL        src
  D:004BH         SYMBOL        len
  D:004CH         SYMBOL        offset
  -------         DO            
  I:00ACH         SYMBOL        p
  I:00AEH         SYMBOL        i
  I:00AFH         SYMBOL        b
  I:00B0H         SYMBOL        s
  -------         ENDDO         
  C:21EAH         LINE#         1378
  C:21F2H         LINE#         1392
  C:21F2H         LINE#         1397
  C:21FCH         LINE#         1400
  C:21FFH         LINE#         1401
  C:2201H         LINE#         1404
  C:2204H         LINE#         1410
  C:2207H         LINE#         1412
  C:220AH         LINE#         1414
  C:2220H         LINE#         1415
  C:2230H         LINE#         1417
  C:223CH         LINE#         1418
  C:2254H         LINE#         1425
  C:2269H         LINE#         1426
  C:226EH         LINE#         1428
  C:2271H         LINE#         1429
  C:2274H         LINE#         1431
  C:2280H         LINE#         1433
  C:2282H         LINE#         1434
  C:2287H         LINE#         1435
  -------         ENDPROC       _EEPROM_WRITE
  -------         PROC          EEPROM_ERASE
  -------         DO            
  I:00ACH         SYMBOL        i
  I:00ADH         SYMBOL        p
  -------         ENDDO         
  C:2A2FH         LINE#         1439
  C:2A2FH         LINE#         1447
  C:2A2FH         LINE#         1451
  C:2A36H         LINE#         1454
  C:2A38H         LINE#         1455
  C:2A3BH         LINE#         1458
  C:2A3EH         LINE#         1464
  C:2A41H         LINE#         1466
  C:2A44H         LINE#         1478
  C:2A4AH         LINE#         1479
  C:2A55H         LINE#         1480
  C:2A60H         LINE#         1481
BL51 BANKED LINKER/LOCATER V6.22                                                      11/13/2013  12:59:55  PAGE 46


  C:2A65H         LINE#         1482
  C:2A6FH         LINE#         1483
  C:2A73H         LINE#         1486
  C:2A76H         LINE#         1487
  C:2A79H         LINE#         1489
  C:2A7BH         LINE#         1490
  C:2A7FH         LINE#         1491
  -------         ENDPROC       EEPROM_ERASE
  -------         PROC          EEPROM_FLASH
  -------         DO            
  D:0042H         SYMBOL        i
  D:0043H         SYMBOL        adr
  D:0044H         SYMBOL        magic
  D:0046H         SYMBOL        offset
  -------         ENDDO         
  C:2064H         LINE#         1495
  C:2064H         LINE#         1503
  C:2064H         LINE#         1507
  C:2067H         LINE#         1509
  C:206CH         LINE#         1512
  C:2084H         LINE#         1515
  C:208AH         LINE#         1516
  C:20A3H         LINE#         1519
  C:20AEH         LINE#         1520
  C:20C7H         LINE#         1521
  C:2121H         LINE#         1525
  C:2127H         LINE#         1526
  C:2140H         LINE#         1528
  C:2144H         LINE#         1529
  -------         ENDPROC       EEPROM_FLASH
  -------         PROC          _EEPROM_RETRIEVE
  D:0040H         SYMBOL        flag
  -------         DO            
  D:0041H         SYMBOL        i
  D:0042H         SYMBOL        adr
  D:0043H         SYMBOL        status
  D:0044H         SYMBOL        magic
  D:0046H         SYMBOL        offset
  -------         ENDDO         
  C:1C50H         LINE#         1533
  C:1C52H         LINE#         1542
  C:1C52H         LINE#         1546
  C:1C57H         LINE#         1547
  C:1C59H         LINE#         1550
  C:1C71H         LINE#         1553
  C:1C8AH         LINE#         1554
  C:1C96H         LINE#         1555
  C:1C99H         LINE#         1558
  C:1CA7H         LINE#         1559
  C:1CC0H         LINE#         1560
  C:1CC4H         LINE#         1561
  C:1D18H         LINE#         1564
  C:1D35H         LINE#         1565
  C:1D3FH         LINE#         1568
  C:1D58H         LINE#         1569
  C:1D64H         LINE#         1570
  C:1D67H         LINE#         1572
BL51 BANKED LINKER/LOCATER V6.22                                                      11/13/2013  12:59:55  PAGE 47


  C:1D69H         LINE#         1573
  -------         ENDPROC       _EEPROM_RETRIEVE
  -------         ENDMOD        MSCBUTIL

  -------         MODULE        PRINTF
  D:003DH         PUBLIC        ?_PRINTF?BYTE
  D:003DH         PUBLIC        ?_SPRINTF?BYTE
  C:13F1H         PUBLIC        _PRINTF
  C:13EBH         PUBLIC        _SPRINTF
  -------         ENDMOD        PRINTF

  -------         MODULE        ATOF
  C:2B15H         PUBLIC        _ATOF
  -------         ENDMOD        ATOF

  -------         MODULE        ?C?FPROUND
  C:0BE2H         PUBLIC        ?C?FPROUND
  -------         ENDMOD        ?C?FPROUND

  -------         MODULE        ?C?FPCONVERT
  C:0C11H         PUBLIC        ?C?FPCONVERT
  -------         ENDMOD        ?C?FPCONVERT

  -------         MODULE        ?C?FPADD
  C:0D65H         PUBLIC        ?C?FPADD
  C:0D61H         PUBLIC        ?C?FPSUB
  -------         ENDMOD        ?C?FPADD

  -------         MODULE        ?C?FPMUL
  C:0E56H         PUBLIC        ?C?FPMUL
  -------         ENDMOD        ?C?FPMUL

  -------         MODULE        ?C?FPDIV
  C:0F5FH         PUBLIC        ?C?FPDIV
  -------         ENDMOD        ?C?FPDIV

  -------         MODULE        ?C?FPNEG
  C:0FFCH         PUBLIC        ?C?FPNEG
  -------         ENDMOD        ?C?FPNEG

  -------         MODULE        ?C?FCAST
  C:1017H         PUBLIC        ?C?FCASTC
  C:1012H         PUBLIC        ?C?FCASTI
  C:100DH         PUBLIC        ?C?FCASTL
  -------         ENDMOD        ?C?FCAST

  -------         MODULE        ?C?FTNPWR
  C:107BH         PUBLIC        ?C?FTNPWR
  -------         ENDMOD        ?C?FTNPWR

  -------         MODULE        ?C?CLDPTR
  C:10BBH         PUBLIC        ?C?CLDPTR
  -------         ENDMOD        ?C?CLDPTR

  -------         MODULE        ?C?CLDOPTR
  C:10D4H         PUBLIC        ?C?CLDOPTR
  -------         ENDMOD        ?C?CLDOPTR
BL51 BANKED LINKER/LOCATER V6.22                                                      11/13/2013  12:59:55  PAGE 48



  -------         MODULE        ?C?CSTPTR
  C:1101H         PUBLIC        ?C?CSTPTR
  -------         ENDMOD        ?C?CSTPTR

  -------         MODULE        ?C?CSTOPTR
  C:1113H         PUBLIC        ?C?CSTOPTR
  -------         ENDMOD        ?C?CSTOPTR

  -------         MODULE        ?C?IMUL
  C:1135H         PUBLIC        ?C?IMUL
  -------         ENDMOD        ?C?IMUL

  -------         MODULE        ?C?SIDIV
  C:1147H         PUBLIC        ?C?SIDIV
  -------         ENDMOD        ?C?SIDIV

  -------         MODULE        ?C?ILDIX
  C:117DH         PUBLIC        ?C?ILDIX
  -------         ENDMOD        ?C?ILDIX

  -------         MODULE        ?C?ILDPTR
  C:1193H         PUBLIC        ?C?ILDPTR
  -------         ENDMOD        ?C?ILDPTR

  -------         MODULE        ?C?IILDPTR
  C:11BEH         PUBLIC        ?C?IILDPTR
  -------         ENDMOD        ?C?IILDPTR

  -------         MODULE        ?C?LNEG
  C:11F6H         PUBLIC        ?C?LNEG
  -------         ENDMOD        ?C?LNEG

  -------         MODULE        ?C?ULCMP
  C:1204H         PUBLIC        ?C?ULCMP
  -------         ENDMOD        ?C?ULCMP

  -------         MODULE        ?C?LLDIDATA0
  C:1215H         PUBLIC        ?C?LLDIDATA0
  -------         ENDMOD        ?C?LLDIDATA0

  -------         MODULE        ?C?LSTIDATA
  C:1222H         PUBLIC        ?C?LSTIDATA
  -------         ENDMOD        ?C?LSTIDATA

  -------         MODULE        ?C?LSTXDATA
  C:122EH         PUBLIC        ?C?LSTXDATA
  -------         ENDMOD        ?C?LSTXDATA

  -------         MODULE        ?C?LSTKXDATA
  C:123AH         PUBLIC        ?C?LSTKXDATA
  -------         ENDMOD        ?C?LSTKXDATA

  -------         MODULE        ?C?PLDIIDATA
  C:126BH         PUBLIC        ?C?PLDIIDATA
  -------         ENDMOD        ?C?PLDIIDATA

BL51 BANKED LINKER/LOCATER V6.22                                                      11/13/2013  12:59:55  PAGE 49


  -------         MODULE        ?C?PLDOPTR
  C:127BH         PUBLIC        ?C?PLDOPTR
  -------         ENDMOD        ?C?PLDOPTR

  -------         MODULE        ?C?CCASE
  C:12ABH         PUBLIC        ?C?CCASE
  -------         ENDMOD        ?C?CCASE

  -------         MODULE        ?C_IBP
  D:001BH         PUBLIC        ?C_IBP
  -------         ENDMOD        ?C_IBP

  -------         MODULE        ISSPACE
  C:2DF8H         PUBLIC        _isspace
  -------         ENDMOD        ISSPACE

  -------         MODULE        STRNCPY
  D:0040H         PUBLIC        ?_strncpy?BYTE
  C:293BH         PUBLIC        _strncpy
  -------         ENDMOD        STRNCPY

  -------         MODULE        ?C?MEMSET
  C:12D1H         PUBLIC        ?C?MEMSET
  -------         ENDMOD        ?C?MEMSET

  -------         MODULE        ?C?UIDIV
  C:12FDH         PUBLIC        ?C?UIDIV
  -------         ENDMOD        ?C?UIDIV

  -------         MODULE        ?C?IILDX
  C:1352H         PUBLIC        ?C?IILDX
  -------         ENDMOD        ?C?IILDX

  -------         MODULE        ?C?PLDIDATA
  C:1368H         PUBLIC        ?C?PLDIDATA
  -------         ENDMOD        ?C?PLDIDATA

  -------         MODULE        ?C?PLDXDATA
  C:1371H         PUBLIC        ?C?PLDXDATA
  -------         ENDMOD        ?C?PLDXDATA

  -------         MODULE        ?C?PLDPDATA
  C:137AH         PUBLIC        ?C?PLDPDATA
  -------         ENDMOD        ?C?PLDPDATA

  -------         MODULE        ?C?PLDCODE
  C:1383H         PUBLIC        ?C?PLDCODE
  -------         ENDMOD        ?C?PLDCODE

Program Size: data=186.3 xdata=3417 code=19547
LINK/LOCATE RUN COMPLETE.  0 WARNING(S),  0 ERROR(S)
