BL51 BANKED LINKER/LOCATER V6.22                                                        11/18/2013  15:34:05  PAGE 1


BL51 BANKED LINKER/LOCATER V6.22, INVOKED BY:
C:\KEIL\C51\BIN\BL51.EXE .\mscbmain.obj, .\mscbutil.obj, scs_210_maxigauge.obj TO scs_210_maxigauge RAMSIZE (256) DISABL
>> EWARNING (16) CODE (?PR?UPGRADE?MSCBMAIN (0X7000))


MEMORY MODEL: SMALL WITH FLOATING POINT ARITHMETIC


INPUT MODULES INCLUDED:
  .\mscbmain.obj (MSCBMAIN)
  .\mscbutil.obj (MSCBUTIL)
  scs_210_maxigauge.obj (SCS_210_MAXIGAUGE)
  C:\KEIL\C51\LIB\C51FPS.LIB (PRINTF)
  C:\KEIL\C51\LIB\C51FPS.LIB (ATOF)
  C:\KEIL\C51\LIB\C51FPS.LIB (?C?FPROUND)
  C:\KEIL\C51\LIB\C51FPS.LIB (?C?FPCONVERT)
  C:\KEIL\C51\LIB\C51FPS.LIB (?C?ATOF)
  C:\KEIL\C51\LIB\C51FPS.LIB (?C?FPGETOPN)
  C:\KEIL\C51\LIB\C51FPS.LIB (?C?FPADD)
  C:\KEIL\C51\LIB\C51FPS.LIB (?C?FPMUL)
  C:\KEIL\C51\LIB\C51FPS.LIB (?C?FPDIV)
  C:\KEIL\C51\LIB\C51FPS.LIB (?C?FPNEG)
  C:\KEIL\C51\LIB\C51FPS.LIB (?C?FCAST)
  C:\KEIL\C51\LIB\C51FPS.LIB (?C?FTNPWR)
  C:\KEIL\C51\LIB\C51S.LIB (?C_STARTUP)
  C:\KEIL\C51\LIB\C51S.LIB (?C?COPY)
  C:\KEIL\C51\LIB\C51S.LIB (?C?CLDPTR)
  C:\KEIL\C51\LIB\C51S.LIB (?C?CLDOPTR)
  C:\KEIL\C51\LIB\C51S.LIB (?C?CSTPTR)
  C:\KEIL\C51\LIB\C51S.LIB (?C?CSTOPTR)
  C:\KEIL\C51\LIB\C51S.LIB (?C?IMUL)
  C:\KEIL\C51\LIB\C51S.LIB (?C?SIDIV)
  C:\KEIL\C51\LIB\C51S.LIB (?C?ILDIX)
  C:\KEIL\C51\LIB\C51S.LIB (?C?ILDPTR)
  C:\KEIL\C51\LIB\C51S.LIB (?C?IILDPTR)
  C:\KEIL\C51\LIB\C51S.LIB (?C?LNEG)
  C:\KEIL\C51\LIB\C51S.LIB (?C?ULCMP)
  C:\KEIL\C51\LIB\C51S.LIB (?C?LLDIDATA0)
  C:\KEIL\C51\LIB\C51S.LIB (?C?LSTIDATA)
  C:\KEIL\C51\LIB\C51S.LIB (?C?LSTXDATA)
  C:\KEIL\C51\LIB\C51S.LIB (?C?LSTKXDATA)
  C:\KEIL\C51\LIB\C51S.LIB (?C?PLDIIDATA)
  C:\KEIL\C51\LIB\C51S.LIB (?C?PLDOPTR)
  C:\KEIL\C51\LIB\C51S.LIB (?C?CCASE)
  C:\KEIL\C51\LIB\C51S.LIB (?C_IBP)
  C:\KEIL\C51\LIB\C51S.LIB (ISSPACE)
  C:\KEIL\C51\LIB\C51S.LIB (?C?STRCPY)
  C:\KEIL\C51\LIB\C51S.LIB (STRNCPY)
  C:\KEIL\C51\LIB\C51S.LIB (ATOI)
  C:\KEIL\C51\LIB\C51S.LIB (?C?MEMSET)
  C:\KEIL\C51\LIB\C51S.LIB (?C_INIT)
  C:\KEIL\C51\LIB\C51S.LIB (?C?UIDIV)
  C:\KEIL\C51\LIB\C51S.LIB (?C?IILDX)
  C:\KEIL\C51\LIB\C51S.LIB (?C?PLDIDATA)
  C:\KEIL\C51\LIB\C51S.LIB (?C?PLDXDATA)
  C:\KEIL\C51\LIB\C51S.LIB (?C?PLDPDATA)
  C:\KEIL\C51\LIB\C51S.LIB (?C?PLDCODE)
  C:\KEIL\C51\LIB\C51S.LIB (ISDIGIT)
BL51 BANKED LINKER/LOCATER V6.22                                                      11/18/2013  15:34:05  PAGE 2




LINK MAP OF MODULE:  scs_210_maxigauge (MSCBMAIN)


            TYPE    BASE      LENGTH    RELOCATION   SEGMENT NAME
            -----------------------------------------------------

            * * * * * * *   D A T A   M E M O R Y   * * * * * * *
            REG     0000H     0008H     ABSOLUTE     "REG BANK 0"
            DATA    0008H     0004H     UNIT         ?DT?NAN?MSCBUTIL
            DATA    000CH     0004H     UNIT         ?DT?_DELAY_MS?MSCBUTIL
            DATA    0010H     0004H     UNIT         ?DT?_DELAY_US?MSCBUTIL
            DATA    0014H     0003H     UNIT         ?DT?SCS_210_MAXIGAUGE
            DATA    0017H     0001H     UNIT         ?C?LIB_DATA
            IDATA   0018H     0003H     UNIT         ?ID?MSCBUTIL
            IDATA   001BH     0001H     UNIT         ?ID?GETCHAR?MSCBUTIL
            IDATA   001CH     0001H     UNIT         ?ID?SCS_210_MAXIGAUGE
                    001DH     0003H                  *** GAP ***
            DATA    0020H     0001H     BIT_ADDR     ?BA?MSCBMAIN
            BIT     0021H.0   0001H.1   UNIT         _BIT_GROUP_
            BIT     0022H.1   0000H.7   UNIT         ?BI?MSCBMAIN
            BIT     0023H.0   0000H.2   UNIT         ?BI?MSCBUTIL
            BIT     0023H.2   0000H.1   UNIT         ?BI?SCS_210_MAXIGAUGE
                    0023H.3   0000H.5                *** GAP ***
            DATA    0024H     0046H     UNIT         _DATA_GROUP_
            IDATA   006AH     0015H     UNIT         _IDATA_GROUP_
                    007FH     0001H                  *** GAP ***
            IDATA   0080H     0001H     ABSOLUTE     
            IDATA   0081H     0001H     ABSOLUTE     
            IDATA   0082H     0020H     UNIT         ?ID?MSCBMAIN
            IDATA   00A2H     0001H     UNIT         ?STACK

            * * * * * * *  X D A T A   M E M O R Y  * * * * * * *
            XDATA   0000H     0C19H     UNIT         ?XD?MSCBUTIL
            XDATA   0C19H     0140H     UNIT         ?XD?MSCBMAIN
            XDATA   0D59H     005DH     UNIT         ?XD?SCS_210_MAXIGAUGE
            XDATA   0DB6H     0028H     UNIT         _XDATA_GROUP_

            * * * * * * *   C O D E   M E M O R Y   * * * * * * *
            CODE    0000H     0003H     ABSOLUTE     
            CODE    0003H     0006H     UNIT         ?CO?MSCBMAIN
                    0009H     0002H                  *** GAP ***
            CODE    000BH     0003H     ABSOLUTE     
            CODE    000EH     0014H     UNIT         ?PR?_USER_INIT?SCS_210_MAXIGAUGE
                    0022H     0001H                  *** GAP ***
            CODE    0023H     0003H     ABSOLUTE     
            CODE    0026H     0072H     UNIT         ?PR?_?LED_SET?MSCBUTIL
            CODE    0098H     000BH     UNIT         ?PR?MAIN?MSCBMAIN
            CODE    00A3H     0003H     ABSOLUTE     
            CODE    00A6H     0B3CH     UNIT         ?PR?INTERPRETE?MSCBMAIN
            CODE    0BE2H     098CH     UNIT         ?C?LIB_CODE
            CODE    156EH     046FH     UNIT         ?PR?PRINTF?PRINTF
            CODE    19DDH     0300H     UNIT         ?PR?SETUP?MSCBMAIN
            CODE    1CDDH     015BH     UNIT         ?PR?USER_LOOP?SCS_210_MAXIGAUGE
            CODE    1E38H     0152H     UNIT         ?PR?SERIAL_INT?MSCBMAIN
            CODE    1F8AH     011AH     UNIT         ?PR?_EEPROM_RETRIEVE?MSCBUTIL
BL51 BANKED LINKER/LOCATER V6.22                                                      11/18/2013  15:34:05  PAGE 3


            CODE    20A4H     0114H     UNIT         ?CO?MSCBUTIL
            CODE    21B8H     0100H     UNIT         ?PR?_?LED_INT?MSCBUTIL
            CODE    22B8H     00F3H     UNIT         ?CO?SCS_210_MAXIGAUGE
            CODE    23ABH     00E6H     UNIT         ?PR??C?ATOF??C?ATOF
            CODE    2491H     00E1H     UNIT         ?PR?EEPROM_FLASH?MSCBUTIL
            CODE    2572H     00AEH     UNIT         ?PR?_ATOI?ATOI
            CODE    2620H     00A5H     UNIT         ?PR?TIMER0_INT?MSCBUTIL
            CODE    26C5H     009EH     UNIT         ?PR?_EEPROM_WRITE?MSCBUTIL
            CODE    2763H     009CH     UNIT         ?PR?_GETS_WAIT?MSCBUTIL
            CODE    27FFH     0096H     UNIT         ?PR?_?CRC8?MSCBUTIL
            CODE    2895H     0090H     UNIT         ?PR?_?LED_BLINK?MSCBUTIL
            CODE    2925H     008CH     UNIT         ?C_C51STARTUP
            CODE    29B1H     0082H     UNIT         ?PR?SERIAL_INT1?MSCBUTIL
            CODE    2A33H     0070H     UNIT         ?PR?_ADDR_NODE16?MSCBMAIN
            CODE    2AA3H     006EH     UNIT         ?PR?YIELD?MSCBMAIN
            CODE    2B11H     006AH     UNIT         ?PR?SYSCLOCK_RESET?MSCBUTIL
            CODE    2B7BH     0063H     UNIT         ?PR?_?USER_WRITE?SCS_210_MAXIGAUGE
            CODE    2BDEH     0060H     UNIT         ?PR?_DELAY_US?MSCBUTIL
            CODE    2C3EH     005BH     UNIT         ?PR?_SEND_BYTE?MSCBMAIN
            CODE    2C99H     0058H     UNIT         ?PR?_EEPROM_READ?MSCBUTIL
            CODE    2CF1H     0053H     UNIT         ?PR?GETCHAR?MSCBUTIL
            CODE    2D44H     0052H     UNIT         ?PR?_STRNCPY?STRNCPY
            CODE    2D96H     0051H     UNIT         ?PR?_ADDR_NODE8?MSCBMAIN
            CODE    2DE7H     0051H     UNIT         ?PR?_UART_INIT?MSCBUTIL
            CODE    2E38H     0051H     UNIT         ?PR?EEPROM_ERASE?MSCBUTIL
            CODE    2E89H     004CH     UNIT         ?PR?_?GETCHAR_NOWAIT?MSCBUTIL
            CODE    2ED5H     0049H     UNIT         ?PR?UART1_INIT_BUFFER?MSCBUTIL
            CODE    2F1EH     0048H     UNIT         ?PR?ATOF?ATOF
            CODE    2F66H     0047H     UNIT         ?PR?RS232_OUTPUT?MSCBUTIL
            CODE    2FADH     0045H     UNIT         ?PR?_PUTCHAR?MSCBUTIL
            CODE    2FF2H     0040H     UNIT         ?PR?_USER_READ?SCS_210_MAXIGAUGE
            CODE    3032H     0038H     UNIT         ?PR?_?LED_MODE?MSCBUTIL
            CODE    306AH     002EH     UNIT         ?PR?_SEND_OBUF?MSCBMAIN
            CODE    3098H     002DH     UNIT         ?PR?_USER_FUNC?SCS_210_MAXIGAUGE
            CODE    30C5H     002CH     UNIT         ?PR?_?WATCHDOG_REFRESH?MSCBUTIL
            CODE    30F1H     002BH     UNIT         ?PR?_DELAY_MS?MSCBUTIL
            CODE    311CH     0029H     UNIT         ?C_INITSEG
            CODE    3145H     0022H     UNIT         ?PR?_?WATCHDOG_INT?MSCBUTIL
            CODE    3167H     0021H     UNIT         ?PR?_WATCHDOG_ENABLE?MSCBUTIL
            CODE    3188H     0020H     UNIT         ?PR?SYSCLOCK_INIT?MSCBUTIL
            CODE    31A8H     001FH     UNIT         ?PR?FLUSH?MSCBUTIL
            CODE    31C7H     0013H     UNIT         ?PR?NAN?MSCBUTIL
            CODE    31DAH     0013H     UNIT         ?PR?TIME?MSCBUTIL
            CODE    31EDH     0013H     UNIT         ?PR?UPTIME?MSCBUTIL
            CODE    3200H     0013H     UNIT         ?PR?WATCHDOG_DISABLE?MSCBUTIL
            CODE    3213H     0013H     UNIT         ?PR?_ISSPACE?ISSPACE
            CODE    3226H     000FH     UNIT         ?PR?_ISDIGIT?ISDIGIT
            CODE    3235H     000CH     UNIT         ?PR?_CRC8_ADD?MSCBUTIL
            CODE    3241H     0005H     UNIT         ?PR?CUR_SUB_ADDR?MSCBMAIN
                    3246H     3DBAH                  *** GAP ***
            CODE    7000H     067CH     UNIT         ?PR?UPGRADE?MSCBMAIN
                    767CH     6984H                  *** GAP ***
            CODE    E000H     1000H     ABSOLUTE     
                    F000H     0853H                  *** GAP ***
            CODE    F853H     07ACH     ABSOLUTE     


BL51 BANKED LINKER/LOCATER V6.22                                                      11/18/2013  15:34:05  PAGE 4



OVERLAY MAP OF MODULE:   scs_210_maxigauge (MSCBMAIN)


SEGMENT                                       BIT_GROUP          DATA_GROUP          IDATA_GROUP         XDATA_GROUP
  +--> CALLED SEGMENT                      START    LENGTH     START    LENGTH     START    LENGTH     START    LENGTH
----------------------------------------------------------------------------------------------------------------------
?PR?SERIAL_INT?MSCBMAIN                    -----    -----      0024H    0002H      -----    -----      -----    -----
  +--> ?PR?_?CRC8?MSCBUTIL
  +--> ?PR?INTERPRETE?MSCBMAIN

?PR?_?CRC8?MSCBUTIL                        -----    -----      -----    -----      -----    -----      -----    -----
  +--> ?CO?MSCBUTIL

?PR?INTERPRETE?MSCBMAIN                    -----    -----      0026H    0010H      006AH    0004H      -----    -----
  +--> ?PR?_ADDR_NODE8?MSCBMAIN
  +--> ?PR?_ADDR_NODE16?MSCBMAIN
  +--> ?PR?_SEND_OBUF?MSCBMAIN
  +--> ?PR?_SEND_BYTE?MSCBMAIN
  +--> ?PR?UPTIME?MSCBUTIL
  +--> ?PR?_?CRC8?MSCBUTIL
  +--> ?PR?_?LED_BLINK?MSCBUTIL
  +--> ?PR?_UART_INIT?MSCBUTIL
  +--> ?PR?_USER_READ?SCS_210_MAXIGAUGE
  +--> ?PR?_USER_FUNC?SCS_210_MAXIGAUGE
  +--> ?PR?_?USER_WRITE?SCS_210_MAXIGAUGE

?PR?_SEND_OBUF?MSCBMAIN                    -----    -----      0036H    0002H      -----    -----      -----    -----

?PR?_SEND_BYTE?MSCBMAIN                    -----    -----      0036H    0006H      -----    -----      -----    -----
  +--> ?PR?_CRC8_ADD?MSCBUTIL
  +--> ?PR?_?WATCHDOG_REFRESH?MSCBUTIL

?PR?_CRC8_ADD?MSCBUTIL                     -----    -----      -----    -----      006EH    0001H      -----    -----
  +--> ?CO?MSCBUTIL

?PR?_UART_INIT?MSCBUTIL                    -----    -----      -----    -----      -----    -----      -----    -----
  +--> ?CO?MSCBUTIL
  +--> ?PR?UART1_INIT_BUFFER?MSCBUTIL

?PR?_USER_READ?SCS_210_MAXIGAUGE           -----    -----      0036H    0002H      -----    -----      -----    -----
  +--> ?PR?TIME?MSCBUTIL
  +--> ?PR?_?GETCHAR_NOWAIT?MSCBUTIL

?PR?_USER_FUNC?SCS_210_MAXIGAUGE           -----    -----      0036H    0006H      -----    -----      -----    -----

?PR?_?USER_WRITE?SCS_210_MAXIGAUGE         -----    -----      -----    -----      -----    -----      -----    -----
  +--> ?PR?TIME?MSCBUTIL
  +--> ?PR?_PUTCHAR?MSCBUTIL
  +--> ?PR?_UART_INIT?MSCBUTIL

*** NEW ROOT ***************************************************

?PR?TIMER0_INT?MSCBUTIL                    -----    -----      -----    -----      -----    -----      -----    -----
  +--> ?PR?_?LED_INT?MSCBUTIL
  +--> ?PR?_?WATCHDOG_INT?MSCBUTIL

BL51 BANKED LINKER/LOCATER V6.22                                                      11/18/2013  15:34:05  PAGE 5


?PR?_?LED_INT?MSCBUTIL                     -----    -----      -----    -----      -----    -----      -----    -----
  +--> ?PR?_?LED_SET?MSCBUTIL

*** NEW ROOT ***************************************************

?C_C51STARTUP                              -----    -----      -----    -----      -----    -----      -----    -----
  +--> ?PR?MAIN?MSCBMAIN
  +--> ?C_INITSEG

?PR?MAIN?MSCBMAIN                          -----    -----      -----    -----      -----    -----      -----    -----
  +--> ?PR?SETUP?MSCBMAIN
  +--> ?PR?YIELD?MSCBMAIN
  +--> ?PR?USER_LOOP?SCS_210_MAXIGAUGE

?PR?SETUP?MSCBMAIN                         -----    -----      003CH    0004H      -----    -----      -----    -----
  +--> ?PR?WATCHDOG_DISABLE?MSCBUTIL
  +--> ?PR?SYSCLOCK_INIT?MSCBUTIL
  +--> ?PR?_WATCHDOG_ENABLE?MSCBUTIL
  +--> ?PR?_?LED_MODE?MSCBUTIL
  +--> ?PR?_UART_INIT?MSCBUTIL
  +--> ?PR?_EEPROM_RETRIEVE?MSCBUTIL
  +--> ?CO?SCS_210_MAXIGAUGE
  +--> ?PR?_STRNCPY?STRNCPY
  +--> ?CO?MSCBMAIN
  +--> ?PR?_USER_INIT?SCS_210_MAXIGAUGE
  +--> ?PR?_?LED_BLINK?MSCBUTIL

?PR?SYSCLOCK_INIT?MSCBUTIL                 -----    -----      -----    -----      -----    -----      -----    -----
  +--> ?PR?SYSCLOCK_RESET?MSCBUTIL

?PR?SYSCLOCK_RESET?MSCBUTIL                -----    -----      -----    -----      006FH    0001H      -----    -----

?PR?_?LED_MODE?MSCBUTIL                    -----    -----      -----    -----      -----    -----      -----    -----
  +--> ?PR?_?LED_SET?MSCBUTIL

?PR?_EEPROM_RETRIEVE?MSCBUTIL              -----    -----      0040H    0008H      -----    -----      -----    -----
  +--> ?PR?_EEPROM_READ?MSCBUTIL

?PR?_EEPROM_READ?MSCBUTIL                  -----    -----      0048H    000AH      -----    -----      -----    -----
  +--> ?PR?_?WATCHDOG_REFRESH?MSCBUTIL

?PR?_STRNCPY?STRNCPY                       -----    -----      0040H    000AH      -----    -----      -----    -----

?PR?_USER_INIT?SCS_210_MAXIGAUGE           -----    -----      -----    -----      -----    -----      -----    -----
  +--> ?PR?_UART_INIT?MSCBUTIL

?PR?YIELD?MSCBMAIN                         -----    -----      -----    -----      -----    -----      -----    -----
  +--> ?PR?_?WATCHDOG_REFRESH?MSCBUTIL
  +--> ?PR?RS232_OUTPUT?MSCBUTIL
  +--> ?PR?_?LED_BLINK?MSCBUTIL
  +--> ?PR?EEPROM_FLASH?MSCBUTIL
  +--> ?PR?UPGRADE?MSCBMAIN
  +--> ?PR?TIME?MSCBUTIL

?PR?EEPROM_FLASH?MSCBUTIL                  -----    -----      0053H    0006H      -----    -----      -----    -----
  +--> ?PR?EEPROM_ERASE?MSCBUTIL
  +--> ?PR?_EEPROM_WRITE?MSCBUTIL
BL51 BANKED LINKER/LOCATER V6.22                                                      11/18/2013  15:34:05  PAGE 6



?PR?EEPROM_ERASE?MSCBUTIL                  -----    -----      -----    -----      0074H    0003H      -----    -----
  +--> ?PR?WATCHDOG_DISABLE?MSCBUTIL
  +--> ?PR?_?WATCHDOG_REFRESH?MSCBUTIL
  +--> ?PR?_WATCHDOG_ENABLE?MSCBUTIL

?PR?_EEPROM_WRITE?MSCBUTIL                 -----    -----      0059H    0007H      0074H    0007H      -----    -----
  +--> ?PR?WATCHDOG_DISABLE?MSCBUTIL
  +--> ?PR?_WATCHDOG_ENABLE?MSCBUTIL

?PR?UPGRADE?MSCBMAIN                       -----    -----      0053H    0002H      0074H    000BH      -----    -----

?PR?USER_LOOP?SCS_210_MAXIGAUGE            -----    -----      003CH    0012H      -----    -----      0DB6H    0028H
  +--> ?CO?SCS_210_MAXIGAUGE
  +--> ?PR?FLUSH?MSCBUTIL
  +--> ?PR?TIME?MSCBUTIL
  +--> ?PR?PRINTF?PRINTF
  +--> ?PR?_GETS_WAIT?MSCBUTIL
  +--> ?PR?_ATOI?ATOI
  +--> ?PR?ATOF?ATOF

?PR?FLUSH?MSCBUTIL                         -----    -----      -----    -----      -----    -----      -----    -----
  +--> ?PR?_?WATCHDOG_REFRESH?MSCBUTIL
  +--> ?PR?RS232_OUTPUT?MSCBUTIL

?PR?PRINTF?PRINTF                          0021H.0  0001H.1    004EH    001CH      -----    -----      -----    -----
  +--> ?PR?_PUTCHAR?MSCBUTIL

?PR?_GETS_WAIT?MSCBUTIL                    -----    -----      004EH    0005H      006FH    0005H      -----    -----
  +--> ?PR?TIME?MSCBUTIL
  +--> ?PR?_?GETCHAR_NOWAIT?MSCBUTIL
  +--> ?PR?YIELD?MSCBMAIN

?PR?_ATOI?ATOI                             0021H.0  0000H.1    004EH    0005H      -----    -----      -----    -----
  +--> ?PR?_ISSPACE?ISSPACE
  +--> ?PR?_ISDIGIT?ISDIGIT

?PR?ATOF?ATOF                              -----    -----      004EH    0003H      -----    -----      -----    -----
  +--> ?PR?_ISSPACE?ISSPACE
  +--> ?PR??C?ATOF??C?ATOF

?PR??C?ATOF??C?ATOF                        0021H.0  0000H.5    0051H    0002H      -----    -----      -----    -----

?C_INITSEG                                 -----    -----      -----    -----      -----    -----      -----    -----
  +--> ?CO?SCS_210_MAXIGAUGE



SYMBOL TABLE OF MODULE:  scs_210_maxigauge (MSCBMAIN)

  VALUE           TYPE          NAME
  ----------------------------------

  -------         MODULE        MSCBMAIN
  C:0000H         SYMBOL        _ICE_DUMMY_
  B:0020H.3       PUBLIC        WD_RESET
  D:00FFH         PUBLIC        WDTCN
BL51 BANKED LINKER/LOCATER V6.22                                                      11/18/2013  15:34:05  PAGE 7


  D:00B0H         PUBLIC        P3
  B:0022H.1       PUBLIC        flash_param
  B:00A8H.7       PUBLIC        EA
  D:008FH         PUBLIC        PSCTL
  D:00E8H         PUBLIC        ADC0CN
  D:0084H         PUBLIC        SFRPAGE
  D:00E8H         PUBLIC        ADC2CN
  C:2A33H         PUBLIC        _addr_node16
  I:0082H         PUBLIC        n_variables
  D:00A8H         PUBLIC        IE
  I:0083H         PUBLIC        final_i_in
  C:0003H         PUBLIC        svn_rev_main
  D:00D8H         PUBLIC        PCA0CN
  D:00B8H         PUBLIC        IP
  C:2AA3H         PUBLIC        yield
  D:00E1H         PUBLIC        XBR0
  D:00E2H         PUBLIC        XBR1
  D:00E3H         PUBLIC        XBR2
  C:F853H         PUBLIC        BLOCK_F000_REMAINDER
  I:0084H         PUBLIC        i_in
  I:0085H         PUBLIC        i_out
  I:0086H         PUBLIC        addr_mode
  D:00C0H         PUBLIC        SMB0CN
  C:0098H         PUBLIC        main
  I:0081H         PUBLIC        n_out
  D:0088H         PUBLIC        CPT0CN
  B:0022H.2       PUBLIC        configured_addr
  D:0088H         PUBLIC        CPT1CN
  D:00F8H         PUBLIC        SPI0CN
  C:1E38H         PUBLIC        serial_int
  C:19DDH         PUBLIC        setup
  B:0022H.3       PUBLIC        addressed
  D:0088H         PUBLIC        TCON
  I:0087H         PUBLIC        crc_code
  I:0088H         PUBLIC        last_i_in
  D:00C8H         PUBLIC        TMR2CN
  D:00C8H         PUBLIC        TMR3CN
  D:00C8H         PUBLIC        TMR4CN
  C:306AH         SYMBOL        _send_obuf
  D:0097H         PUBLIC        CLKSEL
  D:008AH         PUBLIC        OSCICN
  C:2C3EH         SYMBOL        _send_byte
  B:0020H.1       PUBLIC        SYNC_MODE
  B:00B0H.4       PUBLIC        led_0
  I:0089H         PUBLIC        _var_size
  B:00A8H.4       PUBLIC        ES0
  C:00A6H         PUBLIC        interprete
  B:0020H.2       PUBLIC        FREEZE_MODE
  B:0098H.0       PUBLIC        RI0
  B:0022H.4       PUBLIC        configured_vars
  B:0098H.1       PUBLIC        TI0
  D:0088H         PUBLIC        FLSTAT
  B:00B0H.5       PUBLIC        RS485_ENABLE
  I:008AH         PUBLIC        _cur_sub_addr
  I:008BH         PUBLIC        cmd_len
  B:0022H.5       PUBLIC        wrong_cpu
  C:2D96H         PUBLIC        _addr_node8
BL51 BANKED LINKER/LOCATER V6.22                                                      11/18/2013  15:34:05  PAGE 8


  B:0022H.6       PUBLIC        flash_allowed
  D:0099H         PUBLIC        SBUF0
  D:00EFH         PUBLIC        RSTSRC
  D:0098H         PUBLIC        SCON0
  D:0098H         PUBLIC        SCON1
  D:0020H         PUBLIC        CSR
  C:7000H         PUBLIC        upgrade
  B:0022H.7       PUBLIC        flash_program
  B:0020H.0       PUBLIC        DEBUG_MODE
  I:008CH         PUBLIC        sys_info
  C:3241H         PUBLIC        cur_sub_addr
  D:00B7H         PUBLIC        FLSCL
  X:0C19H         PUBLIC        in_buf
  X:0D19H         PUBLIC        out_buf
  D:00D0H         PUBLIC        PSW
  B:0098H.2       PUBLIC        RB80
  I:0080H         PUBLIC        _flkey
  -------         PROC          SETUP
  -------         DO            
  D:003CH         SYMBOL        adr
  D:003DH         SYMBOL        flags
  D:0007H         SYMBOL        d
  D:003EH         SYMBOL        i
  D:0001H         SYMBOL        p
  -------         ENDDO         
  C:19DDH         LINE#         127
  C:19DDH         LINE#         128
  C:19DDH         LINE#         133
  C:19E1H         LINE#         136
  C:19E4H         LINE#         139
  C:19E6H         LINE#         145
  C:19E9H         LINE#         147
  C:19ECH         LINE#         148
  C:19EFH         LINE#         149
  C:19F2H         LINE#         153
  C:19F4H         LINE#         154
  C:19F6H         LINE#         156
  C:19F9H         LINE#         157
  C:19FCH         LINE#         158
  C:19FEH         LINE#         230
  C:1A01H         LINE#         233
  C:1A06H         LINE#         236
  C:1A09H         LINE#         239
  C:1A19H         LINE#         240
  C:1A2AH         LINE#         243
  C:1A2DH         LINE#         244
  C:1A2FH         LINE#         245
  C:1A31H         LINE#         246
  C:1A33H         LINE#         247
  C:1A35H         LINE#         248
  C:1A37H         LINE#         249
  C:1A3AH         LINE#         255
  C:1A41H         LINE#         256
  C:1A44H         LINE#         257
  C:1A4FH         LINE#         258
  C:1A66H         LINE#         259
  C:1A76H         LINE#         260
BL51 BANKED LINKER/LOCATER V6.22                                                      11/18/2013  15:34:05  PAGE 9


  C:1A8DH         LINE#         264
  C:1A90H         LINE#         266
  C:1AA4H         LINE#         269
  C:1AABH         LINE#         280
  C:1AB2H         LINE#         281
  C:1ACBH         LINE#         282
  C:1AE2H         LINE#         283
  C:1AE2H         LINE#         284
  C:1AE7H         LINE#         287
  C:1AEFH         LINE#         288
  C:1AFBH         LINE#         289
  C:1AFFH         LINE#         290
  C:1B04H         LINE#         291
  C:1B0BH         LINE#         292
  C:1B0DH         LINE#         293
  C:1B12H         LINE#         294
  C:1B19H         LINE#         295
  C:1B1BH         LINE#         296
  C:1B1FH         LINE#         297
  C:1B1FH         LINE#         301
  C:1B22H         LINE#         303
  C:1B2BH         LINE#         304
  C:1B34H         LINE#         306
  C:1B3BH         LINE#         308
  C:1B40H         LINE#         309
  C:1B42H         LINE#         312
  C:1B49H         LINE#         313
  C:1B4DH         LINE#         314
  C:1B5CH         LINE#         315
  C:1B74H         LINE#         316
  C:1B76H         LINE#         317
  C:1B78H         LINE#         320
  C:1BEBH         LINE#         325
  C:1BF3H         LINE#         328
  C:1C19H         LINE#         329
  C:1C38H         LINE#         331
  C:1C43H         LINE#         332
  C:1C98H         LINE#         333
  C:1C9CH         LINE#         334
  C:1CA7H         LINE#         337
  C:1CACH         LINE#         340
  C:1CAEH         LINE#         341
  C:1CB0H         LINE#         343
  C:1CB5H         LINE#         344
  C:1CB7H         LINE#         345
  C:1CB7H         LINE#         348
  C:1CC7H         LINE#         349
  C:1CDCH         LINE#         351
  -------         ENDPROC       SETUP
  -------         PROC          CUR_SUB_ADDR
  C:3241H         LINE#         355
  C:3241H         LINE#         356
  C:3241H         LINE#         357
  C:3245H         LINE#         358
  -------         ENDPROC       CUR_SUB_ADDR
  -------         PROC          SERIAL_INT
  -------         DO            
BL51 BANKED LINKER/LOCATER V6.22                                                      11/18/2013  15:34:05  PAGE 10


  D:0024H         SYMBOL        _i
  D:0025H         SYMBOL        _j
  D:0024H         SYMBOL        _i
  D:0025H         SYMBOL        _j
  -------         ENDDO         
  -------         DO            
  D:0024H         SYMBOL        _i
  D:0025H         SYMBOL        _j
  -------         ENDDO         
  -------         DO            
  D:0024H         SYMBOL        _i
  D:0025H         SYMBOL        _j
  -------         ENDDO         
  C:1E38H         LINE#         368
  C:1E55H         LINE#         370
  C:1E58H         LINE#         373
  C:1E5AH         LINE#         375
  C:1E5DH         LINE#         376
  C:1E65H         LINE#         377
  C:1E69H         LINE#         378
  C:1E87H         LINE#         379
  C:1E89H         LINE#         380
  C:1E8BH         LINE#         381
  C:1EA9H         LINE#         382
  C:1EB8H         LINE#         383
  C:1EB8H         LINE#         384
  C:1EB8H         LINE#         386
  C:1EBEH         LINE#         389
  C:1EC4H         LINE#         390
  C:1EC6H         LINE#         391
  C:1ECDH         LINE#         393
  C:1ECDH         LINE#         395
  C:1ECFH         LINE#         396
  C:1EDFH         LINE#         397
  C:1EE1H         LINE#         399
  C:1EE5H         LINE#         401
  C:1EEBH         LINE#         402
  C:1EEFH         LINE#         404
  C:1EEFH         LINE#         407
  C:1EFAH         LINE#         408
  C:1EFAH         LINE#         410
  C:1F06H         LINE#         412
  C:1F0DH         LINE#         413
  C:1F0DH         LINE#         415
  C:1F17H         LINE#         416
  C:1F1AH         LINE#         418
  C:1F1AH         LINE#         420
  C:1F23H         LINE#         423
  C:1F46H         LINE#         424
  C:1F4AH         LINE#         426
  C:1F4AH         LINE#         428
  C:1F68H         LINE#         430
  C:1F6BH         LINE#         431
  C:1F6FH         LINE#         432
  C:1F6FH         LINE#         433
  -------         ENDPROC       SERIAL_INT
  -------         PROC          _SEND_BYTE
BL51 BANKED LINKER/LOCATER V6.22                                                      11/18/2013  15:34:05  PAGE 11


  D:0036H         SYMBOL        d
  D:0037H         SYMBOL        crc
  -------         DO            
  D:003AH         SYMBOL        _i
  D:003BH         SYMBOL        _j
  -------         ENDDO         
  C:2C3EH         LINE#         445
  C:2C46H         LINE#         446
  C:2C46H         LINE#         448
  C:2C49H         LINE#         451
  C:2C51H         LINE#         452
  C:2C6DH         LINE#         453
  C:2C8BH         LINE#         454
  C:2C8EH         LINE#         455
  C:2C93H         LINE#         456
  C:2C96H         LINE#         457
  C:2C98H         LINE#         458
  -------         ENDPROC       _SEND_BYTE
  -------         PROC          _SEND_OBUF
  D:0007H         SYMBOL        n
  -------         DO            
  D:0036H         SYMBOL        _i
  D:0037H         SYMBOL        _j
  -------         ENDDO         
  C:306AH         LINE#         460
  C:306AH         LINE#         461
  C:306AH         LINE#         463
  C:306DH         LINE#         466
  C:3071H         LINE#         467
  C:3073H         LINE#         468
  C:3091H         LINE#         469
  C:3097H         LINE#         470
  -------         ENDPROC       _SEND_OBUF
  -------         PROC          _ADDR_NODE8
  D:0001H         SYMBOL        mode
  D:0005H         SYMBOL        adr
  D:0004H         SYMBOL        node_addr
  C:2D96H         LINE#         472
  C:2D9CH         LINE#         473
  C:2D9CH         LINE#         474
  C:2DA1H         LINE#         475
  C:2DBAH         LINE#         476
  C:2DBAH         LINE#         478
  C:2DBCH         LINE#         479
  C:2DC2H         LINE#         480
  C:2DC6H         LINE#         481
  C:2DC7H         LINE#         482
  C:2DC9H         LINE#         483
  C:2DCDH         LINE#         484
  C:2DCDH         LINE#         485
  C:2DD2H         LINE#         486
  C:2DD6H         LINE#         487
  C:2DD8H         LINE#         488
  C:2DDBH         LINE#         489
  C:2DDFH         LINE#         490
  C:2DE0H         LINE#         491
  C:2DE2H         LINE#         492
BL51 BANKED LINKER/LOCATER V6.22                                                      11/18/2013  15:34:05  PAGE 12


  C:2DE6H         LINE#         493
  C:2DE6H         LINE#         494
  C:2DE6H         LINE#         495
  -------         ENDPROC       _ADDR_NODE8
  -------         PROC          _ADDR_NODE16
  D:0001H         SYMBOL        mode
  D:0004H         SYMBOL        adr
  D:0002H         SYMBOL        node_addr
  C:2A33H         LINE#         497
  C:2A36H         LINE#         498
  C:2A36H         LINE#         499
  C:2A3EH         LINE#         500
  C:2A46H         LINE#         501
  C:2A48H         LINE#         502
  C:2A4BH         LINE#         503
  C:2A4FH         LINE#         504
  C:2A50H         LINE#         505
  C:2A52H         LINE#         506
  C:2A56H         LINE#         507
  C:2A56H         LINE#         508
  C:2A57H         LINE#         509
  C:2A5CH         LINE#         510
  C:2A72H         LINE#         511
  C:2A72H         LINE#         513
  C:2A74H         LINE#         514
  C:2A7AH         LINE#         515
  C:2A7EH         LINE#         516
  C:2A7FH         LINE#         517
  C:2A81H         LINE#         518
  C:2A85H         LINE#         519
  C:2A85H         LINE#         520
  C:2A8AH         LINE#         521
  C:2A92H         LINE#         522
  C:2A94H         LINE#         523
  C:2A97H         LINE#         524
  C:2A9BH         LINE#         525
  C:2A9CH         LINE#         526
  C:2A9EH         LINE#         527
  C:2AA2H         LINE#         528
  C:2AA2H         LINE#         529
  C:2AA2H         LINE#         530
  C:2AA2H         LINE#         531
  -------         ENDPROC       _ADDR_NODE16
  -------         PROC          INTERPRETE
  -------         DO            
  D:0026H         SYMBOL        crc
  D:0027H         SYMBOL        cmd
  D:0028H         SYMBOL        i
  D:0029H         SYMBOL        j
  D:002AH         SYMBOL        n
  D:002BH         SYMBOL        ch
  D:0007H         SYMBOL        ch1
  D:002CH         SYMBOL        ch2
  D:002DH         SYMBOL        a1
  D:002EH         SYMBOL        a2
  D:002FH         SYMBOL        size
  D:0031H         SYMBOL        pvar
BL51 BANKED LINKER/LOCATER V6.22                                                      11/18/2013  15:34:05  PAGE 13


  I:006AH         SYMBOL        u
  -------         DO            
  D:0034H         SYMBOL        _i
  D:0035H         SYMBOL        _j
  -------         ENDDO         
  -------         DO            
  D:0034H         SYMBOL        _i
  D:0035H         SYMBOL        _j
  -------         ENDDO         
  -------         DO            
  D:0034H         SYMBOL        _i
  D:0035H         SYMBOL        _j
  -------         ENDDO         
  -------         DO            
  D:0034H         SYMBOL        _i
  D:0035H         SYMBOL        _j
  -------         ENDDO         
  -------         ENDDO         
  C:00A6H         LINE#         533
  C:00A6H         LINE#         534
  C:00A6H         LINE#         540
  C:00AEH         LINE#         543
  C:00B1H         LINE#         546
  C:00F2H         LINE#         547
  C:00F2H         LINE#         548
  C:0100H         LINE#         549
  C:0103H         LINE#         551
  C:0103H         LINE#         552
  C:0117H         LINE#         553
  C:011AH         LINE#         555
  C:011AH         LINE#         556
  C:011CH         LINE#         557
  C:0120H         LINE#         558
  C:0123H         LINE#         560
  C:0123H         LINE#         561
  C:0131H         LINE#         562
  C:0134H         LINE#         564
  C:0134H         LINE#         565
  C:0148H         LINE#         566
  C:014BH         LINE#         568
  C:014BH         LINE#         569
  C:0159H         LINE#         570
  C:015FH         LINE#         571
  C:0165H         LINE#         572
  C:016AH         LINE#         573
  C:016AH         LINE#         574
  C:016DH         LINE#         576
  C:016DH         LINE#         577
  C:0181H         LINE#         578
  C:0187H         LINE#         579
  C:018DH         LINE#         580
  C:0192H         LINE#         581
  C:0192H         LINE#         582
  C:0195H         LINE#         584
  C:0195H         LINE#         586
  C:0198H         LINE#         589
  C:019BH         LINE#         590
BL51 BANKED LINKER/LOCATER V6.22                                                      11/18/2013  15:34:05  PAGE 14


  C:019EH         LINE#         592
  C:019EH         LINE#         595
  C:01A0H         LINE#         596
  C:01A3H         LINE#         597
  C:01A5H         LINE#         599
  C:01AFH         LINE#         603
  C:01BAH         LINE#         605
  C:01C5H         LINE#         607
  C:01D2H         LINE#         609
  C:01DFH         LINE#         610
  C:01ECH         LINE#         612
  C:01F9H         LINE#         613
  C:0206H         LINE#         615
  C:0213H         LINE#         616
  C:0220H         LINE#         618
  C:022AH         LINE#         619
  C:023EH         LINE#         626
  C:0249H         LINE#         628
  C:0267H         LINE#         629
  C:0269H         LINE#         630
  C:026BH         LINE#         631
  C:026EH         LINE#         633
  C:026EH         LINE#         636
  C:027BH         LINE#         637
  C:028EH         LINE#         639
  C:0290H         LINE#         640
  C:0293H         LINE#         641
  C:0295H         LINE#         643
  C:029FH         LINE#         644
  C:02AAH         LINE#         645
  C:02BDH         LINE#         646
  C:02D3H         LINE#         647
  C:02E9H         LINE#         648
  C:02FFH         LINE#         649
  C:0315H         LINE#         651
  C:031FH         LINE#         652
  C:0344H         LINE#         654
  C:034FH         LINE#         656
  C:036DH         LINE#         657
  C:036FH         LINE#         658
  C:0371H         LINE#         659
  C:0374H         LINE#         661
  C:037AH         LINE#         662
  C:037DH         LINE#         663
  C:0382H         LINE#         664
  C:0382H         LINE#         666
  C:0385H         LINE#         668
  C:0385H         LINE#         671
  C:038DH         LINE#         673
  C:0393H         LINE#         674
  C:0398H         LINE#         675
  C:039CH         LINE#         676
  C:03A0H         LINE#         677
  C:03A4H         LINE#         678
  C:03B6H         LINE#         679
  C:03BBH         LINE#         680
  C:03BEH         LINE#         682
BL51 BANKED LINKER/LOCATER V6.22                                                      11/18/2013  15:34:05  PAGE 15


  C:03BEH         LINE#         684
  C:03C5H         LINE#         686
  C:03D3H         LINE#         687
  C:03DAH         LINE#         689
  C:03E1H         LINE#         690
  C:03E8H         LINE#         692
  C:03F4H         LINE#         695
  C:03F6H         LINE#         696
  C:03FAH         LINE#         698
  C:03FDH         LINE#         700
  C:03FDH         LINE#         702
  C:0412H         LINE#         703
  C:042AH         LINE#         704
  C:042EH         LINE#         707
  C:0430H         LINE#         708
  C:0434H         LINE#         710
  C:0437H         LINE#         712
  C:0437H         LINE#         713
  C:0444H         LINE#         714
  C:044EH         LINE#         715
  C:0451H         LINE#         717
  C:0451H         LINE#         718
  C:0459H         LINE#         719
  C:045CH         LINE#         721
  C:045CH         LINE#         722
  C:0464H         LINE#         723
  C:0466H         LINE#         725
  C:0466H         LINE#         732
  C:0466H         LINE#         734
  C:0466H         LINE#         735
  C:046BH         LINE#         736
  C:0470H         LINE#         737
  C:0473H         LINE#         738
  C:0478H         LINE#         740
  C:047BH         LINE#         742
  C:0481H         LINE#         743
  C:0485H         LINE#         744
  C:0497H         LINE#         745
  C:049CH         LINE#         747
  C:04A2H         LINE#         748
  C:04A4H         LINE#         749
  C:04A8H         LINE#         750
  C:04A8H         LINE#         751
  C:04AAH         LINE#         753
  C:04AAH         LINE#         754
  C:04ACH         LINE#         755
  C:04B0H         LINE#         756
  C:04B2H         LINE#         758
  C:04B2H         LINE#         759
  C:04BDH         LINE#         760
  C:04C3H         LINE#         761
  C:04CBH         LINE#         762
  C:04DDH         LINE#         763
  C:04E2H         LINE#         764
  C:04E2H         LINE#         766
  C:04E2H         LINE#         768
  C:04EBH         LINE#         769
BL51 BANKED LINKER/LOCATER V6.22                                                      11/18/2013  15:34:05  PAGE 16


  C:04F6H         LINE#         770
  C:0501H         LINE#         771
  C:0516H         LINE#         773
  C:052DH         LINE#         774
  C:0537H         LINE#         775
  C:053DH         LINE#         776
  C:0541H         LINE#         778
  C:055DH         LINE#         781
  C:0565H         LINE#         783
  C:0568H         LINE#         785
  C:0570H         LINE#         787
  C:0572H         LINE#         788
  C:0575H         LINE#         789
  C:0577H         LINE#         791
  C:057EH         LINE#         793
  C:0589H         LINE#         794
  C:0594H         LINE#         796
  C:059EH         LINE#         797
  C:05DCH         LINE#         798
  C:05DEH         LINE#         799
  C:05E0H         LINE#         801
  C:05EEH         LINE#         803
  C:05F8H         LINE#         804
  C:0636H         LINE#         805
  C:0636H         LINE#         807
  C:0641H         LINE#         809
  C:065FH         LINE#         810
  C:0661H         LINE#         811
  C:0663H         LINE#         812
  C:0663H         LINE#         813
  C:0666H         LINE#         815
  C:066CH         LINE#         816
  C:0671H         LINE#         817
  C:0671H         LINE#         819
  C:067FH         LINE#         821
  C:069FH         LINE#         823
  C:06B2H         LINE#         824
  C:06B7H         LINE#         825
  C:06D4H         LINE#         826
  C:06D8H         LINE#         828
  C:06DAH         LINE#         829
  C:06DDH         LINE#         830
  C:06DFH         LINE#         832
  C:06E9H         LINE#         833
  C:06F4H         LINE#         834
  C:0701H         LINE#         835
  C:0701H         LINE#         836
  C:070FH         LINE#         837
  C:071CH         LINE#         838
  C:071CH         LINE#         841
  C:072DH         LINE#         842
  C:074BH         LINE#         843
  C:0783H         LINE#         844
  C:0787H         LINE#         846
  C:0792H         LINE#         848
  C:07B0H         LINE#         849
  C:07B2H         LINE#         850
BL51 BANKED LINKER/LOCATER V6.22                                                      11/18/2013  15:34:05  PAGE 17


  C:07B4H         LINE#         851
  C:07B6H         LINE#         853
  C:07BCH         LINE#         854
  C:07C1H         LINE#         855
  C:07C1H         LINE#         856
  C:07C1H         LINE#         857
  C:07C1H         LINE#         859
  C:07C7H         LINE#         860
  C:07D3H         LINE#         861
  C:07ECH         LINE#         862
  C:07F4H         LINE#         863
  C:0811H         LINE#         864
  C:0819H         LINE#         865
  C:0819H         LINE#         867
  C:0828H         LINE#         870
  C:082EH         LINE#         871
  C:083DH         LINE#         873
  C:0848H         LINE#         874
  C:0857H         LINE#         876
  C:085FH         LINE#         878
  C:0862H         LINE#         879
  C:0865H         LINE#         880
  C:0869H         LINE#         881
  C:086DH         LINE#         882
  C:086FH         LINE#         883
  C:0872H         LINE#         884
  C:0878H         LINE#         885
  C:0878H         LINE#         887
  C:087AH         LINE#         889
  C:0885H         LINE#         892
  C:08A0H         LINE#         893
  C:08B0H         LINE#         895
  C:08B6H         LINE#         896
  C:08BFH         LINE#         897
  C:08BFH         LINE#         898
  C:08C2H         LINE#         899
  C:08C8H         LINE#         900
  C:08C8H         LINE#         902
  C:08D7H         LINE#         903
  C:08E4H         LINE#         904
  C:0900H         LINE#         905
  C:091BH         LINE#         906
  C:0922H         LINE#         908
  C:0965H         LINE#         912
  C:09AFH         LINE#         914
  C:09B1H         LINE#         916
  C:0A19H         LINE#         918
  C:0A1EH         LINE#         920
  C:0A23H         LINE#         921
  C:0A29H         LINE#         922
  C:0A2DH         LINE#         930
  C:0A33H         LINE#         931
  C:0A39H         LINE#         932
  C:0A4AH         LINE#         933
  C:0A4FH         LINE#         934
  C:0A4FH         LINE#         935
  C:0A56H         LINE#         936
BL51 BANKED LINKER/LOCATER V6.22                                                      11/18/2013  15:34:05  PAGE 18


  C:0A5CH         LINE#         938
  C:0A61H         LINE#         939
  C:0A67H         LINE#         940
  C:0A78H         LINE#         941
  C:0A7DH         LINE#         942
  C:0A7DH         LINE#         943
  C:0A7DH         LINE#         944
  C:0A7DH         LINE#         947
  C:0A86H         LINE#         950
  C:0A8CH         LINE#         951
  C:0A9BH         LINE#         953
  C:0AA6H         LINE#         954
  C:0AB5H         LINE#         956
  C:0ABCH         LINE#         957
  C:0AC8H         LINE#         958
  C:0ACBH         LINE#         959
  C:0ACDH         LINE#         960
  C:0AD6H         LINE#         961
  C:0AD9H         LINE#         962
  C:0AD9H         LINE#         964
  C:0AE6H         LINE#         965
  C:0AF4H         LINE#         966
  C:0B00H         LINE#         967
  C:0B0BH         LINE#         969
  C:0B21H         LINE#         971
  C:0B27H         LINE#         972
  C:0B30H         LINE#         973
  C:0B30H         LINE#         974
  C:0B33H         LINE#         975
  C:0B39H         LINE#         976
  C:0B39H         LINE#         978
  C:0B45H         LINE#         979
  C:0B4FH         LINE#         980
  C:0B68H         LINE#         981
  C:0BA8H         LINE#         983
  C:0BACH         LINE#         985
  C:0BB1H         LINE#         986
  C:0BB6H         LINE#         987
  C:0BBAH         LINE#         988
  C:0BC0H         LINE#         989
  C:0BC0H         LINE#         990
  C:0BC5H         LINE#         991
  C:0BCBH         LINE#         992
  C:0BDCH         LINE#         993
  C:0BE1H         LINE#         994
  C:0BE1H         LINE#         996
  -------         ENDPROC       INTERPRETE
  -------         PROC          UPGRADE
  -------         DO            
  I:0074H         SYMBOL        cmd
  I:0075H         SYMBOL        page
  I:0076H         SYMBOL        crc
  I:0077H         SYMBOL        j
  I:0078H         SYMBOL        k
  I:0079H         SYMBOL        i
  I:007BH         SYMBOL        pw
  I:007DH         SYMBOL        pr
BL51 BANKED LINKER/LOCATER V6.22                                                      11/18/2013  15:34:05  PAGE 19


  C:7048H         SYMBOL        receive_cmd
  C:72CBH         SYMBOL        erase_ok
  -------         DO            
  D:0053H         SYMBOL        _i
  D:0054H         SYMBOL        _j
  -------         ENDDO         
  -------         DO            
  D:0053H         SYMBOL        _i
  D:0054H         SYMBOL        _j
  D:0053H         SYMBOL        _i
  D:0054H         SYMBOL        _j
  D:0053H         SYMBOL        _i
  D:0054H         SYMBOL        _j
  D:0053H         SYMBOL        _i
  D:0054H         SYMBOL        _j
  D:0053H         SYMBOL        _i
  D:0054H         SYMBOL        _j
  D:0053H         SYMBOL        _i
  D:0054H         SYMBOL        _j
  D:0053H         SYMBOL        _i
  D:0054H         SYMBOL        _j
  D:0053H         SYMBOL        _i
  D:0054H         SYMBOL        _j
  D:0053H         SYMBOL        _i
  D:0054H         SYMBOL        _j
  D:0053H         SYMBOL        _i
  D:0054H         SYMBOL        _j
  D:0053H         SYMBOL        _i
  D:0054H         SYMBOL        _j
  D:0053H         SYMBOL        _i
  D:0054H         SYMBOL        _j
  D:0053H         SYMBOL        _i
  D:0054H         SYMBOL        _j
  D:0053H         SYMBOL        _i
  D:0054H         SYMBOL        _j
  D:0053H         SYMBOL        _i
  D:0054H         SYMBOL        _j
  D:0053H         SYMBOL        _i
  D:0054H         SYMBOL        _j
  D:0053H         SYMBOL        _i
  D:0054H         SYMBOL        _j
  D:0053H         SYMBOL        _i
  D:0054H         SYMBOL        _j
  D:0053H         SYMBOL        _i
  D:0054H         SYMBOL        _j
  D:0053H         SYMBOL        _i
  D:0054H         SYMBOL        _j
  -------         ENDDO         
  -------         DO            
  D:0053H         SYMBOL        _i
  D:0054H         SYMBOL        _j
  D:0053H         SYMBOL        _i
  D:0054H         SYMBOL        _j
  D:0053H         SYMBOL        _i
  D:0054H         SYMBOL        _j
  D:0053H         SYMBOL        _i
  D:0054H         SYMBOL        _j
BL51 BANKED LINKER/LOCATER V6.22                                                      11/18/2013  15:34:05  PAGE 20


  D:0053H         SYMBOL        _i
  D:0054H         SYMBOL        _j
  D:0053H         SYMBOL        _i
  D:0054H         SYMBOL        _j
  D:0053H         SYMBOL        _i
  D:0054H         SYMBOL        _j
  D:0053H         SYMBOL        _i
  D:0054H         SYMBOL        _j
  D:0053H         SYMBOL        _i
  D:0054H         SYMBOL        _j
  D:0053H         SYMBOL        _i
  D:0054H         SYMBOL        _j
  D:0053H         SYMBOL        _i
  D:0054H         SYMBOL        _j
  D:0053H         SYMBOL        _i
  D:0054H         SYMBOL        _j
  D:0053H         SYMBOL        _i
  D:0054H         SYMBOL        _j
  D:0053H         SYMBOL        _i
  D:0054H         SYMBOL        _j
  D:0053H         SYMBOL        _i
  D:0054H         SYMBOL        _j
  D:0053H         SYMBOL        _i
  D:0054H         SYMBOL        _j
  D:0053H         SYMBOL        _i
  D:0054H         SYMBOL        _j
  D:0053H         SYMBOL        _i
  D:0054H         SYMBOL        _j
  D:0053H         SYMBOL        _i
  D:0054H         SYMBOL        _j
  -------         ENDDO         
  -------         DO            
  D:0053H         SYMBOL        _i
  D:0054H         SYMBOL        _j
  D:0053H         SYMBOL        _i
  D:0054H         SYMBOL        _j
  D:0053H         SYMBOL        _i
  D:0054H         SYMBOL        _j
  D:0053H         SYMBOL        _i
  D:0054H         SYMBOL        _j
  D:0053H         SYMBOL        _i
  D:0054H         SYMBOL        _j
  D:0053H         SYMBOL        _i
  D:0054H         SYMBOL        _j
  D:0053H         SYMBOL        _i
  D:0054H         SYMBOL        _j
  D:0053H         SYMBOL        _i
  D:0054H         SYMBOL        _j
  D:0053H         SYMBOL        _i
  D:0054H         SYMBOL        _j
  D:0053H         SYMBOL        _i
  D:0054H         SYMBOL        _j
  D:0053H         SYMBOL        _i
  D:0054H         SYMBOL        _j
  D:0053H         SYMBOL        _i
  D:0054H         SYMBOL        _j
  D:0053H         SYMBOL        _i
BL51 BANKED LINKER/LOCATER V6.22                                                      11/18/2013  15:34:05  PAGE 21


  D:0054H         SYMBOL        _j
  D:0053H         SYMBOL        _i
  D:0054H         SYMBOL        _j
  D:0053H         SYMBOL        _i
  D:0054H         SYMBOL        _j
  D:0053H         SYMBOL        _i
  D:0054H         SYMBOL        _j
  D:0053H         SYMBOL        _i
  D:0054H         SYMBOL        _j
  D:0053H         SYMBOL        _i
  D:0054H         SYMBOL        _j
  -------         ENDDO         
  -------         DO            
  D:0053H         SYMBOL        _i
  D:0054H         SYMBOL        _j
  D:0053H         SYMBOL        _i
  D:0054H         SYMBOL        _j
  D:0053H         SYMBOL        _i
  D:0054H         SYMBOL        _j
  D:0053H         SYMBOL        _i
  D:0054H         SYMBOL        _j
  D:0053H         SYMBOL        _i
  D:0054H         SYMBOL        _j
  D:0053H         SYMBOL        _i
  D:0054H         SYMBOL        _j
  D:0053H         SYMBOL        _i
  D:0054H         SYMBOL        _j
  D:0053H         SYMBOL        _i
  D:0054H         SYMBOL        _j
  D:0053H         SYMBOL        _i
  D:0054H         SYMBOL        _j
  D:0053H         SYMBOL        _i
  D:0054H         SYMBOL        _j
  D:0053H         SYMBOL        _i
  D:0054H         SYMBOL        _j
  D:0053H         SYMBOL        _i
  D:0054H         SYMBOL        _j
  D:0053H         SYMBOL        _i
  D:0054H         SYMBOL        _j
  D:0053H         SYMBOL        _i
  D:0054H         SYMBOL        _j
  D:0053H         SYMBOL        _i
  D:0054H         SYMBOL        _j
  D:0053H         SYMBOL        _i
  D:0054H         SYMBOL        _j
  D:0053H         SYMBOL        _i
  D:0054H         SYMBOL        _j
  -------         ENDDO         
  -------         DO            
  D:0053H         SYMBOL        _i
  D:0054H         SYMBOL        _j
  D:0053H         SYMBOL        _i
  D:0054H         SYMBOL        _j
  D:0053H         SYMBOL        _i
  D:0054H         SYMBOL        _j
  D:0053H         SYMBOL        _i
  D:0054H         SYMBOL        _j
BL51 BANKED LINKER/LOCATER V6.22                                                      11/18/2013  15:34:05  PAGE 22


  D:0053H         SYMBOL        _i
  D:0054H         SYMBOL        _j
  D:0053H         SYMBOL        _i
  D:0054H         SYMBOL        _j
  D:0053H         SYMBOL        _i
  D:0054H         SYMBOL        _j
  D:0053H         SYMBOL        _i
  D:0054H         SYMBOL        _j
  D:0053H         SYMBOL        _i
  D:0054H         SYMBOL        _j
  D:0053H         SYMBOL        _i
  D:0054H         SYMBOL        _j
  D:0053H         SYMBOL        _i
  D:0054H         SYMBOL        _j
  D:0053H         SYMBOL        _i
  D:0054H         SYMBOL        _j
  D:0053H         SYMBOL        _i
  D:0054H         SYMBOL        _j
  D:0053H         SYMBOL        _i
  D:0054H         SYMBOL        _j
  D:0053H         SYMBOL        _i
  D:0054H         SYMBOL        _j
  D:0053H         SYMBOL        _i
  D:0054H         SYMBOL        _j
  -------         ENDDO         
  -------         DO            
  D:0053H         SYMBOL        _i
  D:0054H         SYMBOL        _j
  D:0053H         SYMBOL        _i
  D:0054H         SYMBOL        _j
  D:0053H         SYMBOL        _i
  D:0054H         SYMBOL        _j
  D:0053H         SYMBOL        _i
  D:0054H         SYMBOL        _j
  D:0053H         SYMBOL        _i
  D:0054H         SYMBOL        _j
  D:0053H         SYMBOL        _i
  D:0054H         SYMBOL        _j
  D:0053H         SYMBOL        _i
  D:0054H         SYMBOL        _j
  D:0053H         SYMBOL        _i
  D:0054H         SYMBOL        _j
  D:0053H         SYMBOL        _i
  D:0054H         SYMBOL        _j
  D:0053H         SYMBOL        _i
  D:0054H         SYMBOL        _j
  D:0053H         SYMBOL        _i
  D:0054H         SYMBOL        _j
  D:0053H         SYMBOL        _i
  D:0054H         SYMBOL        _j
  D:0053H         SYMBOL        _i
  D:0054H         SYMBOL        _j
  D:0053H         SYMBOL        _i
  D:0054H         SYMBOL        _j
  D:0053H         SYMBOL        _i
  D:0054H         SYMBOL        _j
  -------         ENDDO         
BL51 BANKED LINKER/LOCATER V6.22                                                      11/18/2013  15:34:05  PAGE 23


  -------         DO            
  D:0053H         SYMBOL        _i
  D:0054H         SYMBOL        _j
  D:0053H         SYMBOL        _i
  D:0054H         SYMBOL        _j
  D:0053H         SYMBOL        _i
  D:0054H         SYMBOL        _j
  D:0053H         SYMBOL        _i
  D:0054H         SYMBOL        _j
  D:0053H         SYMBOL        _i
  D:0054H         SYMBOL        _j
  D:0053H         SYMBOL        _i
  D:0054H         SYMBOL        _j
  D:0053H         SYMBOL        _i
  D:0054H         SYMBOL        _j
  D:0053H         SYMBOL        _i
  D:0054H         SYMBOL        _j
  D:0053H         SYMBOL        _i
  D:0054H         SYMBOL        _j
  D:0053H         SYMBOL        _i
  D:0054H         SYMBOL        _j
  D:0053H         SYMBOL        _i
  D:0054H         SYMBOL        _j
  D:0053H         SYMBOL        _i
  D:0054H         SYMBOL        _j
  D:0053H         SYMBOL        _i
  D:0054H         SYMBOL        _j
  D:0053H         SYMBOL        _i
  D:0054H         SYMBOL        _j
  -------         ENDDO         
  -------         DO            
  D:0053H         SYMBOL        _i
  D:0054H         SYMBOL        _j
  D:0053H         SYMBOL        _i
  D:0054H         SYMBOL        _j
  D:0053H         SYMBOL        _i
  D:0054H         SYMBOL        _j
  D:0053H         SYMBOL        _i
  D:0054H         SYMBOL        _j
  D:0053H         SYMBOL        _i
  D:0054H         SYMBOL        _j
  D:0053H         SYMBOL        _i
  D:0054H         SYMBOL        _j
  D:0053H         SYMBOL        _i
  D:0054H         SYMBOL        _j
  D:0053H         SYMBOL        _i
  D:0054H         SYMBOL        _j
  D:0053H         SYMBOL        _i
  D:0054H         SYMBOL        _j
  D:0053H         SYMBOL        _i
  D:0054H         SYMBOL        _j
  D:0053H         SYMBOL        _i
  D:0054H         SYMBOL        _j
  D:0053H         SYMBOL        _i
  D:0054H         SYMBOL        _j
  D:0053H         SYMBOL        _i
  D:0054H         SYMBOL        _j
BL51 BANKED LINKER/LOCATER V6.22                                                      11/18/2013  15:34:05  PAGE 24


  -------         ENDDO         
  -------         DO            
  D:0053H         SYMBOL        _i
  D:0054H         SYMBOL        _j
  D:0053H         SYMBOL        _i
  D:0054H         SYMBOL        _j
  D:0053H         SYMBOL        _i
  D:0054H         SYMBOL        _j
  D:0053H         SYMBOL        _i
  D:0054H         SYMBOL        _j
  D:0053H         SYMBOL        _i
  D:0054H         SYMBOL        _j
  D:0053H         SYMBOL        _i
  D:0054H         SYMBOL        _j
  D:0053H         SYMBOL        _i
  D:0054H         SYMBOL        _j
  D:0053H         SYMBOL        _i
  D:0054H         SYMBOL        _j
  D:0053H         SYMBOL        _i
  D:0054H         SYMBOL        _j
  D:0053H         SYMBOL        _i
  D:0054H         SYMBOL        _j
  D:0053H         SYMBOL        _i
  D:0054H         SYMBOL        _j
  D:0053H         SYMBOL        _i
  D:0054H         SYMBOL        _j
  -------         ENDDO         
  -------         DO            
  D:0053H         SYMBOL        _i
  D:0054H         SYMBOL        _j
  D:0053H         SYMBOL        _i
  D:0054H         SYMBOL        _j
  D:0053H         SYMBOL        _i
  D:0054H         SYMBOL        _j
  D:0053H         SYMBOL        _i
  D:0054H         SYMBOL        _j
  D:0053H         SYMBOL        _i
  D:0054H         SYMBOL        _j
  D:0053H         SYMBOL        _i
  D:0054H         SYMBOL        _j
  D:0053H         SYMBOL        _i
  D:0054H         SYMBOL        _j
  D:0053H         SYMBOL        _i
  D:0054H         SYMBOL        _j
  D:0053H         SYMBOL        _i
  D:0054H         SYMBOL        _j
  D:0053H         SYMBOL        _i
  D:0054H         SYMBOL        _j
  D:0053H         SYMBOL        _i
  D:0054H         SYMBOL        _j
  -------         ENDDO         
  -------         DO            
  D:0053H         SYMBOL        _i
  D:0054H         SYMBOL        _j
  D:0053H         SYMBOL        _i
  D:0054H         SYMBOL        _j
  D:0053H         SYMBOL        _i
BL51 BANKED LINKER/LOCATER V6.22                                                      11/18/2013  15:34:05  PAGE 25


  D:0054H         SYMBOL        _j
  D:0053H         SYMBOL        _i
  D:0054H         SYMBOL        _j
  D:0053H         SYMBOL        _i
  D:0054H         SYMBOL        _j
  D:0053H         SYMBOL        _i
  D:0054H         SYMBOL        _j
  D:0053H         SYMBOL        _i
  D:0054H         SYMBOL        _j
  D:0053H         SYMBOL        _i
  D:0054H         SYMBOL        _j
  D:0053H         SYMBOL        _i
  D:0054H         SYMBOL        _j
  D:0053H         SYMBOL        _i
  D:0054H         SYMBOL        _j
  -------         ENDDO         
  -------         DO            
  D:0053H         SYMBOL        _i
  D:0054H         SYMBOL        _j
  D:0053H         SYMBOL        _i
  D:0054H         SYMBOL        _j
  D:0053H         SYMBOL        _i
  D:0054H         SYMBOL        _j
  D:0053H         SYMBOL        _i
  D:0054H         SYMBOL        _j
  D:0053H         SYMBOL        _i
  D:0054H         SYMBOL        _j
  D:0053H         SYMBOL        _i
  D:0054H         SYMBOL        _j
  D:0053H         SYMBOL        _i
  D:0054H         SYMBOL        _j
  D:0053H         SYMBOL        _i
  D:0054H         SYMBOL        _j
  D:0053H         SYMBOL        _i
  D:0054H         SYMBOL        _j
  -------         ENDDO         
  -------         DO            
  D:0053H         SYMBOL        _i
  D:0054H         SYMBOL        _j
  D:0053H         SYMBOL        _i
  D:0054H         SYMBOL        _j
  D:0053H         SYMBOL        _i
  D:0054H         SYMBOL        _j
  D:0053H         SYMBOL        _i
  D:0054H         SYMBOL        _j
  D:0053H         SYMBOL        _i
  D:0054H         SYMBOL        _j
  D:0053H         SYMBOL        _i
  D:0054H         SYMBOL        _j
  D:0053H         SYMBOL        _i
  D:0054H         SYMBOL        _j
  D:0053H         SYMBOL        _i
  D:0054H         SYMBOL        _j
  -------         ENDDO         
  -------         DO            
  D:0053H         SYMBOL        _i
  D:0054H         SYMBOL        _j
BL51 BANKED LINKER/LOCATER V6.22                                                      11/18/2013  15:34:05  PAGE 26


  D:0053H         SYMBOL        _i
  D:0054H         SYMBOL        _j
  D:0053H         SYMBOL        _i
  D:0054H         SYMBOL        _j
  D:0053H         SYMBOL        _i
  D:0054H         SYMBOL        _j
  D:0053H         SYMBOL        _i
  D:0054H         SYMBOL        _j
  D:0053H         SYMBOL        _i
  D:0054H         SYMBOL        _j
  D:0053H         SYMBOL        _i
  D:0054H         SYMBOL        _j
  -------         ENDDO         
  -------         DO            
  D:0053H         SYMBOL        _i
  D:0054H         SYMBOL        _j
  D:0053H         SYMBOL        _i
  D:0054H         SYMBOL        _j
  D:0053H         SYMBOL        _i
  D:0054H         SYMBOL        _j
  D:0053H         SYMBOL        _i
  D:0054H         SYMBOL        _j
  D:0053H         SYMBOL        _i
  D:0054H         SYMBOL        _j
  D:0053H         SYMBOL        _i
  D:0054H         SYMBOL        _j
  -------         ENDDO         
  -------         DO            
  D:0053H         SYMBOL        _i
  D:0054H         SYMBOL        _j
  D:0053H         SYMBOL        _i
  D:0054H         SYMBOL        _j
  D:0053H         SYMBOL        _i
  D:0054H         SYMBOL        _j
  D:0053H         SYMBOL        _i
  D:0054H         SYMBOL        _j
  D:0053H         SYMBOL        _i
  D:0054H         SYMBOL        _j
  -------         ENDDO         
  -------         DO            
  D:0053H         SYMBOL        _i
  D:0054H         SYMBOL        _j
  D:0053H         SYMBOL        _i
  D:0054H         SYMBOL        _j
  D:0053H         SYMBOL        _i
  D:0054H         SYMBOL        _j
  D:0053H         SYMBOL        _i
  D:0054H         SYMBOL        _j
  -------         ENDDO         
  -------         DO            
  D:0053H         SYMBOL        _i
  D:0054H         SYMBOL        _j
  D:0053H         SYMBOL        _i
  D:0054H         SYMBOL        _j
  D:0053H         SYMBOL        _i
  D:0054H         SYMBOL        _j
  -------         ENDDO         
BL51 BANKED LINKER/LOCATER V6.22                                                      11/18/2013  15:34:05  PAGE 27


  -------         DO            
  D:0053H         SYMBOL        _i
  D:0054H         SYMBOL        _j
  D:0053H         SYMBOL        _i
  D:0054H         SYMBOL        _j
  -------         ENDDO         
  -------         DO            
  D:0053H         SYMBOL        _i
  D:0054H         SYMBOL        _j
  -------         ENDDO         
  -------         DO            
  D:0053H         SYMBOL        _i
  D:0054H         SYMBOL        _j
  -------         ENDDO         
  -------         DO            
  D:0053H         SYMBOL        _i
  D:0054H         SYMBOL        _j
  D:0053H         SYMBOL        _i
  D:0054H         SYMBOL        _j
  D:0053H         SYMBOL        _i
  D:0054H         SYMBOL        _j
  D:0053H         SYMBOL        _i
  D:0054H         SYMBOL        _j
  D:0053H         SYMBOL        _i
  D:0054H         SYMBOL        _j
  D:0053H         SYMBOL        _i
  D:0054H         SYMBOL        _j
  D:0053H         SYMBOL        _i
  D:0054H         SYMBOL        _j
  D:0053H         SYMBOL        _i
  D:0054H         SYMBOL        _j
  D:0053H         SYMBOL        _i
  D:0054H         SYMBOL        _j
  D:0053H         SYMBOL        _i
  D:0054H         SYMBOL        _j
  D:0053H         SYMBOL        _i
  D:0054H         SYMBOL        _j
  -------         ENDDO         
  -------         DO            
  D:0053H         SYMBOL        _i
  D:0054H         SYMBOL        _j
  D:0053H         SYMBOL        _i
  D:0054H         SYMBOL        _j
  D:0053H         SYMBOL        _i
  D:0054H         SYMBOL        _j
  D:0053H         SYMBOL        _i
  D:0054H         SYMBOL        _j
  D:0053H         SYMBOL        _i
  D:0054H         SYMBOL        _j
  D:0053H         SYMBOL        _i
  D:0054H         SYMBOL        _j
  D:0053H         SYMBOL        _i
  D:0054H         SYMBOL        _j
  D:0053H         SYMBOL        _i
  D:0054H         SYMBOL        _j
  D:0053H         SYMBOL        _i
  D:0054H         SYMBOL        _j
BL51 BANKED LINKER/LOCATER V6.22                                                      11/18/2013  15:34:05  PAGE 28


  D:0053H         SYMBOL        _i
  D:0054H         SYMBOL        _j
  -------         ENDDO         
  -------         DO            
  D:0053H         SYMBOL        _i
  D:0054H         SYMBOL        _j
  D:0053H         SYMBOL        _i
  D:0054H         SYMBOL        _j
  D:0053H         SYMBOL        _i
  D:0054H         SYMBOL        _j
  D:0053H         SYMBOL        _i
  D:0054H         SYMBOL        _j
  D:0053H         SYMBOL        _i
  D:0054H         SYMBOL        _j
  D:0053H         SYMBOL        _i
  D:0054H         SYMBOL        _j
  D:0053H         SYMBOL        _i
  D:0054H         SYMBOL        _j
  D:0053H         SYMBOL        _i
  D:0054H         SYMBOL        _j
  D:0053H         SYMBOL        _i
  D:0054H         SYMBOL        _j
  -------         ENDDO         
  -------         DO            
  D:0053H         SYMBOL        _i
  D:0054H         SYMBOL        _j
  D:0053H         SYMBOL        _i
  D:0054H         SYMBOL        _j
  D:0053H         SYMBOL        _i
  D:0054H         SYMBOL        _j
  D:0053H         SYMBOL        _i
  D:0054H         SYMBOL        _j
  D:0053H         SYMBOL        _i
  D:0054H         SYMBOL        _j
  D:0053H         SYMBOL        _i
  D:0054H         SYMBOL        _j
  D:0053H         SYMBOL        _i
  D:0054H         SYMBOL        _j
  D:0053H         SYMBOL        _i
  D:0054H         SYMBOL        _j
  -------         ENDDO         
  -------         DO            
  D:0053H         SYMBOL        _i
  D:0054H         SYMBOL        _j
  D:0053H         SYMBOL        _i
  D:0054H         SYMBOL        _j
  D:0053H         SYMBOL        _i
  D:0054H         SYMBOL        _j
  D:0053H         SYMBOL        _i
  D:0054H         SYMBOL        _j
  D:0053H         SYMBOL        _i
  D:0054H         SYMBOL        _j
  D:0053H         SYMBOL        _i
  D:0054H         SYMBOL        _j
  D:0053H         SYMBOL        _i
  D:0054H         SYMBOL        _j
  -------         ENDDO         
BL51 BANKED LINKER/LOCATER V6.22                                                      11/18/2013  15:34:05  PAGE 29


  -------         DO            
  D:0053H         SYMBOL        _i
  D:0054H         SYMBOL        _j
  D:0053H         SYMBOL        _i
  D:0054H         SYMBOL        _j
  D:0053H         SYMBOL        _i
  D:0054H         SYMBOL        _j
  D:0053H         SYMBOL        _i
  D:0054H         SYMBOL        _j
  D:0053H         SYMBOL        _i
  D:0054H         SYMBOL        _j
  D:0053H         SYMBOL        _i
  D:0054H         SYMBOL        _j
  -------         ENDDO         
  -------         DO            
  D:0053H         SYMBOL        _i
  D:0054H         SYMBOL        _j
  D:0053H         SYMBOL        _i
  D:0054H         SYMBOL        _j
  D:0053H         SYMBOL        _i
  D:0054H         SYMBOL        _j
  D:0053H         SYMBOL        _i
  D:0054H         SYMBOL        _j
  D:0053H         SYMBOL        _i
  D:0054H         SYMBOL        _j
  -------         ENDDO         
  -------         DO            
  D:0053H         SYMBOL        _i
  D:0054H         SYMBOL        _j
  D:0053H         SYMBOL        _i
  D:0054H         SYMBOL        _j
  D:0053H         SYMBOL        _i
  D:0054H         SYMBOL        _j
  D:0053H         SYMBOL        _i
  D:0054H         SYMBOL        _j
  -------         ENDDO         
  -------         DO            
  D:0053H         SYMBOL        _i
  D:0054H         SYMBOL        _j
  D:0053H         SYMBOL        _i
  D:0054H         SYMBOL        _j
  D:0053H         SYMBOL        _i
  D:0054H         SYMBOL        _j
  -------         ENDDO         
  -------         DO            
  D:0053H         SYMBOL        _i
  D:0054H         SYMBOL        _j
  D:0053H         SYMBOL        _i
  D:0054H         SYMBOL        _j
  -------         ENDDO         
  -------         DO            
  D:0053H         SYMBOL        _i
  D:0054H         SYMBOL        _j
  -------         ENDDO         
  -------         DO            
  D:0053H         SYMBOL        _i
  D:0054H         SYMBOL        _j
BL51 BANKED LINKER/LOCATER V6.22                                                      11/18/2013  15:34:05  PAGE 30


  -------         ENDDO         
  -------         DO            
  D:0053H         SYMBOL        _i
  D:0054H         SYMBOL        _j
  D:0053H         SYMBOL        _i
  D:0054H         SYMBOL        _j
  -------         ENDDO         
  -------         DO            
  D:0053H         SYMBOL        _i
  D:0054H         SYMBOL        _j
  -------         ENDDO         
  -------         ENDDO         
  C:7000H         LINE#         1152
  C:7000H         LINE#         1153
  C:7000H         LINE#         1159
  C:700AH         LINE#         1163
  C:7010H         LINE#         1164
  C:7015H         LINE#         1165
  C:7015H         LINE#         1166
  C:7023H         LINE#         1167
  C:7034H         LINE#         1170
  C:7036H         LINE#         1172
  C:7039H         LINE#         1173
  C:703CH         LINE#         1180
  C:703FH         LINE#         1181
  C:7042H         LINE#         1184
  C:7048H         LINE#         1186
  C:7048H         LINE#         1188
  C:7048H         LINE#         1191
  C:704BH         LINE#         1195
  C:704EH         LINE#         1196
  C:7063H         LINE#         1197
  C:707BH         LINE#         1198
  C:707DH         LINE#         1202
  C:707FH         LINE#         1204
  C:7083H         LINE#         1205
  C:7085H         LINE#         1213
  C:708EH         LINE#         1215
  C:70A2H         LINE#         1216
  C:70BAH         LINE#         1217
  C:70BDH         LINE#         1218
  C:70BDH         LINE#         1219
  C:70C1H         LINE#         1220
  C:70C3H         LINE#         1221
  C:70D8H         LINE#         1222
  C:70F0H         LINE#         1223
  C:70F6H         LINE#         1224
  C:70F6H         LINE#         1225
  C:70FAH         LINE#         1226
  C:70FCH         LINE#         1227
  C:7111H         LINE#         1228
  C:7129H         LINE#         1229
  C:712FH         LINE#         1230
  C:712FH         LINE#         1231
  C:7133H         LINE#         1232
  C:7135H         LINE#         1235
  C:7137H         LINE#         1236
BL51 BANKED LINKER/LOCATER V6.22                                                      11/18/2013  15:34:05  PAGE 31


  C:714DH         LINE#         1237
  C:715BH         LINE#         1238
  C:715DH         LINE#         1240
  C:7168H         LINE#         1242
  C:717CH         LINE#         1243
  C:7194H         LINE#         1244
  C:719AH         LINE#         1245
  C:719AH         LINE#         1246
  C:719EH         LINE#         1247
  C:71A0H         LINE#         1250
  C:71A2H         LINE#         1251
  C:71B8H         LINE#         1252
  C:71CEH         LINE#         1253
  C:71E4H         LINE#         1254
  C:71F2H         LINE#         1255
  C:71F4H         LINE#         1257
  C:71FFH         LINE#         1259
  C:7201H         LINE#         1260
  C:7217H         LINE#         1261
  C:722DH         LINE#         1262
  C:723BH         LINE#         1263
  C:723DH         LINE#         1265
  C:7248H         LINE#         1268
  C:725CH         LINE#         1269
  C:7274H         LINE#         1270
  C:727AH         LINE#         1271
  C:727AH         LINE#         1273
  C:727EH         LINE#         1274
  C:7280H         LINE#         1275
  C:7283H         LINE#         1277
  C:728AH         LINE#         1280
  C:72A3H         LINE#         1284
  C:72A7H         LINE#         1285
  C:72A7H         LINE#         1287
  C:72AAH         LINE#         1293
  C:72ADH         LINE#         1295
  C:72B0H         LINE#         1297
  C:72B7H         LINE#         1304
  C:72BDH         LINE#         1307
  C:72C0H         LINE#         1309
  C:72C2H         LINE#         1311
  C:72C4H         LINE#         1312
  C:72C8H         LINE#         1313
  C:72C8H         LINE#         1316
  C:72CBH         LINE#         1320
  C:72CBH         LINE#         1323
  C:72CDH         LINE#         1324
  C:72E3H         LINE#         1325
  C:72FBH         LINE#         1326
  C:7309H         LINE#         1327
  C:730BH         LINE#         1329
  C:7318H         LINE#         1332
  C:732CH         LINE#         1333
  C:7344H         LINE#         1334
  C:734AH         LINE#         1335
  C:734AH         LINE#         1336
  C:734EH         LINE#         1337
BL51 BANKED LINKER/LOCATER V6.22                                                      11/18/2013  15:34:05  PAGE 32


  C:7350H         LINE#         1340
  C:7365H         LINE#         1341
  C:737DH         LINE#         1342
  C:7383H         LINE#         1343
  C:7383H         LINE#         1344
  C:7387H         LINE#         1345
  C:7389H         LINE#         1347
  C:7390H         LINE#         1350
  C:73AEH         LINE#         1351
  C:73AEH         LINE#         1354
  C:73B1H         LINE#         1361
  C:73B4H         LINE#         1363
  C:73B7H         LINE#         1365
  C:73C9H         LINE#         1368
  C:73CCH         LINE#         1372
  C:73D7H         LINE#         1373
  C:73EBH         LINE#         1374
  C:7403H         LINE#         1375
  C:7409H         LINE#         1376
  C:7409H         LINE#         1383
  C:741DH         LINE#         1384
  C:741FH         LINE#         1385
  C:7424H         LINE#         1388
  C:7427H         LINE#         1393
  C:742AH         LINE#         1395
  C:742CH         LINE#         1398
  C:742EH         LINE#         1401
  C:7430H         LINE#         1402
  C:7446H         LINE#         1403
  C:745CH         LINE#         1404
  C:746AH         LINE#         1405
  C:746CH         LINE#         1407
  C:747AH         LINE#         1410
  C:748EH         LINE#         1411
  C:74A6H         LINE#         1412
  C:74ACH         LINE#         1413
  C:74ACH         LINE#         1415
  C:74B0H         LINE#         1416
  C:74B2H         LINE#         1418
  C:74BBH         LINE#         1421
  C:74C3H         LINE#         1422
  C:74EDH         LINE#         1425
  C:74EFH         LINE#         1426
  C:7505H         LINE#         1427
  C:751DH         LINE#         1428
  C:752BH         LINE#         1429
  C:752DH         LINE#         1431
  C:7538H         LINE#         1434
  C:754CH         LINE#         1435
  C:7564H         LINE#         1436
  C:756AH         LINE#         1437
  C:756AH         LINE#         1438
  C:756EH         LINE#         1439
  C:7570H         LINE#         1442
  C:7585H         LINE#         1443
  C:759DH         LINE#         1444
  C:75A3H         LINE#         1445
BL51 BANKED LINKER/LOCATER V6.22                                                      11/18/2013  15:34:05  PAGE 33


  C:75A3H         LINE#         1446
  C:75A7H         LINE#         1447
  C:75A9H         LINE#         1449
  C:75ABH         LINE#         1451
  C:75C1H         LINE#         1452
  C:75D7H         LINE#         1454
  C:75F0H         LINE#         1457
  C:75F7H         LINE#         1458
  C:7618H         LINE#         1459
  C:762FH         LINE#         1460
  C:7636H         LINE#         1462
  C:764EH         LINE#         1463
  C:765CH         LINE#         1464
  C:765EH         LINE#         1466
  C:7666H         LINE#         1469
  C:7669H         LINE#         1471
  C:766CH         LINE#         1472
  C:766CH         LINE#         1474
  C:7676H         LINE#         1477
  C:7679H         LINE#         1478
  C:767BH         LINE#         1479
  -------         ENDPROC       UPGRADE
  -------         PROC          YIELD
  C:2AA3H         LINE#         1496
  C:2AA3H         LINE#         1497
  C:2AA3H         LINE#         1498
  C:2AA8H         LINE#         1502
  C:2AABH         LINE#         1506
  C:2AAEH         LINE#         1507
  C:2AB9H         LINE#         1510
  C:2ABCH         LINE#         1511
  C:2AC7H         LINE#         1515
  C:2ACDH         LINE#         1516
  C:2ADAH         LINE#         1518
  C:2ADCH         LINE#         1520
  C:2ADFH         LINE#         1521
  C:2AE1H         LINE#         1522
  C:2AE1H         LINE#         1525
  C:2AE7H         LINE#         1526
  C:2AEBH         LINE#         1527
  C:2AEEH         LINE#         1528
  C:2AF0H         LINE#         1529
  C:2AF0H         LINE#         1531
  C:2AF6H         LINE#         1532
  C:2AF8H         LINE#         1543
  C:2AFBH         LINE#         1544
  C:2AFBH         LINE#         1559
  C:2B0EH         LINE#         1560
  C:2B10H         LINE#         1562
  -------         ENDPROC       YIELD
  -------         PROC          MAIN
  C:0098H         LINE#         1570
  C:0098H         LINE#         1571
  C:0098H         LINE#         1572
  C:009BH         LINE#         1574
  C:009BH         LINE#         1575
  C:009EH         LINE#         1581
BL51 BANKED LINKER/LOCATER V6.22                                                      11/18/2013  15:34:05  PAGE 34


  C:00A1H         LINE#         1583
  -------         ENDPROC       MAIN
  -------         ENDMOD        MSCBMAIN

  -------         MODULE        MSCBUTIL
  C:0000H         SYMBOL        _ICE_DUMMY_
  C:2E38H         PUBLIC        eeprom_erase
  C:2620H         PUBLIC        timer0_int
  D:00FFH         PUBLIC        WDTCN
  D:00B0H         PUBLIC        P3
  C:3145H         PUBLIC        _?watchdog_int
  B:00A8H.7       PUBLIC        EA
  D:00E7H         PUBLIC        EIE2
  C:3188H         PUBLIC        sysclock_init
  D:008FH         PUBLIC        PSCTL
  C:2C99H         PUBLIC        _eeprom_read
  D:00E8H         PUBLIC        ADC0CN
  D:0084H         PUBLIC        SFRPAGE
  D:00E8H         PUBLIC        ADC2CN
  D:00A8H         PUBLIC        IE
  C:3200H         PUBLIC        watchdog_disable
  D:00F7H         PUBLIC        EIP2
  C:2F66H         PUBLIC        rs232_output
  B:0023H.0       PUBLIC        watchdog_on
  D:00D8H         PUBLIC        PCA0CN
  C:31EDH         PUBLIC        uptime
  D:00B8H         PUBLIC        IP
  C:26C5H         PUBLIC        _eeprom_write
  X:0000H         SYMBOL        _uptime_cnt
  C:3167H         PUBLIC        _watchdog_enable
  D:00CBH         PUBLIC        RCAP2H
  B:00B8H.4       PUBLIC        PS
  C:31A8H         PUBLIC        flush
  D:00C0H         PUBLIC        SMB0CN
  D:00CAH         PUBLIC        RCAP2L
  X:0001H         PUBLIC        leds
  C:2895H         PUBLIC        _?led_blink
  D:0088H         PUBLIC        CPT0CN
  C:30C5H         PUBLIC        _?watchdog_refresh
  D:0088H         PUBLIC        CPT1CN
  D:00F8H         PUBLIC        SPI0CN
  D:00C9H         PUBLIC        TMR2CF
  X:0009H         PUBLIC        rbuf
  C:31DAH         PUBLIC        time
  X:0809H         PUBLIC        sbuf
  D:0089H         PUBLIC        TMOD
  D:0088H         PUBLIC        TCON
  D:00C8H         PUBLIC        TMR2CN
  D:00C8H         PUBLIC        TMR3CN
  D:00C8H         PUBLIC        TMR4CN
  C:31C7H         PUBLIC        nan
  C:3032H         PUBLIC        _?led_mode
  I:0018H         PUBLIC        watchdog_timeout
  C:E000H         PUBLIC        EEPROM_AREA
  B:00B0H.4       PUBLIC        led_0
  B:00B0H.3       PUBLIC        led_1
  B:00A8H.4       PUBLIC        ES0
BL51 BANKED LINKER/LOCATER V6.22                                                      11/18/2013  15:34:05  PAGE 35


  B:00A8H.1       PUBLIC        ET0
  D:008CH         PUBLIC        TH0
  C:2763H         PUBLIC        _gets_wait
  D:008DH         PUBLIC        TH1
  D:008AH         PUBLIC        TL0
  D:0088H         PUBLIC        FLSTAT
  C:30F1H         PUBLIC        _delay_ms
  C:2DE7H         PUBLIC        _uart_init
  B:00B8H.3       PUBLIC        PT1
  B:0088H.4       PUBLIC        TR0
  B:0088H.6       PUBLIC        TR1
  C:1F8AH         PUBLIC        _eeprom_retrieve
  C:2E89H         PUBLIC        _?getchar_nowait
  I:0019H         PUBLIC        watchdog_timer
  C:2BDEH         PUBLIC        _delay_us
  C:29B1H         PUBLIC        serial_int1
  D:0099H         PUBLIC        SBUF1
  C:2CF1H         PUBLIC        getchar
  C:21B8H         PUBLIC        _?led_int
  D:00EFH         PUBLIC        RSTSRC
  C:0026H         PUBLIC        _?led_set
  D:0098H         PUBLIC        SCON0
  C:2ED5H         PUBLIC        uart1_init_buffer
  D:0098H         PUBLIC        SCON1
  D:0091H         PUBLIC        SSTA0
  C:20A4H         PUBLIC        crc8_data
  D:008EH         PUBLIC        CKCON
  C:27FFH         PUBLIC        _?crc8
  X:0C09H         SYMBOL        _systime
  X:0C0DH         PUBLIC        rbuf_rp
[...]
  i:0000H         SYMBOL        from_interrupt
  C:30C5H         LINE#         1094
  C:30CBH         LINE#         1113
  C:30CBH         LINE#         1116
  C:30D0H         LINE#         1117
  C:30D5H         LINE#         1119
  C:30EBH         LINE#         1125
  C:30EEH         LINE#         1129
  C:30EEH         LINE#         1153
  -------         ENDPROC       _?WATCHDOG_REFRESH
  -------         PROC          _WATCHDOG_ENABLE
  D:0007H         SYMBOL        timeout
  C:3167H         LINE#         1157
  C:3167H         LINE#         1168
  C:3167H         LINE#         1169
  C:3167H         LINE#         1172
  C:3169H         LINE#         1173
  C:316FH         LINE#         1174
  C:3172H         LINE#         1175
  C:3177H         LINE#         1177
  C:317BH         LINE#         1190
  C:317EH         LINE#         1191
  C:3181H         LINE#         1194
  C:3184H         LINE#         1195
  C:3187H         LINE#         1204
BL51 BANKED LINKER/LOCATER V6.22                                                      11/18/2013  15:34:05  PAGE 42


  -------         ENDPROC       _WATCHDOG_ENABLE
  -------         PROC          WATCHDOG_DISABLE
  C:3200H         LINE#         1208
  C:3200H         LINE#         1216
  C:3200H         LINE#         1218
  C:3202H         LINE#         1219
  C:3208H         LINE#         1220
  C:320CH         LINE#         1226
  C:320FH         LINE#         1227
  C:3212H         LINE#         1229
  -------         ENDPROC       WATCHDOG_DISABLE
  -------         PROC          _?WATCHDOG_INT
  C:3145H         LINE#         1233
  C:3145H         LINE#         1245
  C:314DH         LINE#         1246
  C:3163H         LINE#         1252
  C:3166H         LINE#         1256
  C:3166H         LINE#         1279
  -------         ENDPROC       _?WATCHDOG_INT
  -------         PROC          _DELAY_MS
  D:000CH         SYMBOL        ms
  -------         DO            
  D:000EH         SYMBOL        i
  -------         ENDDO         
  C:30F1H         LINE#         1292
  C:30F5H         LINE#         1293
  C:30F5H         LINE#         1296
  C:3105H         LINE#         1297
  C:310CH         LINE#         1298
  C:3111H         LINE#         1299
  C:311BH         LINE#         1300
  -------         ENDPROC       _DELAY_MS
  -------         PROC          _DELAY_US
  D:0010H         SYMBOL        us
  -------         DO            
  D:0007H         SYMBOL        i
  D:0006H         SYMBOL        j
  D:0012H         SYMBOL        remaining_us
  -------         ENDDO         
  C:2BDEH         LINE#         1302
  C:2BE2H         LINE#         1303
  C:2BE2H         LINE#         1307
  C:2BE2H         LINE#         1308
  C:2BEDH         LINE#         1309
  C:2BF5H         LINE#         1311
  C:2BF6H         LINE#         1312
  C:2BFEH         LINE#         1313
  C:2C02H         LINE#         1328
  C:2C05H         LINE#         1329
  C:2C05H         LINE#         1330
  C:2C0BH         LINE#         1331
  C:2C16H         LINE#         1332
  C:2C1DH         LINE#         1333
  C:2C29H         LINE#         1334
  C:2C2BH         LINE#         1335
  C:2C36H         LINE#         1336
  C:2C3DH         LINE#         1337
BL51 BANKED LINKER/LOCATER V6.22                                                      11/18/2013  15:34:05  PAGE 43


  C:2C3DH         LINE#         1338
  -------         ENDPROC       _DELAY_US
  -------         PROC          _EEPROM_READ
  D:0048H         SYMBOL        dst
  D:004BH         SYMBOL        len
  D:004CH         SYMBOL        offset
  -------         DO            
  D:0005H         SYMBOL        i
  D:0006H         SYMBOL        p
  D:004FH         SYMBOL        d
  -------         ENDDO         
  C:2C99H         LINE#         1346
  C:2CA1H         LINE#         1360
  C:2CA1H         LINE#         1365
  C:2CA6H         LINE#         1367
  C:2CB7H         LINE#         1368
  C:2CC0H         LINE#         1370
  C:2CC8H         LINE#         1371
  C:2CE3H         LINE#         1373
  C:2CF0H         LINE#         1374
  -------         ENDPROC       _EEPROM_READ
  -------         PROC          _EEPROM_WRITE
  D:0059H         SYMBOL        src
  D:005CH         SYMBOL        len
  D:005DH         SYMBOL        offset
  -------         DO            
  I:0074H         SYMBOL        p
  I:0076H         SYMBOL        i
  I:0077H         SYMBOL        b
  I:0078H         SYMBOL        s
  -------         ENDDO         
  C:26C5H         LINE#         1378
  C:26CDH         LINE#         1392
  C:26CDH         LINE#         1397
  C:26D7H         LINE#         1400
  C:26DAH         LINE#         1401
  C:26DCH         LINE#         1404
  C:26DFH         LINE#         1410
  C:26E2H         LINE#         1412
  C:26E5H         LINE#         1414
  C:26FBH         LINE#         1415
  C:270BH         LINE#         1417
  C:2717H         LINE#         1418
  C:272FH         LINE#         1425
  C:2744H         LINE#         1426
  C:2749H         LINE#         1428
  C:274CH         LINE#         1429
  C:274FH         LINE#         1431
  C:275BH         LINE#         1433
  C:275DH         LINE#         1434
  C:2762H         LINE#         1435
  -------         ENDPROC       _EEPROM_WRITE
  -------         PROC          EEPROM_ERASE
  -------         DO            
  I:0074H         SYMBOL        i
  I:0075H         SYMBOL        p
  -------         ENDDO         
BL51 BANKED LINKER/LOCATER V6.22                                                      11/18/2013  15:34:05  PAGE 44


  C:2E38H         LINE#         1439
  C:2E38H         LINE#         1447
  C:2E38H         LINE#         1451
  C:2E3FH         LINE#         1454
  C:2E41H         LINE#         1455
  C:2E44H         LINE#         1458
  C:2E47H         LINE#         1464
  C:2E4AH         LINE#         1466
  C:2E4DH         LINE#         1478
  C:2E53H         LINE#         1479
  C:2E5EH         LINE#         1480
  C:2E69H         LINE#         1481
  C:2E6EH         LINE#         1482
  C:2E78H         LINE#         1483
  C:2E7CH         LINE#         1486
  C:2E7FH         LINE#         1487
  C:2E82H         LINE#         1489
  C:2E84H         LINE#         1490
  C:2E88H         LINE#         1491
  -------         ENDPROC       EEPROM_ERASE
  -------         PROC          EEPROM_FLASH
  -------         DO            
  D:0053H         SYMBOL        i
  D:0054H         SYMBOL        adr
  D:0055H         SYMBOL        magic
  D:0057H         SYMBOL        offset
  -------         ENDDO         
  C:2491H         LINE#         1495
  C:2491H         LINE#         1503
  C:2491H         LINE#         1507
  C:2494H         LINE#         1509
  C:2499H         LINE#         1512
  C:24B1H         LINE#         1515
  C:24B7H         LINE#         1516
  C:24D0H         LINE#         1519
  C:24DBH         LINE#         1520
  C:24F4H         LINE#         1521
  C:254EH         LINE#         1525
  C:2554H         LINE#         1526
  C:256DH         LINE#         1528
  C:2571H         LINE#         1529
  -------         ENDPROC       EEPROM_FLASH
  -------         PROC          _EEPROM_RETRIEVE
  D:0040H         SYMBOL        flag
  -------         DO            
  D:0041H         SYMBOL        i
  D:0042H         SYMBOL        adr
  D:0043H         SYMBOL        status
  D:0044H         SYMBOL        magic
  D:0046H         SYMBOL        offset
  -------         ENDDO         
  C:1F8AH         LINE#         1533
  C:1F8CH         LINE#         1542
  C:1F8CH         LINE#         1546
  C:1F91H         LINE#         1547
  C:1F93H         LINE#         1550
  C:1FABH         LINE#         1553
BL51 BANKED LINKER/LOCATER V6.22                                                      11/18/2013  15:34:05  PAGE 45


  C:1FC4H         LINE#         1554
  C:1FD0H         LINE#         1555
  C:1FD3H         LINE#         1558
  C:1FE1H         LINE#         1559
  C:1FFAH         LINE#         1560
  C:1FFEH         LINE#         1561
  C:2052H         LINE#         1564
  C:206FH         LINE#         1565
  C:2079H         LINE#         1568
  C:2092H         LINE#         1569
  C:209EH         LINE#         1570
  C:20A1H         LINE#         1572
  C:20A3H         LINE#         1573
  -------         ENDPROC       _EEPROM_RETRIEVE
  -------         ENDMOD        MSCBUTIL

  -------         MODULE        SCS_210_MAXIGAUGE
  C:0000H         SYMBOL        _ICE_DUMMY_
  B:00A8H.7       PUBLIC        EA
  D:00E8H         PUBLIC        ADC0CN
  D:00E8H         PUBLIC        ADC2CN
  D:00A8H         PUBLIC        IE
  D:00D8H         PUBLIC        PCA0CN
  D:00B8H         PUBLIC        IP
  B:0023H.2       PUBLIC        flush_flag
  D:00C0H         PUBLIC        SMB0CN
  D:0088H         PUBLIC        CPT0CN
  D:0088H         PUBLIC        CPT1CN
  C:22DFH         PUBLIC        node_name
  D:00F8H         PUBLIC        SPI0CN
  X:0D59H         SYMBOL        last_read
  D:0088H         PUBLIC        TCON
  D:00C8H         PUBLIC        TMR2CN
  D:00C8H         PUBLIC        TMR3CN
  D:00C8H         PUBLIC        TMR4CN
  C:22E9H         PUBLIC        vars
  X:0D5DH         PUBLIC        user_data
  D:0014H         PUBLIC        variables
  C:2FF2H         PUBLIC        _user_read
  C:2399H         SYMBOL        _?ix1000
  C:2B7BH         PUBLIC        _?user_write
  C:3098H         PUBLIC        _user_func
  D:0088H         PUBLIC        FLSTAT
  C:000EH         PUBLIC        _user_init
  C:1CDDH         PUBLIC        user_loop
  D:0098H         PUBLIC        SCON0
  D:0098H         PUBLIC        SCON1
  I:001CH         PUBLIC        _n_sub_addr
  D:00D0H         PUBLIC        PSW
  -------         PROC          _USER_INIT
  D:0007H         SYMBOL        init
  C:000EH         LINE#         72
  C:000EH         LINE#         73
  C:000EH         LINE#         75
  C:0011H         LINE#         76
  C:0017H         LINE#         78
  C:0021H         LINE#         79
BL51 BANKED LINKER/LOCATER V6.22                                                      11/18/2013  15:34:05  PAGE 46


  -------         ENDPROC       _USER_INIT
  -------         PROC          _?USER_WRITE
  i:0002H         SYMBOL        index
  -------         DO            
  i:0000H         SYMBOL        i
  i:0001H         SYMBOL        n
  -------         ENDDO         
  C:2B7BH         LINE#         88
  C:2B85H         LINE#         92
  C:2B8CH         LINE#         94
  C:2B95H         LINE#         97
  C:2B9EH         LINE#         98
  C:2BAFH         LINE#         99
  C:2BC3H         LINE#         100
  C:2BC5H         LINE#         101
  C:2BC5H         LINE#         103
  C:2BCDH         LINE#         104
  C:2BD7H         LINE#         105
  -------         ENDPROC       _?USER_WRITE
  -------         PROC          _USER_READ
  D:0007H         SYMBOL        index
  -------         DO            
  D:0036H         SYMBOL        c
  D:0037H         SYMBOL        n
  -------         ENDDO         
  C:2FF2H         LINE#         110
  C:2FF2H         LINE#         111
  C:2FF2H         LINE#         114
  C:2FF5H         LINE#         117
  C:2FFEH         LINE#         119
  C:300AH         LINE#         120
  C:300FH         LINE#         121
  C:3014H         LINE#         122
  C:3014H         LINE#         125
  C:3028H         LINE#         126
  C:302CH         LINE#         127
  C:302FH         LINE#         128
  C:302FH         LINE#         130
  C:3031H         LINE#         131
  -------         ENDPROC       _USER_READ
  -------         PROC          _USER_FUNC
  D:0036H         SYMBOL        data_in
  D:0039H         SYMBOL        data_out
  C:3098H         LINE#         135
  C:309EH         LINE#         136
  C:309EH         LINE#         138
  C:30AAH         LINE#         139
  C:30C2H         LINE#         140
  C:30C4H         LINE#         141
  -------         ENDPROC       _USER_FUNC
  -------         PROC          USER_LOOP
  -------         DO            
  X:0DB6H         SYMBOL        i
  X:0DB7H         SYMBOL        r
  X:0DB8H         SYMBOL        p
  X:0DBCH         SYMBOL        str
  X:0DDCH         SYMBOL        status
BL51 BANKED LINKER/LOCATER V6.22                                                      11/18/2013  15:34:05  PAGE 47


  D:003CH         SYMBOL        SensorStrings
  -------         ENDDO         
  C:1CDDH         LINE#         145
  C:1CDDH         LINE#         146
  C:1CDDH         LINE#         152
  C:1CF0H         LINE#         155
  C:1CF3H         LINE#         156
  C:1CF5H         LINE#         157
  C:1CF8H         LINE#         158
  C:1CF8H         LINE#         161
  C:1D29H         LINE#         162
  C:1D32H         LINE#         164
  C:1D43H         LINE#         167
  C:1D57H         LINE#         168
  C:1D5AH         LINE#         171
  C:1D6DH         LINE#         173
  C:1D6FH         LINE#         174
  C:1D7EH         LINE#         175
  C:1D80H         LINE#         177
  C:1D8BH         LINE#         181
  C:1D97H         LINE#         182
  C:1D9AH         LINE#         185
  C:1DADH         LINE#         187
  C:1DAFH         LINE#         188
  C:1DBEH         LINE#         189
  C:1DC0H         LINE#         192
  C:1DD1H         LINE#         193
  C:1DE0H         LINE#         195
  C:1DEAH         LINE#         196
  C:1DECH         LINE#         197
  C:1E0EH         LINE#         198
  C:1E10H         LINE#         199
  C:1E12H         LINE#         200
  C:1E12H         LINE#         201
  C:1E14H         LINE#         202
  C:1E2CH         LINE#         203
  C:1E2EH         LINE#         204
  C:1E2EH         LINE#         205
  C:1E2EH         LINE#         206
  C:1E37H         LINE#         207
  C:1E37H         LINE#         208
  -------         ENDPROC       USER_LOOP
  -------         ENDMOD        SCS_210_MAXIGAUGE

  -------         MODULE        PRINTF
  D:004EH         PUBLIC        ?_PRINTF?BYTE
  D:004EH         PUBLIC        ?_SPRINTF?BYTE
  C:15D0H         PUBLIC        _PRINTF
  C:15CAH         PUBLIC        _SPRINTF
  -------         ENDMOD        PRINTF

  -------         MODULE        ATOF
  C:2F1EH         PUBLIC        _ATOF
  -------         ENDMOD        ATOF

  -------         MODULE        ?C?FPROUND
  C:0BE2H         PUBLIC        ?C?FPROUND
BL51 BANKED LINKER/LOCATER V6.22                                                      11/18/2013  15:34:05  PAGE 48


  -------         ENDMOD        ?C?FPROUND

  -------         MODULE        ?C?FPCONVERT
  C:0C11H         PUBLIC        ?C?FPCONVERT
  -------         ENDMOD        ?C?FPCONVERT

  -------         MODULE        ?C?FPADD
  C:0D65H         PUBLIC        ?C?FPADD
  C:0D61H         PUBLIC        ?C?FPSUB
  -------         ENDMOD        ?C?FPADD

  -------         MODULE        ?C?FPMUL
  C:0E56H         PUBLIC        ?C?FPMUL
  -------         ENDMOD        ?C?FPMUL

  -------         MODULE        ?C?FPDIV
  C:0F5FH         PUBLIC        ?C?FPDIV
  -------         ENDMOD        ?C?FPDIV

  -------         MODULE        ?C?FPNEG
  C:0FFCH         PUBLIC        ?C?FPNEG
  -------         ENDMOD        ?C?FPNEG

  -------         MODULE        ?C?FCAST
  C:1017H         PUBLIC        ?C?FCASTC
  C:1012H         PUBLIC        ?C?FCASTI
  C:100DH         PUBLIC        ?C?FCASTL
  -------         ENDMOD        ?C?FCAST

  -------         MODULE        ?C?FTNPWR
  C:107BH         PUBLIC        ?C?FTNPWR
  -------         ENDMOD        ?C?FTNPWR

  -------         MODULE        ?C?COPY
  C:118BH         PUBLIC        ?C?COPY
  -------         ENDMOD        ?C?COPY

  -------         MODULE        ?C?CLDPTR
  C:11B1H         PUBLIC        ?C?CLDPTR
  -------         ENDMOD        ?C?CLDPTR

  -------         MODULE        ?C?CLDOPTR
  C:11CAH         PUBLIC        ?C?CLDOPTR
  -------         ENDMOD        ?C?CLDOPTR

  -------         MODULE        ?C?CSTPTR
  C:11F7H         PUBLIC        ?C?CSTPTR
  -------         ENDMOD        ?C?CSTPTR

  -------         MODULE        ?C?CSTOPTR
  C:1209H         PUBLIC        ?C?CSTOPTR
  -------         ENDMOD        ?C?CSTOPTR

  -------         MODULE        ?C?IMUL
  C:122BH         PUBLIC        ?C?IMUL
  -------         ENDMOD        ?C?IMUL

BL51 BANKED LINKER/LOCATER V6.22                                                      11/18/2013  15:34:05  PAGE 49


  -------         MODULE        ?C?SIDIV
  C:123DH         PUBLIC        ?C?SIDIV
  -------         ENDMOD        ?C?SIDIV

  -------         MODULE        ?C?ILDIX
  C:1273H         PUBLIC        ?C?ILDIX
  -------         ENDMOD        ?C?ILDIX

  -------         MODULE        ?C?ILDPTR
  C:1289H         PUBLIC        ?C?ILDPTR
  -------         ENDMOD        ?C?ILDPTR

  -------         MODULE        ?C?IILDPTR
  C:12B4H         PUBLIC        ?C?IILDPTR
  -------         ENDMOD        ?C?IILDPTR

  -------         MODULE        ?C?LNEG
  C:12ECH         PUBLIC        ?C?LNEG
  -------         ENDMOD        ?C?LNEG

  -------         MODULE        ?C?ULCMP
  C:12FAH         PUBLIC        ?C?ULCMP
  -------         ENDMOD        ?C?ULCMP

  -------         MODULE        ?C?LLDIDATA0
  C:130BH         PUBLIC        ?C?LLDIDATA0
  -------         ENDMOD        ?C?LLDIDATA0

  -------         MODULE        ?C?LSTIDATA
  C:1318H         PUBLIC        ?C?LSTIDATA
  -------         ENDMOD        ?C?LSTIDATA

  -------         MODULE        ?C?LSTXDATA
  C:1324H         PUBLIC        ?C?LSTXDATA
  -------         ENDMOD        ?C?LSTXDATA

  -------         MODULE        ?C?LSTKXDATA
  C:1330H         PUBLIC        ?C?LSTKXDATA
  -------         ENDMOD        ?C?LSTKXDATA

  -------         MODULE        ?C?PLDIIDATA
  C:1361H         PUBLIC        ?C?PLDIIDATA
  -------         ENDMOD        ?C?PLDIIDATA

  -------         MODULE        ?C?PLDOPTR
  C:1371H         PUBLIC        ?C?PLDOPTR
  -------         ENDMOD        ?C?PLDOPTR

  -------         MODULE        ?C?CCASE
  C:13A1H         PUBLIC        ?C?CCASE
  -------         ENDMOD        ?C?CCASE

  -------         MODULE        ?C_IBP
  D:0017H         PUBLIC        ?C_IBP
  -------         ENDMOD        ?C_IBP

  -------         MODULE        ISSPACE
BL51 BANKED LINKER/LOCATER V6.22                                                      11/18/2013  15:34:05  PAGE 50


  C:3213H         PUBLIC        _isspace
  -------         ENDMOD        ISSPACE

  -------         MODULE        ?C?STRCPY
  C:1493H         PUBLIC        ?C?STRCPY
  -------         ENDMOD        ?C?STRCPY

  -------         MODULE        STRNCPY
  D:0040H         PUBLIC        ?_strncpy?BYTE
  C:2D44H         PUBLIC        _strncpy
  -------         ENDMOD        STRNCPY

  -------         MODULE        ATOI
  C:2572H         PUBLIC        _atoi
  -------         ENDMOD        ATOI

  -------         MODULE        ?C?MEMSET
  C:14B0H         PUBLIC        ?C?MEMSET
  -------         ENDMOD        ?C?MEMSET

  -------         MODULE        ?C?UIDIV
  C:14DCH         PUBLIC        ?C?UIDIV
  -------         ENDMOD        ?C?UIDIV

  -------         MODULE        ?C?IILDX
  C:1531H         PUBLIC        ?C?IILDX
  -------         ENDMOD        ?C?IILDX

  -------         MODULE        ?C?PLDIDATA
  C:1547H         PUBLIC        ?C?PLDIDATA
  -------         ENDMOD        ?C?PLDIDATA

  -------         MODULE        ?C?PLDXDATA
  C:1550H         PUBLIC        ?C?PLDXDATA
  -------         ENDMOD        ?C?PLDXDATA

  -------         MODULE        ?C?PLDPDATA
  C:1559H         PUBLIC        ?C?PLDPDATA
  -------         ENDMOD        ?C?PLDPDATA

  -------         MODULE        ?C?PLDCODE
  C:1562H         PUBLIC        ?C?PLDCODE
  -------         ENDMOD        ?C?PLDCODE

  -------         MODULE        ISDIGIT
  C:3226H         PUBLIC        _isdigit
  -------         ENDMOD        ISDIGIT

Program Size: data=158.3 xdata=3550 code=20587
LINK/LOCATE RUN COMPLETE.  0 WARNING(S),  0 ERROR(S)
